<!doctype html public "-//w3c//dtd html 4.0 transitional//en">
<html><head>
<title>Static Call Graph - [.\Objects\test.axf]</title></head>
<body><HR>
<H1>Static Call Graph for image .\Objects\test.axf</H1><HR>
<BR><P>#&#060CALLGRAPH&#062# ARM Linker, 5060750: Last Updated: Thu Mar 05 13:54:10 2020
<BR><P>
<H3>Maximum Stack Usage =         28 bytes + Unknown(Cycles, Untraceable Function Pointers)</H3><H3>
Call chain for Maximum Stack Depth:</H3>
__rt_entry_main &rArr; main &rArr; PORT_init &rArr; GpioSetDirection &rArr; __ARM_common_switch8
<P>
<H3>
Mutually Recursive functions
</H3> <LI><a href="#[10]">NMI_Handler</a>&nbsp;&nbsp;&nbsp;&rArr;&nbsp;&nbsp;&nbsp;<a href="#[10]">NMI_Handler</a><BR>
 <LI><a href="#[11]">HardFault_Handler</a>&nbsp;&nbsp;&nbsp;&rArr;&nbsp;&nbsp;&nbsp;<a href="#[11]">HardFault_Handler</a><BR>
 <LI><a href="#[12]">SVC_Handler</a>&nbsp;&nbsp;&nbsp;&rArr;&nbsp;&nbsp;&nbsp;<a href="#[12]">SVC_Handler</a><BR>
 <LI><a href="#[13]">PendSV_Handler</a>&nbsp;&nbsp;&nbsp;&rArr;&nbsp;&nbsp;&nbsp;<a href="#[13]">PendSV_Handler</a><BR>
 <LI><a href="#[14]">SysTick_Handler</a>&nbsp;&nbsp;&nbsp;&rArr;&nbsp;&nbsp;&nbsp;<a href="#[14]">SysTick_Handler</a><BR>
 <LI><a href="#[31]">ADC0_IRQHandler</a>&nbsp;&nbsp;&nbsp;&rArr;&nbsp;&nbsp;&nbsp;<a href="#[31]">ADC0_IRQHandler</a><BR>
</UL>
<P>
<H3>
Function Pointers
</H3><UL>
 <LI><a href="#[31]">ADC0_IRQHandler</a> from startup_s32k116.o(.text) referenced from startup_s32k116.o(RESET)
 <LI><a href="#[20]">CAN0_ORed_0_31_MB_IRQHandler</a> from startup_s32k116.o(.text) referenced from startup_s32k116.o(RESET)
 <LI><a href="#[1f]">CAN0_ORed_Err_Wakeup_IRQHandler</a> from startup_s32k116.o(.text) referenced from startup_s32k116.o(RESET)
 <LI><a href="#[32]">CMP0_IRQHandler</a> from startup_s32k116.o(.text) referenced from startup_s32k116.o(RESET)
 <LI><a href="#[15]">DMA0_IRQHandler</a> from startup_s32k116.o(.text) referenced from startup_s32k116.o(RESET)
 <LI><a href="#[16]">DMA1_IRQHandler</a> from startup_s32k116.o(.text) referenced from startup_s32k116.o(RESET)
 <LI><a href="#[17]">DMA2_IRQHandler</a> from startup_s32k116.o(.text) referenced from startup_s32k116.o(RESET)
 <LI><a href="#[18]">DMA3_IRQHandler</a> from startup_s32k116.o(.text) referenced from startup_s32k116.o(RESET)
 <LI><a href="#[19]">DMA_Error_IRQHandler</a> from startup_s32k116.o(.text) referenced from startup_s32k116.o(RESET)
 <LI><a href="#[1a]">ERM_fault_IRQHandler</a> from startup_s32k116.o(.text) referenced from startup_s32k116.o(RESET)
 <LI><a href="#[2e]">FLEXIO_IRQHandler</a> from startup_s32k116.o(.text) referenced from startup_s32k116.o(RESET)
 <LI><a href="#[27]">FTFC_IRQHandler</a> from startup_s32k116.o(.text) referenced from startup_s32k116.o(RESET)
 <LI><a href="#[21]">FTM0_Ch0_7_IRQHandler</a> from startup_s32k116.o(.text) referenced from startup_s32k116.o(RESET)
 <LI><a href="#[22]">FTM0_Fault_IRQHandler</a> from startup_s32k116.o(.text) referenced from startup_s32k116.o(RESET)
 <LI><a href="#[23]">FTM0_Ovf_Reload_IRQHandler</a> from startup_s32k116.o(.text) referenced from startup_s32k116.o(RESET)
 <LI><a href="#[24]">FTM1_Ch0_7_IRQHandler</a> from startup_s32k116.o(.text) referenced from startup_s32k116.o(RESET)
 <LI><a href="#[25]">FTM1_Fault_IRQHandler</a> from startup_s32k116.o(.text) referenced from startup_s32k116.o(RESET)
 <LI><a href="#[26]">FTM1_Ovf_Reload_IRQHandler</a> from startup_s32k116.o(.text) referenced from startup_s32k116.o(RESET)
 <LI><a href="#[11]">HardFault_Handler</a> from startup_s32k116.o(.text) referenced from startup_s32k116.o(RESET)
 <LI><a href="#[2d]">LPI2C0_Master_Slave_IRQHandler</a> from startup_s32k116.o(.text) referenced from startup_s32k116.o(RESET)
 <LI><a href="#[29]">LPIT0_IRQHandler</a> from startup_s32k116.o(.text) referenced from startup_s32k116.o(RESET)
 <LI><a href="#[2f]">LPSPI0_IRQHandler</a> from startup_s32k116.o(.text) referenced from startup_s32k116.o(RESET)
 <LI><a href="#[1d]">LPTMR0_IRQHandler</a> from startup_s32k116.o(.text) referenced from startup_s32k116.o(RESET)
 <LI><a href="#[34]">LPUART0_RxTx_IRQHandler</a> from startup_s32k116.o(.text) referenced from startup_s32k116.o(RESET)
 <LI><a href="#[33]">LPUART1_RxTx_IRQHandler</a> from startup_s32k116.o(.text) referenced from startup_s32k116.o(RESET)
 <LI><a href="#[10]">NMI_Handler</a> from startup_s32k116.o(.text) referenced from startup_s32k116.o(RESET)
 <LI><a href="#[28]">PDB0_IRQHandler</a> from startup_s32k116.o(.text) referenced from startup_s32k116.o(RESET)
 <LI><a href="#[1e]">PORT_IRQHandler</a> from startup_s32k116.o(.text) referenced from startup_s32k116.o(RESET)
 <LI><a href="#[13]">PendSV_Handler</a> from startup_s32k116.o(.text) referenced from startup_s32k116.o(RESET)
 <LI><a href="#[2c]">RCM_IRQHandler</a> from startup_s32k116.o(.text) referenced from startup_s32k116.o(RESET)
 <LI><a href="#[1b]">RTC_IRQHandler</a> from startup_s32k116.o(.text) referenced from startup_s32k116.o(RESET)
 <LI><a href="#[1c]">RTC_Seconds_IRQHandler</a> from startup_s32k116.o(.text) referenced from startup_s32k116.o(RESET)
 <LI><a href="#[30]">Reserved27_IRQHandler</a> from startup_s32k116.o(.text) referenced from startup_s32k116.o(RESET)
 <LI><a href="#[f]">Reset_Handler</a> from startup_s32k116.o(.text) referenced from startup_s32k116.o(RESET)
 <LI><a href="#[2a]">SCG_CMU_LVD_LVWSCG_IRQHandler</a> from startup_s32k116.o(.text) referenced from startup_s32k116.o(RESET)
 <LI><a href="#[12]">SVC_Handler</a> from startup_s32k116.o(.text) referenced from startup_s32k116.o(RESET)
 <LI><a href="#[14]">SysTick_Handler</a> from startup_s32k116.o(.text) referenced from startup_s32k116.o(RESET)
 <LI><a href="#[35]">SystemInit</a> from system_s32k116.o(i.SystemInit) referenced from startup_s32k116.o(.text)
 <LI><a href="#[2b]">WDOG_IRQHandler</a> from startup_s32k116.o(.text) referenced from startup_s32k116.o(RESET)
 <LI><a href="#[38]">__main</a> from __main.o(!!!main) referenced from startup_s32k116.o(.text)
 <LI><a href="#[36]">init_data_bss</a> from startup.o(i.init_data_bss) referenced from startup_s32k116.o(.text)
</UL>
<P>
<H3>
Global Symbols
</H3>
<P><STRONG><a name="[38]"></a>__main</STRONG> (Thumb, 8 bytes, Stack size 0 bytes, __main.o(!!!main))
<BR><BR>[Calls]<UL><LI><a href="#[53]">&gt;&gt;</a>&nbsp;&nbsp;&nbsp;__rt_entry
<LI><a href="#[52]">&gt;&gt;</a>&nbsp;&nbsp;&nbsp;__scatterload
</UL>

<P><STRONG><a name="[52]"></a>__scatterload</STRONG> (Thumb, 0 bytes, Stack size unknown bytes, __scatter.o(!!!scatter))
<BR><BR>[Called By]<UL><LI><a href="#[38]">&gt;&gt;</a>&nbsp;&nbsp;&nbsp;__main
</UL>

<P><STRONG><a name="[54]"></a>__scatterload_rt2</STRONG> (Thumb, 52 bytes, Stack size unknown bytes, __scatter.o(!!!scatter), UNUSED)
<BR><BR>[Calls]<UL><LI><a href="#[53]">&gt;&gt;</a>&nbsp;&nbsp;&nbsp;__rt_entry
</UL>

<P><STRONG><a name="[56]"></a>__scatterload_rt2_thumb_only</STRONG> (Thumb, 0 bytes, Stack size unknown bytes, __scatter.o(!!!scatter), UNUSED)

<P><STRONG><a name="[57]"></a>__scatterload_null</STRONG> (Thumb, 0 bytes, Stack size unknown bytes, __scatter.o(!!!scatter), UNUSED)

<P><STRONG><a name="[55]"></a>__scatterload_copy</STRONG> (Thumb, 26 bytes, Stack size unknown bytes, __scatter_copy.o(!!handler_copy), UNUSED)
<BR><BR>[Calls]<UL><LI><a href="#[55]">&gt;&gt;</a>&nbsp;&nbsp;&nbsp;__scatterload_copy
</UL>
<BR>[Called By]<UL><LI><a href="#[55]">&gt;&gt;</a>&nbsp;&nbsp;&nbsp;__scatterload_copy
</UL>

<P><STRONG><a name="[3a]"></a>__rt_lib_init</STRONG> (Thumb, 0 bytes, Stack size unknown bytes, libinit.o(.ARM.Collect$$libinit$$00000000))
<BR><BR>[Called By]<UL><LI><a href="#[39]">&gt;&gt;</a>&nbsp;&nbsp;&nbsp;__rt_entry_li
</UL>

<P><STRONG><a name="[58]"></a>__rt_lib_init_alloca_1</STRONG> (Thumb, 0 bytes, Stack size unknown bytes, libinit2.o(.ARM.Collect$$libinit$$0000002E))

<P><STRONG><a name="[59]"></a>__rt_lib_init_argv_1</STRONG> (Thumb, 0 bytes, Stack size unknown bytes, libinit2.o(.ARM.Collect$$libinit$$0000002C))

<P><STRONG><a name="[5a]"></a>__rt_lib_init_atexit_1</STRONG> (Thumb, 0 bytes, Stack size unknown bytes, libinit2.o(.ARM.Collect$$libinit$$0000001B))

<P><STRONG><a name="[5b]"></a>__rt_lib_init_clock_1</STRONG> (Thumb, 0 bytes, Stack size unknown bytes, libinit2.o(.ARM.Collect$$libinit$$00000021))

<P><STRONG><a name="[5c]"></a>__rt_lib_init_cpp_1</STRONG> (Thumb, 0 bytes, Stack size unknown bytes, libinit2.o(.ARM.Collect$$libinit$$00000032))

<P><STRONG><a name="[5d]"></a>__rt_lib_init_exceptions_1</STRONG> (Thumb, 0 bytes, Stack size unknown bytes, libinit2.o(.ARM.Collect$$libinit$$00000030))

<P><STRONG><a name="[5e]"></a>__rt_lib_init_fp_1</STRONG> (Thumb, 0 bytes, Stack size unknown bytes, libinit2.o(.ARM.Collect$$libinit$$00000002))

<P><STRONG><a name="[5f]"></a>__rt_lib_init_fp_trap_1</STRONG> (Thumb, 0 bytes, Stack size unknown bytes, libinit2.o(.ARM.Collect$$libinit$$0000001F))

<P><STRONG><a name="[60]"></a>__rt_lib_init_getenv_1</STRONG> (Thumb, 0 bytes, Stack size unknown bytes, libinit2.o(.ARM.Collect$$libinit$$00000023))

<P><STRONG><a name="[61]"></a>__rt_lib_init_heap_1</STRONG> (Thumb, 0 bytes, Stack size unknown bytes, libinit2.o(.ARM.Collect$$libinit$$0000000A))

<P><STRONG><a name="[62]"></a>__rt_lib_init_lc_collate_1</STRONG> (Thumb, 0 bytes, Stack size unknown bytes, libinit2.o(.ARM.Collect$$libinit$$00000011))

<P><STRONG><a name="[63]"></a>__rt_lib_init_lc_ctype_1</STRONG> (Thumb, 0 bytes, Stack size unknown bytes, libinit2.o(.ARM.Collect$$libinit$$00000013))

<P><STRONG><a name="[64]"></a>__rt_lib_init_lc_monetary_1</STRONG> (Thumb, 0 bytes, Stack size unknown bytes, libinit2.o(.ARM.Collect$$libinit$$00000015))

<P><STRONG><a name="[65]"></a>__rt_lib_init_lc_numeric_1</STRONG> (Thumb, 0 bytes, Stack size unknown bytes, libinit2.o(.ARM.Collect$$libinit$$00000017))

<P><STRONG><a name="[66]"></a>__rt_lib_init_lc_time_1</STRONG> (Thumb, 0 bytes, Stack size unknown bytes, libinit2.o(.ARM.Collect$$libinit$$00000019))

<P><STRONG><a name="[67]"></a>__rt_lib_init_preinit_1</STRONG> (Thumb, 0 bytes, Stack size unknown bytes, libinit2.o(.ARM.Collect$$libinit$$00000004))

<P><STRONG><a name="[68]"></a>__rt_lib_init_rand_1</STRONG> (Thumb, 0 bytes, Stack size unknown bytes, libinit2.o(.ARM.Collect$$libinit$$0000000E))

<P><STRONG><a name="[69]"></a>__rt_lib_init_return</STRONG> (Thumb, 0 bytes, Stack size unknown bytes, libinit2.o(.ARM.Collect$$libinit$$00000033))

<P><STRONG><a name="[6a]"></a>__rt_lib_init_signal_1</STRONG> (Thumb, 0 bytes, Stack size unknown bytes, libinit2.o(.ARM.Collect$$libinit$$0000001D))

<P><STRONG><a name="[6b]"></a>__rt_lib_init_stdio_1</STRONG> (Thumb, 0 bytes, Stack size unknown bytes, libinit2.o(.ARM.Collect$$libinit$$00000025))

<P><STRONG><a name="[6c]"></a>__rt_lib_init_user_alloc_1</STRONG> (Thumb, 0 bytes, Stack size unknown bytes, libinit2.o(.ARM.Collect$$libinit$$0000000C))

<P><STRONG><a name="[3f]"></a>__rt_lib_shutdown</STRONG> (Thumb, 0 bytes, Stack size unknown bytes, libshutdown.o(.ARM.Collect$$libshutdown$$00000000))
<BR><BR>[Called By]<UL><LI><a href="#[3e]">&gt;&gt;</a>&nbsp;&nbsp;&nbsp;__rt_exit_ls
</UL>

<P><STRONG><a name="[6d]"></a>__rt_lib_shutdown_cpp_1</STRONG> (Thumb, 0 bytes, Stack size unknown bytes, libshutdown2.o(.ARM.Collect$$libshutdown$$00000002))

<P><STRONG><a name="[6e]"></a>__rt_lib_shutdown_fp_trap_1</STRONG> (Thumb, 0 bytes, Stack size unknown bytes, libshutdown2.o(.ARM.Collect$$libshutdown$$00000007))

<P><STRONG><a name="[6f]"></a>__rt_lib_shutdown_heap_1</STRONG> (Thumb, 0 bytes, Stack size unknown bytes, libshutdown2.o(.ARM.Collect$$libshutdown$$0000000F))

<P><STRONG><a name="[70]"></a>__rt_lib_shutdown_return</STRONG> (Thumb, 0 bytes, Stack size unknown bytes, libshutdown2.o(.ARM.Collect$$libshutdown$$00000010))

<P><STRONG><a name="[71]"></a>__rt_lib_shutdown_signal_1</STRONG> (Thumb, 0 bytes, Stack size unknown bytes, libshutdown2.o(.ARM.Collect$$libshutdown$$0000000A))

<P><STRONG><a name="[72]"></a>__rt_lib_shutdown_stdio_1</STRONG> (Thumb, 0 bytes, Stack size unknown bytes, libshutdown2.o(.ARM.Collect$$libshutdown$$00000004))

<P><STRONG><a name="[73]"></a>__rt_lib_shutdown_user_alloc_1</STRONG> (Thumb, 0 bytes, Stack size unknown bytes, libshutdown2.o(.ARM.Collect$$libshutdown$$0000000C))

<P><STRONG><a name="[53]"></a>__rt_entry</STRONG> (Thumb, 0 bytes, Stack size unknown bytes, __rtentry.o(.ARM.Collect$$rtentry$$00000000))
<BR><BR>[Called By]<UL><LI><a href="#[38]">&gt;&gt;</a>&nbsp;&nbsp;&nbsp;__main
<LI><a href="#[54]">&gt;&gt;</a>&nbsp;&nbsp;&nbsp;__scatterload_rt2
</UL>

<P><STRONG><a name="[74]"></a>__rt_entry_presh_1</STRONG> (Thumb, 0 bytes, Stack size unknown bytes, __rtentry2.o(.ARM.Collect$$rtentry$$00000002))

<P><STRONG><a name="[75]"></a>__rt_entry_sh</STRONG> (Thumb, 0 bytes, Stack size unknown bytes, __rtentry7.o(.ARM.Collect$$rtentry$$00000007))

<P><STRONG><a name="[39]"></a>__rt_entry_li</STRONG> (Thumb, 0 bytes, Stack size unknown bytes, __rtentry2.o(.ARM.Collect$$rtentry$$0000000A))
<BR><BR>[Calls]<UL><LI><a href="#[3a]">&gt;&gt;</a>&nbsp;&nbsp;&nbsp;__rt_lib_init
</UL>

<P><STRONG><a name="[76]"></a>__rt_entry_postsh_1</STRONG> (Thumb, 0 bytes, Stack size unknown bytes, __rtentry2.o(.ARM.Collect$$rtentry$$00000009))

<P><STRONG><a name="[3b]"></a>__rt_entry_main</STRONG> (Thumb, 0 bytes, Stack size unknown bytes, __rtentry2.o(.ARM.Collect$$rtentry$$0000000D))
<BR><BR>[Stack]<UL><LI>Max Depth = 28 + Unknown Stack Size
<LI>Call Chain = __rt_entry_main &rArr; main &rArr; PORT_init &rArr; GpioSetDirection &rArr; __ARM_common_switch8
</UL>
<BR>[Calls]<UL><LI><a href="#[3c]">&gt;&gt;</a>&nbsp;&nbsp;&nbsp;main
<LI><a href="#[3d]">&gt;&gt;</a>&nbsp;&nbsp;&nbsp;exit
</UL>

<P><STRONG><a name="[77]"></a>__rt_entry_postli_1</STRONG> (Thumb, 0 bytes, Stack size unknown bytes, __rtentry2.o(.ARM.Collect$$rtentry$$0000000C))

<P><STRONG><a name="[43]"></a>__rt_exit</STRONG> (Thumb, 0 bytes, Stack size unknown bytes, rtexit.o(.ARM.Collect$$rtexit$$00000000))
<BR><BR>[Called By]<UL><LI><a href="#[3d]">&gt;&gt;</a>&nbsp;&nbsp;&nbsp;exit
</UL>

<P><STRONG><a name="[3e]"></a>__rt_exit_ls</STRONG> (Thumb, 0 bytes, Stack size unknown bytes, rtexit2.o(.ARM.Collect$$rtexit$$00000003))
<BR><BR>[Calls]<UL><LI><a href="#[3f]">&gt;&gt;</a>&nbsp;&nbsp;&nbsp;__rt_lib_shutdown
</UL>

<P><STRONG><a name="[78]"></a>__rt_exit_prels_1</STRONG> (Thumb, 0 bytes, Stack size unknown bytes, rtexit2.o(.ARM.Collect$$rtexit$$00000002))

<P><STRONG><a name="[40]"></a>__rt_exit_exit</STRONG> (Thumb, 0 bytes, Stack size unknown bytes, rtexit2.o(.ARM.Collect$$rtexit$$00000004))
<BR><BR>[Calls]<UL><LI><a href="#[41]">&gt;&gt;</a>&nbsp;&nbsp;&nbsp;_sys_exit
</UL>

<P><STRONG><a name="[f]"></a>Reset_Handler</STRONG> (Thumb, 52 bytes, Stack size 0 bytes, startup_s32k116.o(.text))
<BR>[Address Reference Count : 1]<UL><LI> startup_s32k116.o(RESET)
</UL>
<P><STRONG><a name="[10]"></a>NMI_Handler</STRONG> (Thumb, 2 bytes, Stack size 0 bytes, startup_s32k116.o(.text))
<BR><BR>[Calls]<UL><LI><a href="#[10]">&gt;&gt;</a>&nbsp;&nbsp;&nbsp;NMI_Handler
</UL>
<BR>[Called By]<UL><LI><a href="#[10]">&gt;&gt;</a>&nbsp;&nbsp;&nbsp;NMI_Handler
</UL>
<BR>[Address Reference Count : 1]<UL><LI> startup_s32k116.o(RESET)
</UL>
<P><STRONG><a name="[11]"></a>HardFault_Handler</STRONG> (Thumb, 2 bytes, Stack size 0 bytes, startup_s32k116.o(.text))
<BR><BR>[Calls]<UL><LI><a href="#[11]">&gt;&gt;</a>&nbsp;&nbsp;&nbsp;HardFault_Handler
</UL>
<BR>[Called By]<UL><LI><a href="#[11]">&gt;&gt;</a>&nbsp;&nbsp;&nbsp;HardFault_Handler
</UL>
<BR>[Address Reference Count : 1]<UL><LI> startup_s32k116.o(RESET)
</UL>
<P><STRONG><a name="[12]"></a>SVC_Handler</STRONG> (Thumb, 2 bytes, Stack size 0 bytes, startup_s32k116.o(.text))
<BR><BR>[Calls]<UL><LI><a href="#[12]">&gt;&gt;</a>&nbsp;&nbsp;&nbsp;SVC_Handler
</UL>
<BR>[Called By]<UL><LI><a href="#[12]">&gt;&gt;</a>&nbsp;&nbsp;&nbsp;SVC_Handler
</UL>
<BR>[Address Reference Count : 1]<UL><LI> startup_s32k116.o(RESET)
</UL>
<P><STRONG><a name="[13]"></a>PendSV_Handler</STRONG> (Thumb, 2 bytes, Stack size 0 bytes, startup_s32k116.o(.text))
<BR><BR>[Calls]<UL><LI><a href="#[13]">&gt;&gt;</a>&nbsp;&nbsp;&nbsp;PendSV_Handler
</UL>
<BR>[Called By]<UL><LI><a href="#[13]">&gt;&gt;</a>&nbsp;&nbsp;&nbsp;PendSV_Handler
</UL>
<BR>[Address Reference Count : 1]<UL><LI> startup_s32k116.o(RESET)
</UL>
<P><STRONG><a name="[14]"></a>SysTick_Handler</STRONG> (Thumb, 2 bytes, Stack size 0 bytes, startup_s32k116.o(.text))
<BR><BR>[Calls]<UL><LI><a href="#[14]">&gt;&gt;</a>&nbsp;&nbsp;&nbsp;SysTick_Handler
</UL>
<BR>[Called By]<UL><LI><a href="#[14]">&gt;&gt;</a>&nbsp;&nbsp;&nbsp;SysTick_Handler
</UL>
<BR>[Address Reference Count : 1]<UL><LI> startup_s32k116.o(RESET)
</UL>
<P><STRONG><a name="[31]"></a>ADC0_IRQHandler</STRONG> (Thumb, 0 bytes, Stack size 0 bytes, startup_s32k116.o(.text))
<BR><BR>[Calls]<UL><LI><a href="#[31]">&gt;&gt;</a>&nbsp;&nbsp;&nbsp;ADC0_IRQHandler
</UL>
<BR>[Called By]<UL><LI><a href="#[31]">&gt;&gt;</a>&nbsp;&nbsp;&nbsp;ADC0_IRQHandler
</UL>
<BR>[Address Reference Count : 1]<UL><LI> startup_s32k116.o(RESET)
</UL>
<P><STRONG><a name="[20]"></a>CAN0_ORed_0_31_MB_IRQHandler</STRONG> (Thumb, 0 bytes, Stack size 0 bytes, startup_s32k116.o(.text))
<BR>[Address Reference Count : 1]<UL><LI> startup_s32k116.o(RESET)
</UL>
<P><STRONG><a name="[1f]"></a>CAN0_ORed_Err_Wakeup_IRQHandler</STRONG> (Thumb, 0 bytes, Stack size 0 bytes, startup_s32k116.o(.text))
<BR>[Address Reference Count : 1]<UL><LI> startup_s32k116.o(RESET)
</UL>
<P><STRONG><a name="[32]"></a>CMP0_IRQHandler</STRONG> (Thumb, 0 bytes, Stack size 0 bytes, startup_s32k116.o(.text))
<BR>[Address Reference Count : 1]<UL><LI> startup_s32k116.o(RESET)
</UL>
<P><STRONG><a name="[15]"></a>DMA0_IRQHandler</STRONG> (Thumb, 0 bytes, Stack size 0 bytes, startup_s32k116.o(.text))
<BR>[Address Reference Count : 1]<UL><LI> startup_s32k116.o(RESET)
</UL>
<P><STRONG><a name="[16]"></a>DMA1_IRQHandler</STRONG> (Thumb, 0 bytes, Stack size 0 bytes, startup_s32k116.o(.text))
<BR>[Address Reference Count : 1]<UL><LI> startup_s32k116.o(RESET)
</UL>
<P><STRONG><a name="[17]"></a>DMA2_IRQHandler</STRONG> (Thumb, 0 bytes, Stack size 0 bytes, startup_s32k116.o(.text))
<BR>[Address Reference Count : 1]<UL><LI> startup_s32k116.o(RESET)
</UL>
<P><STRONG><a name="[18]"></a>DMA3_IRQHandler</STRONG> (Thumb, 0 bytes, Stack size 0 bytes, startup_s32k116.o(.text))
<BR>[Address Reference Count : 1]<UL><LI> startup_s32k116.o(RESET)
</UL>
<P><STRONG><a name="[19]"></a>DMA_Error_IRQHandler</STRONG> (Thumb, 0 bytes, Stack size 0 bytes, startup_s32k116.o(.text))
<BR>[Address Reference Count : 1]<UL><LI> startup_s32k116.o(RESET)
</UL>
<P><STRONG><a name="[1a]"></a>ERM_fault_IRQHandler</STRONG> (Thumb, 0 bytes, Stack size 0 bytes, startup_s32k116.o(.text))
<BR>[Address Reference Count : 1]<UL><LI> startup_s32k116.o(RESET)
</UL>
<P><STRONG><a name="[2e]"></a>FLEXIO_IRQHandler</STRONG> (Thumb, 0 bytes, Stack size 0 bytes, startup_s32k116.o(.text))
<BR>[Address Reference Count : 1]<UL><LI> startup_s32k116.o(RESET)
</UL>
<P><STRONG><a name="[27]"></a>FTFC_IRQHandler</STRONG> (Thumb, 0 bytes, Stack size 0 bytes, startup_s32k116.o(.text))
<BR>[Address Reference Count : 1]<UL><LI> startup_s32k116.o(RESET)
</UL>
<P><STRONG><a name="[21]"></a>FTM0_Ch0_7_IRQHandler</STRONG> (Thumb, 0 bytes, Stack size 0 bytes, startup_s32k116.o(.text))
<BR>[Address Reference Count : 1]<UL><LI> startup_s32k116.o(RESET)
</UL>
<P><STRONG><a name="[22]"></a>FTM0_Fault_IRQHandler</STRONG> (Thumb, 0 bytes, Stack size 0 bytes, startup_s32k116.o(.text))
<BR>[Address Reference Count : 1]<UL><LI> startup_s32k116.o(RESET)
</UL>
<P><STRONG><a name="[23]"></a>FTM0_Ovf_Reload_IRQHandler</STRONG> (Thumb, 0 bytes, Stack size 0 bytes, startup_s32k116.o(.text))
<BR>[Address Reference Count : 1]<UL><LI> startup_s32k116.o(RESET)
</UL>
<P><STRONG><a name="[24]"></a>FTM1_Ch0_7_IRQHandler</STRONG> (Thumb, 0 bytes, Stack size 0 bytes, startup_s32k116.o(.text))
<BR>[Address Reference Count : 1]<UL><LI> startup_s32k116.o(RESET)
</UL>
<P><STRONG><a name="[25]"></a>FTM1_Fault_IRQHandler</STRONG> (Thumb, 0 bytes, Stack size 0 bytes, startup_s32k116.o(.text))
<BR>[Address Reference Count : 1]<UL><LI> startup_s32k116.o(RESET)
</UL>
<P><STRONG><a name="[26]"></a>FTM1_Ovf_Reload_IRQHandler</STRONG> (Thumb, 0 bytes, Stack size 0 bytes, startup_s32k116.o(.text))
<BR>[Address Reference Count : 1]<UL><LI> startup_s32k116.o(RESET)
</UL>
<P><STRONG><a name="[2d]"></a>LPI2C0_Master_Slave_IRQHandler</STRONG> (Thumb, 0 bytes, Stack size 0 bytes, startup_s32k116.o(.text))
<BR>[Address Reference Count : 1]<UL><LI> startup_s32k116.o(RESET)
</UL>
<P><STRONG><a name="[29]"></a>LPIT0_IRQHandler</STRONG> (Thumb, 0 bytes, Stack size 0 bytes, startup_s32k116.o(.text))
<BR>[Address Reference Count : 1]<UL><LI> startup_s32k116.o(RESET)
</UL>
<P><STRONG><a name="[2f]"></a>LPSPI0_IRQHandler</STRONG> (Thumb, 0 bytes, Stack size 0 bytes, startup_s32k116.o(.text))
<BR>[Address Reference Count : 1]<UL><LI> startup_s32k116.o(RESET)
</UL>
<P><STRONG><a name="[1d]"></a>LPTMR0_IRQHandler</STRONG> (Thumb, 0 bytes, Stack size 0 bytes, startup_s32k116.o(.text))
<BR>[Address Reference Count : 1]<UL><LI> startup_s32k116.o(RESET)
</UL>
<P><STRONG><a name="[34]"></a>LPUART0_RxTx_IRQHandler</STRONG> (Thumb, 0 bytes, Stack size 0 bytes, startup_s32k116.o(.text))
<BR>[Address Reference Count : 1]<UL><LI> startup_s32k116.o(RESET)
</UL>
<P><STRONG><a name="[33]"></a>LPUART1_RxTx_IRQHandler</STRONG> (Thumb, 0 bytes, Stack size 0 bytes, startup_s32k116.o(.text))
<BR>[Address Reference Count : 1]<UL><LI> startup_s32k116.o(RESET)
</UL>
<P><STRONG><a name="[28]"></a>PDB0_IRQHandler</STRONG> (Thumb, 0 bytes, Stack size 0 bytes, startup_s32k116.o(.text))
<BR>[Address Reference Count : 1]<UL><LI> startup_s32k116.o(RESET)
</UL>
<P><STRONG><a name="[1e]"></a>PORT_IRQHandler</STRONG> (Thumb, 0 bytes, Stack size 0 bytes, startup_s32k116.o(.text))
<BR>[Address Reference Count : 1]<UL><LI> startup_s32k116.o(RESET)
</UL>
<P><STRONG><a name="[2c]"></a>RCM_IRQHandler</STRONG> (Thumb, 0 bytes, Stack size 0 bytes, startup_s32k116.o(.text))
<BR>[Address Reference Count : 1]<UL><LI> startup_s32k116.o(RESET)
</UL>
<P><STRONG><a name="[1b]"></a>RTC_IRQHandler</STRONG> (Thumb, 0 bytes, Stack size 0 bytes, startup_s32k116.o(.text))
<BR>[Address Reference Count : 1]<UL><LI> startup_s32k116.o(RESET)
</UL>
<P><STRONG><a name="[1c]"></a>RTC_Seconds_IRQHandler</STRONG> (Thumb, 0 bytes, Stack size 0 bytes, startup_s32k116.o(.text))
<BR>[Address Reference Count : 1]<UL><LI> startup_s32k116.o(RESET)
</UL>
<P><STRONG><a name="[30]"></a>Reserved27_IRQHandler</STRONG> (Thumb, 0 bytes, Stack size 0 bytes, startup_s32k116.o(.text))
<BR>[Address Reference Count : 1]<UL><LI> startup_s32k116.o(RESET)
</UL>
<P><STRONG><a name="[2a]"></a>SCG_CMU_LVD_LVWSCG_IRQHandler</STRONG> (Thumb, 0 bytes, Stack size 0 bytes, startup_s32k116.o(.text))
<BR>[Address Reference Count : 1]<UL><LI> startup_s32k116.o(RESET)
</UL>
<P><STRONG><a name="[2b]"></a>WDOG_IRQHandler</STRONG> (Thumb, 0 bytes, Stack size 0 bytes, startup_s32k116.o(.text))
<BR>[Address Reference Count : 1]<UL><LI> startup_s32k116.o(RESET)
</UL>
<P><STRONG><a name="[79]"></a>__I$use$semihosting</STRONG> (Thumb, 0 bytes, Stack size 0 bytes, use_no_semi.o(.text), UNUSED)

<P><STRONG><a name="[7a]"></a>__use_no_semihosting_swi</STRONG> (Thumb, 2 bytes, Stack size 0 bytes, use_no_semi.o(.text), UNUSED)

<P><STRONG><a name="[7b]"></a>__semihosting_library_function</STRONG> (Thumb, 0 bytes, Stack size 8 bytes, indicate_semi.o(.text), UNUSED)

<P><STRONG><a name="[3d]"></a>exit</STRONG> (Thumb, 16 bytes, Stack size 8 bytes, exit.o(.text))
<BR><BR>[Stack]<UL><LI>Max Depth = 8 + Unknown Stack Size
<LI>Call Chain = exit
</UL>
<BR>[Calls]<UL><LI><a href="#[43]">&gt;&gt;</a>&nbsp;&nbsp;&nbsp;__rt_exit
<LI><a href="#[42]">&gt;&gt;</a>&nbsp;&nbsp;&nbsp;_call_atexit_fns (Weak Reference)
</UL>
<BR>[Called By]<UL><LI><a href="#[3b]">&gt;&gt;</a>&nbsp;&nbsp;&nbsp;__rt_entry_main
</UL>

<P><STRONG><a name="[41]"></a>_sys_exit</STRONG> (Thumb, 8 bytes, Stack size 0 bytes, sys_exit.o(.text))
<BR><BR>[Called By]<UL><LI><a href="#[40]">&gt;&gt;</a>&nbsp;&nbsp;&nbsp;__rt_exit_exit
</UL>

<P><STRONG><a name="[4e]"></a>FLEXCAN0_init</STRONG> (Thumb, 194 bytes, Stack size 0 bytes, flexcan.o(i.FLEXCAN0_init))
<BR><BR>[Called By]<UL><LI><a href="#[3c]">&gt;&gt;</a>&nbsp;&nbsp;&nbsp;main
</UL>

<P><STRONG><a name="[51]"></a>FLEXCAN0_receive_msg</STRONG> (Thumb, 100 bytes, Stack size 8 bytes, flexcan.o(i.FLEXCAN0_receive_msg))
<BR><BR>[Stack]<UL><LI>Max Depth = 8<LI>Call Chain = FLEXCAN0_receive_msg
</UL>
<BR>[Called By]<UL><LI><a href="#[3c]">&gt;&gt;</a>&nbsp;&nbsp;&nbsp;main
</UL>

<P><STRONG><a name="[50]"></a>FLEXCAN0_transmit_msg</STRONG> (Thumb, 32 bytes, Stack size 0 bytes, flexcan.o(i.FLEXCAN0_transmit_msg))
<BR><BR>[Called By]<UL><LI><a href="#[3c]">&gt;&gt;</a>&nbsp;&nbsp;&nbsp;main
</UL>

<P><STRONG><a name="[4a]"></a>GpioInit</STRONG> (Thumb, 64 bytes, Stack size 0 bytes, gpio.o(i.GpioInit))
<BR><BR>[Called By]<UL><LI><a href="#[49]">&gt;&gt;</a>&nbsp;&nbsp;&nbsp;PORT_init
</UL>

<P><STRONG><a name="[44]"></a>GpioSetDirection</STRONG> (Thumb, 306 bytes, Stack size 12 bytes, gpio.o(i.GpioSetDirection))
<BR><BR>[Stack]<UL><LI>Max Depth = 20<LI>Call Chain = GpioSetDirection &rArr; __ARM_common_switch8
</UL>
<BR>[Calls]<UL><LI><a href="#[45]">&gt;&gt;</a>&nbsp;&nbsp;&nbsp;__ARM_common_switch8
</UL>
<BR>[Called By]<UL><LI><a href="#[49]">&gt;&gt;</a>&nbsp;&nbsp;&nbsp;PORT_init
</UL>

<P><STRONG><a name="[46]"></a>GpioSetVal</STRONG> (Thumb, 246 bytes, Stack size 8 bytes, gpio.o(i.GpioSetVal))
<BR><BR>[Stack]<UL><LI>Max Depth = 16<LI>Call Chain = GpioSetVal &rArr; __ARM_common_switch8
</UL>
<BR>[Calls]<UL><LI><a href="#[45]">&gt;&gt;</a>&nbsp;&nbsp;&nbsp;__ARM_common_switch8
</UL>
<BR>[Called By]<UL><LI><a href="#[49]">&gt;&gt;</a>&nbsp;&nbsp;&nbsp;PORT_init
</UL>

<P><STRONG><a name="[4f]"></a>LPUART0_init</STRONG> (Thumb, 42 bytes, Stack size 0 bytes, lpuart_s32k11x.o(i.LPUART0_init))
<BR><BR>[Called By]<UL><LI><a href="#[3c]">&gt;&gt;</a>&nbsp;&nbsp;&nbsp;main
</UL>

<P><STRONG><a name="[48]"></a>LPUART0_transmit_char</STRONG> (Thumb, 24 bytes, Stack size 0 bytes, lpuart_s32k11x.o(i.LPUART0_transmit_char))
<BR><BR>[Called By]<UL><LI><a href="#[47]">&gt;&gt;</a>&nbsp;&nbsp;&nbsp;LPUART0_transmit_string
</UL>

<P><STRONG><a name="[47]"></a>LPUART0_transmit_string</STRONG> (Thumb, 24 bytes, Stack size 8 bytes, lpuart_s32k11x.o(i.LPUART0_transmit_string))
<BR><BR>[Stack]<UL><LI>Max Depth = 8<LI>Call Chain = LPUART0_transmit_string
</UL>
<BR>[Calls]<UL><LI><a href="#[48]">&gt;&gt;</a>&nbsp;&nbsp;&nbsp;LPUART0_transmit_char
</UL>
<BR>[Called By]<UL><LI><a href="#[3c]">&gt;&gt;</a>&nbsp;&nbsp;&nbsp;main
</UL>

<P><STRONG><a name="[49]"></a>PORT_init</STRONG> (Thumb, 180 bytes, Stack size 8 bytes, main.o(i.PORT_init))
<BR><BR>[Stack]<UL><LI>Max Depth = 28<LI>Call Chain = PORT_init &rArr; GpioSetDirection &rArr; __ARM_common_switch8
</UL>
<BR>[Calls]<UL><LI><a href="#[46]">&gt;&gt;</a>&nbsp;&nbsp;&nbsp;GpioSetVal
<LI><a href="#[44]">&gt;&gt;</a>&nbsp;&nbsp;&nbsp;GpioSetDirection
<LI><a href="#[4a]">&gt;&gt;</a>&nbsp;&nbsp;&nbsp;GpioInit
</UL>
<BR>[Called By]<UL><LI><a href="#[3c]">&gt;&gt;</a>&nbsp;&nbsp;&nbsp;main
</UL>

<P><STRONG><a name="[4d]"></a>RUN_mode_48MHz</STRONG> (Thumb, 38 bytes, Stack size 0 bytes, clocks_and_modes_s32k11x.o(i.RUN_mode_48MHz))
<BR><BR>[Called By]<UL><LI><a href="#[3c]">&gt;&gt;</a>&nbsp;&nbsp;&nbsp;main
</UL>

<P><STRONG><a name="[4c]"></a>SOSC_init_40MHz</STRONG> (Thumb, 52 bytes, Stack size 0 bytes, clocks_and_modes_s32k11x.o(i.SOSC_init_40MHz))
<BR><BR>[Called By]<UL><LI><a href="#[3c]">&gt;&gt;</a>&nbsp;&nbsp;&nbsp;main
</UL>

<P><STRONG><a name="[35]"></a>SystemInit</STRONG> (Thumb, 20 bytes, Stack size 0 bytes, system_s32k116.o(i.SystemInit))
<BR>[Address Reference Count : 1]<UL><LI> startup_s32k116.o(.text)
</UL>
<P><STRONG><a name="[4b]"></a>WDOG_disable</STRONG> (Thumb, 18 bytes, Stack size 0 bytes, main.o(i.WDOG_disable))
<BR><BR>[Called By]<UL><LI><a href="#[3c]">&gt;&gt;</a>&nbsp;&nbsp;&nbsp;main
</UL>

<P><STRONG><a name="[45]"></a>__ARM_common_switch8</STRONG> (Thumb, 28 bytes, Stack size 8 bytes, gpio.o(i.__ARM_common_switch8))
<BR><BR>[Stack]<UL><LI>Max Depth = 8<LI>Call Chain = __ARM_common_switch8
</UL>
<BR>[Called By]<UL><LI><a href="#[46]">&gt;&gt;</a>&nbsp;&nbsp;&nbsp;GpioSetVal
<LI><a href="#[44]">&gt;&gt;</a>&nbsp;&nbsp;&nbsp;GpioSetDirection
</UL>

<P><STRONG><a name="[36]"></a>init_data_bss</STRONG> (Thumb, 72 bytes, Stack size 12 bytes, startup.o(i.init_data_bss))
<BR><BR>[Stack]<UL><LI>Max Depth = 12<LI>Call Chain = init_data_bss
</UL>
<BR>[Address Reference Count : 1]<UL><LI> startup_s32k116.o(.text)
</UL>
<P><STRONG><a name="[3c]"></a>main</STRONG> (Thumb, 70 bytes, Stack size 0 bytes, main.o(i.main))
<BR><BR>[Stack]<UL><LI>Max Depth = 28<LI>Call Chain = main &rArr; PORT_init &rArr; GpioSetDirection &rArr; __ARM_common_switch8
</UL>
<BR>[Calls]<UL><LI><a href="#[50]">&gt;&gt;</a>&nbsp;&nbsp;&nbsp;FLEXCAN0_transmit_msg
<LI><a href="#[51]">&gt;&gt;</a>&nbsp;&nbsp;&nbsp;FLEXCAN0_receive_msg
<LI><a href="#[4e]">&gt;&gt;</a>&nbsp;&nbsp;&nbsp;FLEXCAN0_init
<LI><a href="#[4b]">&gt;&gt;</a>&nbsp;&nbsp;&nbsp;WDOG_disable
<LI><a href="#[49]">&gt;&gt;</a>&nbsp;&nbsp;&nbsp;PORT_init
<LI><a href="#[47]">&gt;&gt;</a>&nbsp;&nbsp;&nbsp;LPUART0_transmit_string
<LI><a href="#[4f]">&gt;&gt;</a>&nbsp;&nbsp;&nbsp;LPUART0_init
<LI><a href="#[4c]">&gt;&gt;</a>&nbsp;&nbsp;&nbsp;SOSC_init_40MHz
<LI><a href="#[4d]">&gt;&gt;</a>&nbsp;&nbsp;&nbsp;RUN_mode_48MHz
</UL>
<BR>[Called By]<UL><LI><a href="#[3b]">&gt;&gt;</a>&nbsp;&nbsp;&nbsp;__rt_entry_main
</UL>
<P>
<H3>
Local Symbols
</H3><P>
<H3>
Undefined Global Symbols
</H3>
<P><STRONG><a name="[42]"></a>_call_atexit_fns</STRONG> (ARM, 0 bytes, Stack size 0 bytes, UNDEFINED)
<BR><BR>[Called By]<UL><LI><a href="#[3d]">&gt;&gt;</a>&nbsp;&nbsp;&nbsp;exit
</UL>
<HR></body></html>
