<html>
<body>
<pre>
<h1>µVision Build Log</h1>
<h2>Tool Versions:</h2>
IDE-Version: ¦ÌVision V5.28.0.0
Copyright (C) 2019 ARM Ltd and ARM Germany GmbH. All rights reserved.
License Information: FENGHUANG Administrator, xingshenzhineng, LIC=----
 
Tool Versions:
Toolchain:       MDK-Lite  Version: 5.28.0.0
Toolchain Path:  E:\NXP-MCU\ARM\ARMCC\Bin
C Compiler:      Armcc.exe V5.06 update 6 (build 750)
Assembler:       Armasm.exe V5.06 update 6 (build 750)
Linker/Locator:  ArmLink.exe V5.06 update 6 (build 750)
Library Manager: ArmAr.exe V5.06 update 6 (build 750)
Hex Converter:   FromElf.exe V5.06 update 6 (build 750)
CPU DLL:         SARMCM3.DLL V5.28.0.0
Dialog DLL:      DARMCM1.DLL V1.19.2.0
Target DLL:      Segger\JL2CM3.dll V2.99.36.0
Dialog DLL:      TARMCM1.DLL V1.14.1.0
 
<h2>Project:</h2>
I:\mcu_nxp146\s32k116Test\test.uvprojx
Project File Date:  03/05/2020

<h2>Output:</h2>
*** Using Compiler 'V5.06 update 6 (build 750)', folder: 'E:\NXP-MCU\ARM\ARMCC\Bin'
Rebuild target 'Target 1'
assembling startup_S32K116.s...
compiling nxpQueue.c...
src\nxpQueue.h(7): warning:  #2532-D: support for trigraphs is disabled
  /* ??: ????????(??rear)??????,?????(??front)??????????
src\nxpQueue.c: 1 warning, 0 errors
compiling clocks_and_modes_S32K11x.c...
compiling LPUART_S32K11x.c...
compiling system_S32K116.c...
compiling main.c...
compiling gpio.c...
compiling startup.c...
compiling FlexCAN.c...
src\FlexCAN.c(134): warning:  #550-D: variable "dummy"  was set but never used
    uint32_t dummy;
src\FlexCAN.c: 1 warning, 0 errors
linking...
Program Size: Code=2040 RO-data=228 RW-data=24 ZI-data=1216  
FromELF: creating hex file...
".\Objects\test.axf" - 0 Error(s), 2 Warning(s).

<h2>Software Packages used:</h2>

Package Vendor: ARM
                http://www.keil.com/pack/ARM.CMSIS.5.5.1.pack
                ARM.CMSIS.5.5.1
                CMSIS (Cortex Microcontroller Software Interface Standard)
   * Component: CORE Version: 5.2.0

Package Vendor: Keil
                http://www.keil.com/pack/Keil.S32K116_SDK_DFP.1.0.0.pack
                Keil.S32K116_SDK_DFP.1.0.0
                NXP S32K116 SDK including S32K116 basic CMSIS Device Support
   * Component: Startup Version: 1.0.0

<h2>Collection of Component include folders:</h2>
  .\RTE\Device\S32K116xxxxMFMx
  .\RTE\_Target_1
  E:\NXP-MCU\ARM\CMSIS\5.5.1\CMSIS\Core\Include
  E:\NXP-MCU\Keil\S32K116_SDK_DFP\1.0.0\platform\devices
  E:\NXP-MCU\Keil\S32K116_SDK_DFP\1.0.0\platform\devices\common

<h2>Collection of Component Files used:</h2>

   * Component: ARM::CMSIS:CORE:5.2.0

   * Component: Keil::Device:Startup:1.0.0
      Source file:   platform\devices\startup.c
      Include file:  platform\devices\S32K116\startup\system_S32K116.h
      Source file:   platform\devices\S32K116\startup\armc\startup_S32K116.s
      Source file:   platform\devices\S32K116\startup\system_S32K116.c
      Include file:  platform\devices\device_registers.h
Build Time Elapsed:  00:00:01
</pre>
</body>
</html>
