Component: ARM Compiler 5.06 update 6 (build 750) Tool: armlink [4d35ed]

==============================================================================

Section Cross References

    main.o(i.main) refers to clocks_and_modes.o(i.SOSC_init_8MHz) for SOSC_init_8MHz
    main.o(i.main) refers to clocks_and_modes.o(i.SPLL_init_160MHz) for SPLL_init_160MHz
    main.o(i.main) refers to clocks_and_modes.o(i.NormalRUNmode_80MHz) for NormalRUNmode_80MHz
    main.o(i.main) refers to spi.o(i.SpiInitMaster) for SpiInitMaster
    main.o(i.main) refers to rt_memclr_w.o(.text) for __aeabi_memclr4
    main.o(i.main) refers to uart.o(i.uartInit) for uartInit
    main.o(i.main) refers to winc_init.o(i.wifi_init) for wifi_init
    main.o(i.main) refers to strcpy.o(.text) for strcpy
    main.o(i.main) refers to m2m_wifi.o(i.m2m_wifi_enable_ap) for m2m_wifi_enable_ap
    main.o(i.main) refers to printf.o(i.nxpPrintf) for nxpPrintf
    main.o(i.main) refers to m2m_wifi.o(i.m2m_wifi_handle_events) for m2m_wifi_handle_events
    main.o(i.main) refers to main.o(i.wifi_cb) for wifi_cb
    canbus.o(i.CAN0_ORed_0_15_MB_IRQHandler) refers to canbus.o(i.Canbus0Recv) for Canbus0Recv
    canbus.o(i.CAN0_ORed_16_31_MB_IRQHandler) refers to canbus.o(i.Canbus0Recv) for Canbus0Recv
    canbus.o(i.Canbus0Init) refers to canbus.o(i.canbusParaInit) for canbusParaInit
    canbus.o(i.Canbus0Init) refers to canbus.o(.data) for canbusBaudrate
    canbus.o(i.Canbus0Init) refers to canbus.o(.bss) for str_baudParameter
    canbus.o(i.Canbus0Recv) refers to nxpqueue.o(i.enQueueCan) for enQueueCan
    canbus.o(i.Canbus0Recv) refers to canbus.o(.data) for RxCODE
    canbus.o(i.Canbus0Recv) refers to canbus.o(.bss) for str_elemType0
    canbus.o(i.canbus0ReadIrq) refers to nxpqueue.o(i.deQueueCan) for deQueueCan
    canbus.o(i.canbus0ReadIrq) refers to nxpqueue.o(i.getQueueLenCan) for getQueueLenCan
    canbus.o(i.canbus0ReadIrq) refers to canbus.o(.bss) for str_canbusQueue0
    canbus.o(i.canbusParaInit) refers to nxpqueue.o(i.initQueueCan) for initQueueCan
    canbus.o(i.canbusParaInit) refers to canbus.o(.bss) for str_baudParameter
    canbus.o(i.canbusParaInit) refers to canbus.o(.data) for queueMaxSize
    flash_driver.o(i.FLASH_DRV_DEFlashPartition) refers to flash_driver.o(i.FLASH_DRV_CommandSequence) for FLASH_DRV_CommandSequence
    flash_driver.o(i.FLASH_DRV_EEEWrite) refers to flash_driver.o(i.FLASH_DRV_WaitEEWriteToFinish) for FLASH_DRV_WaitEEWriteToFinish
    flash_driver.o(i.FLASH_DRV_EraseAllBlock) refers to flash_driver.o(i.FLASH_DRV_CommandSequence) for FLASH_DRV_CommandSequence
    flash_driver.o(i.FLASH_DRV_EraseAllBlockUnsecure) refers to flash_driver.o(i.FLASH_DRV_CommandSequence) for FLASH_DRV_CommandSequence
    flash_driver.o(i.FLASH_DRV_EraseBlock) refers to flash_driver.o(i.FLASH_DRV_CommandSequence) for FLASH_DRV_CommandSequence
    flash_driver.o(i.FLASH_DRV_EraseSector) refers to flash_driver.o(i.FLASH_DRV_CommandSequence) for FLASH_DRV_CommandSequence
    flash_driver.o(i.FLASH_DRV_Init) refers to flash_driver.o(i.FLASH_DRV_GetDEPartitionCode) for FLASH_DRV_GetDEPartitionCode
    flash_driver.o(i.FLASH_DRV_Program) refers to flash_driver.o(i.FLASH_DRV_CommandSequence) for FLASH_DRV_CommandSequence
    flash_driver.o(i.FLASH_DRV_ProgramCheck) refers to flash_driver.o(i.FLASH_DRV_CommandSequence) for FLASH_DRV_CommandSequence
    flash_driver.o(i.FLASH_DRV_ProgramOnce) refers to flash_driver.o(i.FLASH_DRV_CommandSequence) for FLASH_DRV_CommandSequence
    flash_driver.o(i.FLASH_DRV_ProgramSection) refers to flash_driver.o(i.FLASH_DRV_CommandSequence) for FLASH_DRV_CommandSequence
    flash_driver.o(i.FLASH_DRV_ReadOnce) refers to flash_driver.o(i.FLASH_DRV_CommandSequence) for FLASH_DRV_CommandSequence
    flash_driver.o(i.FLASH_DRV_SecurityBypass) refers to flash_driver.o(i.FLASH_DRV_CommandSequence) for FLASH_DRV_CommandSequence
    flash_driver.o(i.FLASH_DRV_SetFlexRamFunction) refers to flash_driver.o(i.FLASH_DRV_CommandSequence) for FLASH_DRV_CommandSequence
    flash_driver.o(i.FLASH_DRV_VerifyAllBlock) refers to flash_driver.o(i.FLASH_DRV_CommandSequence) for FLASH_DRV_CommandSequence
    flash_driver.o(i.FLASH_DRV_VerifyBlock) refers to flash_driver.o(i.FLASH_DRV_CommandSequence) for FLASH_DRV_CommandSequence
    flash_driver.o(i.FLASH_DRV_VerifySection) refers to flash_driver.o(i.FLASH_DRV_CommandSequence) for FLASH_DRV_CommandSequence
    nxpqueue.o(i.deQueue) refers to nxpqueue.o(i.isEmpityQueue) for isEmpityQueue
    nxpqueue.o(i.deQueueCan) refers to nxpqueue.o(i.isEmpityQueueCan) for isEmpityQueueCan
    nxpqueue.o(i.destroyQueue) refers to h1_free.o(.text) for free
    nxpqueue.o(i.destroyQueueCan) refers to h1_free.o(.text) for free
    nxpqueue.o(i.enQueue) refers to nxpqueue.o(i.isFullQueue) for isFullQueue
    nxpqueue.o(i.enQueue) refers to nxpqueue.o(i.deQueue) for deQueue
    nxpqueue.o(i.enQueueCan) refers to nxpqueue.o(i.isFullQueueCan) for isFullQueueCan
[...]
    i.isFullQueueCan                         0x00002452   Section        0  nxpqueue.o(i.isFullQueueCan)
    i.isr                                    0x00002470   Section        0  m2m_hif.o(i.isr)
    isr                                      0x00002471   Thumb Code    12  m2m_hif.o(i.isr)
    i.m2mStub_EintDisable                    0x00002480   Section        0  nm_bsp.o(i.m2mStub_EintDisable)
    i.m2mStub_EintEnable                     0x00002490   Section        0  nm_bsp.o(i.m2mStub_EintEnable)
    i.m2mStub_Pin_init                       0x000024c0   Section        0  nm_bsp.o(i.m2mStub_Pin_init)
    i.m2mStub_time_init                      0x000024e6   Section        0  nm_bsp.o(i.m2mStub_time_init)
    i.m2m_hif_cb                             0x000024ee   Section        0  m2m_hif.o(i.m2m_hif_cb)
    m2m_hif_cb                               0x000024ef   Thumb Code     2  m2m_hif.o(i.m2m_hif_cb)
    i.m2m_memset                             0x000024f0   Section        0  nm_common.o(i.m2m_memset)
    i.m2m_strlen                             0x00002504   Section        0  nm_common.o(i.m2m_strlen)
    i.m2m_validate_ap_parameters             0x00002518   Section        0  m2m_wifi.o(i.m2m_validate_ap_parameters)
    m2m_validate_ap_parameters               0x00002519   Thumb Code   476  m2m_wifi.o(i.m2m_validate_ap_parameters)
    i.m2m_wifi_cb                            0x000027d4   Section        0  m2m_wifi.o(i.m2m_wifi_cb)
    m2m_wifi_cb                              0x000027d5   Thumb Code   740  m2m_wifi.o(i.m2m_wifi_cb)
    i.m2m_wifi_enable_ap                     0x00002b44   Section        0  m2m_wifi.o(i.m2m_wifi_enable_ap)
    i.m2m_wifi_handle_events                 0x00002b6e   Section        0  m2m_wifi.o(i.m2m_wifi_handle_events)
    i.m2m_wifi_init                          0x00002b78   Section        0  m2m_wifi.o(i.m2m_wifi_init)
    i.main                                   0x00002d9c   Section        0  main.o(i.main)
    i.nm_bsp_init                            0x00002eac   Section        0  nm_bsp.o(i.nm_bsp_init)
    i.nm_bsp_interrupt_ctrl                  0x00002ec8   Section        0  nm_bsp.o(i.nm_bsp_interrupt_ctrl)
    i.nm_bsp_register_isr                    0x00002ede   Section        0  nm_bsp.o(i.nm_bsp_register_isr)
    i.nm_bsp_reset                           0x00002ee0   Section        0  nm_bsp.o(i.nm_bsp_reset)
    i.nm_bsp_sleep                           0x00002f1e   Section        0  nm_bsp.o(i.nm_bsp_sleep)
    i.nm_bus_deinit                          0x00002f32   Section        0  nm_bus_wrapper.o(i.nm_bus_deinit)
    i.nm_bus_iface_deinit                    0x00002f36   Section        0  nmbus.o(i.nm_bus_iface_deinit)
    i.nm_bus_iface_init                      0x00002f44   Section        0  nmbus.o(i.nm_bus_iface_init)
    i.nm_bus_init                            0x00002f56   Section        0  nm_bus_wrapper.o(i.nm_bus_init)
    i.nm_bus_ioctl                           0x00002f5c   Section        0  nm_bus_wrapper.o(i.nm_bus_ioctl)
    i.nm_bus_reset                           0x00002fd4   Section        0  nmbus.o(i.nm_bus_reset)
    i.nm_drv_deinit                          0x00002fde   Section        0  nmdrv.o(i.nm_drv_deinit)
    i.nm_drv_init                            0x00002fe4   Section        0  nmdrv.o(i.nm_drv_init)
    i.nm_get_firmware_full_info              0x00003114   Section        0  nmdrv.o(i.nm_get_firmware_full_info)
    i.nm_read_block                          0x000031e8   Section        0  nmbus.o(i.nm_read_block)
    i.nm_read_reg                            0x00003240   Section        0  nmbus.o(i.nm_read_reg)
    i.nm_read_reg_with_ret                   0x0000324c   Section        0  nmbus.o(i.nm_read_reg_with_ret)
    i.nm_spi_init                            0x0000325c   Section        0  nmspi.o(i.nm_spi_init)
    i.nm_spi_read                            0x000033fc   Section        0  nmspi.o(i.nm_spi_read)
    nm_spi_read                              0x000033fd   Thumb Code   300  nmspi.o(i.nm_spi_read)
    i.nm_spi_read_block                      0x000035f0   Section        0  nmspi.o(i.nm_spi_read_block)
    i.nm_spi_read_reg                        0x00003618   Section        0  nmspi.o(i.nm_spi_read_reg)
    i.nm_spi_read_reg_with_ret               0x00003628   Section        0  nmspi.o(i.nm_spi_read_reg_with_ret)
    i.nm_spi_reset                           0x00003648   Section        0  nmspi.o(i.nm_spi_reset)
    i.nm_spi_write                           0x00003664   Section        0  nmspi.o(i.nm_spi_write)
    nm_spi_write                             0x00003665   Thumb Code   296  nmspi.o(i.nm_spi_write)
    i.nm_spi_write_block                     0x00003854   Section        0  nmspi.o(i.nm_spi_write_block)
    i.nm_spi_write_reg                       0x0000387c   Section        0  nmspi.o(i.nm_spi_write_reg)
    i.nm_write_block                         0x0000389c   Section        0  nmbus.o(i.nm_write_block)
    i.nm_write_reg                           0x000038f4   Section        0  nmbus.o(i.nm_write_reg)
    i.nmi_get_chipid                         0x00003904   Section        0  nmasic.o(i.nmi_get_chipid)
    i.nmi_spi_read                           0x000039c0   Section        0  nmspi.o(i.nmi_spi_read)
    nmi_spi_read                             0x000039c1   Thumb Code    26  nmspi.o(i.nmi_spi_read)
    i.nmi_spi_write                          0x000039da   Section        0  nmspi.o(i.nmi_spi_write)
    nmi_spi_write                            0x000039db   Thumb Code    26  nmspi.o(i.nmi_spi_write)
    i.nxpPrintf                              0x000039f4   Section        0  printf.o(i.nxpPrintf)
    i.out_char                               0x00003a24   Section        0  printf.o(i.out_char)
    i.p_nm_read_block                        0x00003a3c   Section        0  nmbus.o(i.p_nm_read_block)
    p_nm_read_block                          0x00003a3d   Thumb Code    20  nmbus.o(i.p_nm_read_block)
    i.p_nm_write_block                       0x00003a50   Section        0  nmbus.o(i.p_nm_write_block)
    p_nm_write_block                         0x00003a51   Thumb Code    20  nmbus.o(i.p_nm_write_block)
    i.printk                                 0x00003a64   Section        0  printf.o(i.printk)
    i.printk_mknumstr                        0x00003ee8   Section        0  printf.o(i.printk_mknumstr)
    printk_mknumstr                          0x00003ee9   Thumb Code   140  printf.o(i.printk_mknumstr)
    i.printk_pad_space                       0x00003f74   Section        0  printf.o(i.printk_pad_space)
    printk_pad_space                         0x00003f75   Thumb Code    38  printf.o(i.printk_pad_space)
    i.printk_pad_zero                        0x00003f9a   Section        0  printf.o(i.printk_pad_zero)
    printk_pad_zero                          0x00003f9b   Thumb Code    38  printf.o(i.printk_pad_zero)
    i.printk_putc                            0x00003fc0   Section        0  printf.o(i.printk_putc)
    printk_putc                              0x00003fc1   Thumb Code    52  printf.o(i.printk_putc)
    i.spi_cmd                                0x00003ff4   Section        0  nmspi.o(i.spi_cmd)
    spi_cmd                                  0x00003ff5   Thumb Code   450  nmspi.o(i.spi_cmd)
    i.spi_cmd_rsp                            0x00004204   Section        0  nmspi.o(i.spi_cmd_rsp)
    spi_cmd_rsp                              0x00004205   Thumb Code   164  nmspi.o(i.spi_cmd_rsp)
    i.spi_data_read                          0x000042f8   Section        0  nmspi.o(i.spi_data_read)
    spi_data_read                            0x000042f9   Thumb Code   290  nmspi.o(i.spi_data_read)
    i.spi_data_rsp                           0x0000450c   Section        0  nmspi.o(i.spi_data_rsp)
    spi_data_rsp                             0x0000450d   Thumb Code   128  nmspi.o(i.spi_data_rsp)
    i.spi_data_write                         0x000045fc   Section        0  nmspi.o(i.spi_data_write)
    spi_data_write                           0x000045fd   Thumb Code   242  nmspi.o(i.spi_data_write)
    i.spi_init_pkt_sz                        0x000047b4   Section        0  nmspi.o(i.spi_init_pkt_sz)
    spi_init_pkt_sz                          0x000047b5   Thumb Code   110  nmspi.o(i.spi_init_pkt_sz)
    i.spi_read_reg                           0x00004824   Section        0  nmspi.o(i.spi_read_reg)
    spi_read_reg                             0x00004825   Thumb Code   304  nmspi.o(i.spi_read_reg)
    i.spi_rw                                 0x00004a08   Section        0  nm_bus_wrapper.o(i.spi_rw)
    spi_rw                                   0x00004a09   Thumb Code    96  nm_bus_wrapper.o(i.spi_rw)
    i.spi_write_reg                          0x00004a68   Section        0  nmspi.o(i.spi_write_reg)
    spi_write_reg                            0x00004a69   Thumb Code   230  nmspi.o(i.spi_write_reg)
    i.uartInit                               0x00004bec   Section        0  uart.o(i.uartInit)
    i.wait_for_bootrom                       0x00004e04   Section        0  nmasic.o(i.wait_for_bootrom)
    i.wait_for_firmware_start                0x00004f34   Section        0  nmasic.o(i.wait_for_firmware_start)
    i.wifi_cb                                0x00004fa8   Section        0  main.o(i.wifi_cb)
    wifi_cb                                  0x00004fa9   Thumb Code    32  main.o(i.wifi_cb)
    i.wifi_init                              0x00004fc8   Section        0  winc_init.o(i.wifi_init)
    x$fpl$dadd                               0x00004ff0   Section      336  daddsub_clz.o(x$fpl$dadd)
    $v0                                      0x00004ff0   Number         0  daddsub_clz.o(x$fpl$dadd)
    _dadd1                                   0x00005001   Thumb Code     0  daddsub_clz.o(x$fpl$dadd)
    x$fpl$ddiv                               0x00005140   Section      688  ddiv.o(x$fpl$ddiv)
    $v0                                      0x00005140   Number         0  ddiv.o(x$fpl$ddiv)
    ddiv_entry                               0x00005147   Thumb Code     0  ddiv.o(x$fpl$ddiv)
    x$fpl$dfix                               0x000053f0   Section       94  dfix.o(x$fpl$dfix)
    $v0                                      0x000053f0   Number         0  dfix.o(x$fpl$dfix)
    x$fpl$dflt                               0x0000544e   Section       46  dflt_clz.o(x$fpl$dflt)
    $v0                                      0x0000544e   Number         0  dflt_clz.o(x$fpl$dflt)
    x$fpl$dfltu                              0x0000547c   Section       38  dflt_clz.o(x$fpl$dfltu)
    $v0                                      0x0000547c   Number         0  dflt_clz.o(x$fpl$dfltu)
    x$fpl$dnaninf                            0x000054a2   Section      156  dnaninf.o(x$fpl$dnaninf)
    $v0                                      0x000054a2   Number         0  dnaninf.o(x$fpl$dnaninf)
    x$fpl$dretinf                            0x0000553e   Section       12  dretinf.o(x$fpl$dretinf)
    $v0                                      0x0000553e   Number         0  dretinf.o(x$fpl$dretinf)
    x$fpl$dsub                               0x0000554c   Section      468  daddsub_clz.o(x$fpl$dsub)
    $v0                                      0x0000554c   Number         0  daddsub_clz.o(x$fpl$dsub)
    _dsub1                                   0x0000555d   Thumb Code     0  daddsub_clz.o(x$fpl$dsub)
    x$fpl$fpinit                             0x00005720   Section       10  fpinit.o(x$fpl$fpinit)
    $v0                                      0x00005720   Number         0  fpinit.o(x$fpl$fpinit)
    x$fpl$usenofp                            0x0000572a   Section        0  usenofp.o(x$fpl$usenofp)
    .constdata                               0x0000572c   Section       36  uart.o(.constdata)
    .constdata                               0x00005750   Section       13  nm_bus_wrapper.o(.constdata)
    __FUNCTION__                             0x00005750   Data          13  nm_bus_wrapper.o(.constdata)
    .constdata                               0x0000575d   Section      382  nmspi.o(.constdata)
    crc7_syndrome_table                      0x0000575d   Data         256  nmspi.o(.constdata)
    __FUNCTION__                             0x0000585d   Data           8  nmspi.o(.constdata)
    __FUNCTION__                             0x00005865   Data          13  nmspi.o(.constdata)
    __FUNCTION__                             0x00005872   Data          12  nmspi.o(.constdata)
    __FUNCTION__                             0x0000587e   Data          14  nmspi.o(.constdata)
    __FUNCTION__                             0x0000588c   Data          15  nmspi.o(.constdata)
    __FUNCTION__                             0x0000589b   Data          14  nmspi.o(.constdata)
    __FUNCTION__                             0x000058a9   Data          13  nmspi.o(.constdata)
    __FUNCTION__                             0x000058b6   Data          13  nmspi.o(.constdata)
    __FUNCTION__                             0x000058c3   Data          12  nmspi.o(.constdata)
    __FUNCTION__                             0x000058cf   Data          12  nmspi.o(.constdata)
    .constdata                               0x000058db   Section       60  m2m_hif.o(.constdata)
    __FUNCTION__                             0x000058db   Data           9  m2m_hif.o(.constdata)
    __FUNCTION__                             0x000058e4   Data           8  m2m_hif.o(.constdata)
    __FUNCTION__                             0x000058ec   Data          15  m2m_hif.o(.constdata)
    __FUNCTION__                             0x000058fb   Data          12  m2m_hif.o(.constdata)
    __FUNCTION__                             0x00005907   Data          16  m2m_hif.o(.constdata)
    .constdata                               0x00005917   Section      223  m2m_wifi.o(.constdata)
    __FUNCTION__                             0x00005917   Data          12  m2m_wifi.o(.constdata)
    __FUNCTION__                             0x00005923   Data          27  m2m_wifi.o(.constdata)
    __FUNCTION__                             0x0000593e   Data          26  m2m_wifi.o(.constdata)
    __FUNCTION__                             0x00005958   Data          14  m2m_wifi.o(.constdata)
    __FUNCTION__                             0x00005966   Data          20  m2m_wifi.o(.constdata)
    __FUNCTION__                             0x0000597a   Data          25  m2m_wifi.o(.constdata)
    __FUNCTION__                             0x00005993   Data          25  m2m_wifi.o(.constdata)
    __FUNCTION__                             0x000059ac   Data          13  m2m_wifi.o(.constdata)
    __FUNCTION__                             0x000059b9   Data          30  m2m_wifi.o(.constdata)
    __FUNCTION__                             0x000059d7   Data          31  m2m_wifi.o(.constdata)
    .constdata                               0x000059f6   Section       34  nmasic.o(.constdata)
    __FUNCTION__                             0x000059f6   Data          10  nmasic.o(.constdata)
    __FUNCTION__                             0x00005a00   Data          12  nmasic.o(.constdata)
    __FUNCTION__                             0x00005a0c   Data          12  nmasic.o(.constdata)
    .constdata                               0x00005a18   Section       38  nmdrv.o(.constdata)
    __FUNCTION__                             0x00005a18   Data          26  nmdrv.o(.constdata)
    __FUNCTION__                             0x00005a32   Data          12  nmdrv.o(.constdata)
    .constdata                               0x00005a40   Section        4  startup.o(.constdata)
    .conststring                             0x00005a44   Section       80  nmspi.o(.conststring)
    .conststring                             0x00005a94   Section      211  m2m_hif.o(.conststring)
    .data                                    0x1fffc000   Section       48  canbus.o(.data)
    canbusBaudrate                           0x1fffc018   Data          20  canbus.o(.data)
    queueMaxSize                             0x1fffc02c   Data           4  canbus.o(.data)
    .data                                    0x1fffc030   Section       29  spi.o(.data)
    queueMaxSize                             0x1fffc030   Data           4  spi.o(.data)
    spi_sendStatus                           0x1fffc034   Data           4  spi.o(.data)
    spi_readStatus                           0x1fffc038   Data           4  spi.o(.data)
    spi_sendNum                              0x1fffc03c   Data           4  spi.o(.data)
    spi_needSendNum                          0x1fffc040   Data           4  spi.o(.data)
    spi_readNum                              0x1fffc044   Data           4  spi.o(.data)
    spi_needReadNum                          0x1fffc048   Data           4  spi.o(.data)
    _transBits                               0x1fffc04c   Data           1  spi.o(.data)
    .data                                    0x1fffc050   Section       10  nm_bus_wrapper.o(.data)
    .data                                    0x1fffc05c   Section        4  nmasic.o(.data)
    chipid                                   0x1fffc05c   Data           4  nmasic.o(.data)
    .bss                                     0x1fffc060   Section     2080  spi.o(.bss)
    str_recvQueue                            0x1fffc060   Data          16  spi.o(.bss)
    str_sendQueue                            0x1fffc070   Data          16  spi.o(.bss)
    .bss                                     0x1fffc880   Section     4160  uart.o(.bss)
    str_recvQueue0                           0x1fffd880   Data          16  uart.o(.bss)
    str_recvQueue1                           0x1fffd890   Data          16  uart.o(.bss)
    str_sendQueue0                           0x1fffd8a0   Data          16  uart.o(.bss)
    str_sendQueue1                           0x1fffd8b0   Data          16  uart.o(.bss)
    .bss                                     0x1fffd8c0   Section       44  m2m_hif.o(.bss)
    .bss                                     0x1fffd8ec   Section       96  libspace.o(.bss)
    .data                                    0x20000000   Section       36  timer.o(.data)
    timerNum                                 0x20000000   Data           4  timer.o(.data)
    timerMax                                 0x20000004   Data           4  timer.o(.data)
    heartbeat                                0x20000008   Data           4  timer.o(.data)
    timeInitFlag                             0x2000000c   Data           4  timer.o(.data)
    timerLpitNum                             0x20000014   Data           4  timer.o(.data)
    timerLpitMax                             0x20000018   Data           4  timer.o(.data)
    heartbeatLpit                            0x2000001c   Data           4  timer.o(.data)
    timeLpitInitFlag                         0x20000020   Data           4  timer.o(.data)
    .data                                    0x20000024   Section       44  uart.o(.data)
    uartIrq                                  0x20000024   Data           1  uart.o(.data)
    uart0_readStatus                         0x20000025   Data           1  uart.o(.data)
    uart0_sendStatus                         0x20000026   Data           1  uart.o(.data)
    uart0_readNum                            0x20000028   Data           4  uart.o(.data)
    uart0_needReadNum                        0x2000002c   Data           4  uart.o(.data)
    uart0_sendNum                            0x20000030   Data           4  uart.o(.data)
    uart0_needSendNum                        0x20000034   Data           4  uart.o(.data)
    uart1_readStatus                         0x20000038   Data           1  uart.o(.data)
    uart1_sendStatus                         0x20000039   Data           1  uart.o(.data)
    uart1_readNum                            0x2000003c   Data           4  uart.o(.data)
    uart1_needReadNum                        0x20000040   Data           4  uart.o(.data)
    uart1_sendNum                            0x20000044   Data           4  uart.o(.data)
    uart1_needSendNum                        0x20000048   Data           4  uart.o(.data)
    queueMaxSize                             0x2000004c   Data           4  uart.o(.data)
    .data                                    0x20000050   Section        4  nm_bsp.o(.data)
    gpfIsr                                   0x20000050   Data           4  nm_bsp.o(.data)
    .data                                    0x20000054   Section        1  nmspi.o(.data)
    gu8Crc_off                               0x20000054   Data           1  nmspi.o(.data)
    .data                                    0x20000058   Section       20  m2m_wifi.o(.data)
    gu8ChNum                                 0x20000058   Data           1  m2m_wifi.o(.data)
    gu8scanInProgress                        0x20000059   Data           1  m2m_wifi.o(.data)
    gpfAppWifiCb                             0x2000005c   Data           4  m2m_wifi.o(.data)
    gpfAppMonCb                              0x20000060   Data           4  m2m_wifi.o(.data)
    gstrMgmtCtrl                             0x20000064   Data           8  m2m_wifi.o(.data)
    .bss                                     0x2000006c   Section       60  canbus.o(.bss)
    str_elemType0                            0x2000008c   Data          12  canbus.o(.bss)
    str_canbusQueue0                         0x20000098   Data          16  canbus.o(.bss)
    .bss                                     0x200000a8   Section      160  timer.o(.bss)
    timer                                    0x200000a8   Data          40  timer.o(.bss)
    timerFlag                                0x200000d0   Data          40  timer.o(.bss)
    timerLpit                                0x200000f8   Data          40  timer.o(.bss)
    timerLpitFlag                            0x20000120   Data          40  timer.o(.bss)

    Global Symbols

    Symbol Name                              Value     Ov Type        Size  Object(Section)

    BuildAttributes$$THM_ISAv4$E$P$D$K$B$S$7EM$VFPi3$EXTD16$VFPS$VFMA$PE$A:L22UL41UL21$X:L11$S22US41US21$IEEE1$IW$USESV6$~STKCKD$USESV7$~SHL$OTIME$ROPI$IEEEJ$EBA8$UX$STANDARDLIB$REQ8$PRES8$EABIv2 0x00000000   Number         0  anon$$obj.o ABSOLUTE
    Image$$VECTOR_RAM$$Base                  0x00000000   Number         0  anon$$obj.o ABSOLUTE
    Image$$VECTOR_ROM$$Base                  0x00000000   Number         0  anon$$obj.o ABSOLUTE
    __ARM_use_no_argv                        0x00000000   Number         0  main.o ABSOLUTE
    __Vectors                                0x00000000   Data           4  startup_s32k142.o(RESET)
    _printf_flags                            0x00000000   Number         0  printf_stubs.o ABSOLUTE
    _printf_return_value                     0x00000000   Number         0  printf_stubs.o ABSOLUTE
    _printf_sizespec                         0x00000000   Number         0  printf_stubs.o ABSOLUTE
    _printf_widthprec                        0x00000000   Number         0  printf_stubs.o ABSOLUTE
    Image$$ZI$$Limit                          - Undefined Weak Reference
    __ARM_exceptions_init                     - Undefined Weak Reference
    __alloca_initialize                       - Undefined Weak Reference
    __arm_preinit_                            - Undefined Weak Reference
    __cpp_initialize__aeabi_                  - Undefined Weak Reference
    __cxa_finalize                            - Undefined Weak Reference
    __sigvec_lookup                           - Undefined Weak Reference
    __user_heap_extent                        - Undefined Weak Reference
    _atexit_init                              - Undefined Weak Reference
    _call_atexit_fns                          - Undefined Weak Reference
    _clock_init                               - Undefined Weak Reference
    _fp_trap_init                             - Undefined Weak Reference
    _fp_trap_shutdown                         - Undefined Weak Reference
    _get_lc_collate                           - Undefined Weak Reference
    _get_lc_monetary                          - Undefined Weak Reference
    _get_lc_time                              - Undefined Weak Reference
    _getenv_init                              - Undefined Weak Reference
    _handle_redirection                       - Undefined Weak Reference
    _mutex_acquire                            - Undefined Weak Reference
    _mutex_free                               - Undefined Weak Reference
    _mutex_release                            - Undefined Weak Reference
    _printf_mbtowc                            - Undefined Weak Reference
    _printf_wc                                - Undefined Weak Reference
    _rand_init                                - Undefined Weak Reference
    _signal_finish                            - Undefined Weak Reference
    _signal_init                              - Undefined Weak Reference
    __Vectors_End                            0x00000400   Data           0  startup_s32k142.o(RESET)
    __Vectors_Size                           0x00000400   Number         0  startup_s32k142.o ABSOLUTE
    __main                                   0x00000411   Thumb Code     8  __main.o(!!!main)
    __scatterload                            0x00000419   Thumb Code     0  __scatter.o(!!!scatter)
    __scatterload_rt2                        0x00000419   Thumb Code    44  __scatter.o(!!!scatter)
    __scatterload_rt2_thumb_only             0x00000419   Thumb Code     0  __scatter.o(!!!scatter)
    __scatterload_null                       0x00000427   Thumb Code     0  __scatter.o(!!!scatter)
    __scatterload_copy                       0x0000044d   Thumb Code    26  __scatter_copy.o(!!handler_copy)
    __scatterload_zeroinit                   0x00000469   Thumb Code    28  __scatter_zi.o(!!handler_zi)
    __rt_lib_init                            0x00000485   Thumb Code     0  libinit.o(.ARM.Collect$$libinit$$00000000)
    __rt_lib_init_fp_1                       0x00000487   Thumb Code     0  libinit2.o(.ARM.Collect$$libinit$$00000001)
    __rt_lib_init_heap_2                     0x0000048b   Thumb Code     0  libinit5.o(.ARM.Collect$$libinit$$00000008)
    __rt_lib_init_preinit_1                  0x0000048b   Thumb Code     0  libinit2.o(.ARM.Collect$$libinit$$00000004)
    __rt_lib_init_alloca_1                   0x00000493   Thumb Code     0  libinit2.o(.ARM.Collect$$libinit$$0000002E)
    __rt_lib_init_argv_1                     0x00000493   Thumb Code     0  libinit2.o(.ARM.Collect$$libinit$$0000002C)
    __rt_lib_init_atexit_1                   0x00000493   Thumb Code     0  libinit2.o(.ARM.Collect$$libinit$$0000001B)
    __rt_lib_init_clock_1                    0x00000493   Thumb Code     0  libinit2.o(.ARM.Collect$$libinit$$00000021)
    __rt_lib_init_cpp_1                      0x00000493   Thumb Code     0  libinit2.o(.ARM.Collect$$libinit$$00000032)
    __rt_lib_init_exceptions_1               0x00000493   Thumb Code     0  libinit2.o(.ARM.Collect$$libinit$$00000030)
    __rt_lib_init_fp_trap_1                  0x00000493   Thumb Code     0  libinit2.o(.ARM.Collect$$libinit$$0000001F)
    __rt_lib_init_getenv_1                   0x00000493   Thumb Code     0  libinit2.o(.ARM.Collect$$libinit$$00000023)
    __rt_lib_init_heap_1                     0x00000493   Thumb Code     0  libinit2.o(.ARM.Collect$$libinit$$0000000A)
    __rt_lib_init_lc_collate_1               0x00000493   Thumb Code     0  libinit2.o(.ARM.Collect$$libinit$$00000011)
    __rt_lib_init_lc_ctype_1                 0x00000493   Thumb Code     0  libinit2.o(.ARM.Collect$$libinit$$00000013)
    __rt_lib_init_lc_monetary_1              0x00000493   Thumb Code     0  libinit2.o(.ARM.Collect$$libinit$$00000015)
    __rt_lib_init_lc_numeric_1               0x00000493   Thumb Code     0  libinit2.o(.ARM.Collect$$libinit$$00000017)
    __rt_lib_init_lc_time_1                  0x00000493   Thumb Code     0  libinit2.o(.ARM.Collect$$libinit$$00000019)
    __rt_lib_init_rand_1                     0x00000493   Thumb Code     0  libinit2.o(.ARM.Collect$$libinit$$0000000E)
    __rt_lib_init_return                     0x00000493   Thumb Code     0  libinit2.o(.ARM.Collect$$libinit$$00000033)
    __rt_lib_init_signal_1                   0x00000493   Thumb Code     0  libinit2.o(.ARM.Collect$$libinit$$0000001D)
    __rt_lib_init_stdio_1                    0x00000493   Thumb Code     0  libinit2.o(.ARM.Collect$$libinit$$00000025)
    __rt_lib_init_user_alloc_1               0x00000493   Thumb Code     0  libinit2.o(.ARM.Collect$$libinit$$0000000C)
    __rt_lib_shutdown                        0x0000049d   Thumb Code     0  libshutdown.o(.ARM.Collect$$libshutdown$$00000000)
    __rt_lib_shutdown_cpp_1                  0x0000049f   Thumb Code     0  libshutdown2.o(.ARM.Collect$$libshutdown$$00000002)
    __rt_lib_shutdown_fp_trap_1              0x0000049f   Thumb Code     0  libshutdown2.o(.ARM.Collect$$libshutdown$$00000007)
    __rt_lib_shutdown_heap_1                 0x0000049f   Thumb Code     0  libshutdown2.o(.ARM.Collect$$libshutdown$$0000000F)
    __rt_lib_shutdown_return                 0x0000049f   Thumb Code     0  libshutdown2.o(.ARM.Collect$$libshutdown$$00000010)
    __rt_lib_shutdown_signal_1               0x0000049f   Thumb Code     0  libshutdown2.o(.ARM.Collect$$libshutdown$$0000000A)
    __rt_lib_shutdown_stdio_1                0x0000049f   Thumb Code     0  libshutdown2.o(.ARM.Collect$$libshutdown$$00000004)
    __rt_lib_shutdown_user_alloc_1           0x0000049f   Thumb Code     0  libshutdown2.o(.ARM.Collect$$libshutdown$$0000000C)
    __rt_entry                               0x000004a1   Thumb Code     0  __rtentry.o(.ARM.Collect$$rtentry$$00000000)
    __rt_entry_presh_1                       0x000004a1   Thumb Code     0  __rtentry2.o(.ARM.Collect$$rtentry$$00000002)
    __rt_entry_sh                            0x000004a1   Thumb Code     0  __rtentry7.o(.ARM.Collect$$rtentry$$00000007)
    __rt_entry_li                            0x000004a5   Thumb Code     0  __rtentry2.o(.ARM.Collect$$rtentry$$0000000A)
    __rt_entry_postsh_1                      0x000004a5   Thumb Code     0  __rtentry2.o(.ARM.Collect$$rtentry$$00000009)
    __rt_entry_main                          0x000004a9   Thumb Code     0  __rtentry2.o(.ARM.Collect$$rtentry$$0000000D)
    __rt_entry_postli_1                      0x000004a9   Thumb Code     0  __rtentry2.o(.ARM.Collect$$rtentry$$0000000C)
    __rt_exit                                0x000004b5   Thumb Code     0  rtexit.o(.ARM.Collect$$rtexit$$00000000)
    __rt_exit_ls                             0x000004b7   Thumb Code     0  rtexit2.o(.ARM.Collect$$rtexit$$00000003)
    __rt_exit_prels_1                        0x000004b7   Thumb Code     0  rtexit2.o(.ARM.Collect$$rtexit$$00000002)
    __rt_exit_exit                           0x000004bb   Thumb Code     0  rtexit2.o(.ARM.Collect$$rtexit$$00000004)
    Reset_Handler                            0x000004c1   Thumb Code    18  startup_s32k142.o(.text)
    _maybe_terminate_alloc                   0x000004c1   Thumb Code     0  maybetermalloc1.o(.emb_text)
    NMI_Handler                              0x000004d3   Thumb Code     2  startup_s32k142.o(.text)
    HardFault_Handler                        0x000004d5   Thumb Code     2  startup_s32k142.o(.text)
    MemManage_Handler                        0x000004d7   Thumb Code     2  startup_s32k142.o(.text)
    BusFault_Handler                         0x000004d9   Thumb Code     2  startup_s32k142.o(.text)
    UsageFault_Handler                       0x000004db   Thumb Code     2  startup_s32k142.o(.text)
    SVC_Handler                              0x000004dd   Thumb Code     2  startup_s32k142.o(.text)
    DebugMon_Handler                         0x000004df   Thumb Code     2  startup_s32k142.o(.text)
    PendSV_Handler                           0x000004e1   Thumb Code     2  startup_s32k142.o(.text)
    SysTick_Handler                          0x000004e3   Thumb Code     2  startup_s32k142.o(.text)
    ADC0_IRQHandler                          0x000004e5   Thumb Code     0  startup_s32k142.o(.text)
    ADC1_IRQHandler                          0x000004e5   Thumb Code     0  startup_s32k142.o(.text)
    CAN0_Error_IRQHandler                    0x000004e5   Thumb Code     0  startup_s32k142.o(.text)
    CAN0_ORed_IRQHandler                     0x000004e5   Thumb Code     0  startup_s32k142.o(.text)
    CAN0_Wake_Up_IRQHandler                  0x000004e5   Thumb Code     0  startup_s32k142.o(.text)
    CAN1_Error_IRQHandler                    0x000004e5   Thumb Code     0  startup_s32k142.o(.text)
    CAN1_ORed_0_15_MB_IRQHandler             0x000004e5   Thumb Code     0  startup_s32k142.o(.text)
    CAN1_ORed_IRQHandler                     0x000004e5   Thumb Code     0  startup_s32k142.o(.text)
    CMP0_IRQHandler                          0x000004e5   Thumb Code     0  startup_s32k142.o(.text)
    DMA0_IRQHandler                          0x000004e5   Thumb Code     0  startup_s32k142.o(.text)
    DMA10_IRQHandler                         0x000004e5   Thumb Code     0  startup_s32k142.o(.text)
    DMA11_IRQHandler                         0x000004e5   Thumb Code     0  startup_s32k142.o(.text)
    DMA12_IRQHandler                         0x000004e5   Thumb Code     0  startup_s32k142.o(.text)
    DMA13_IRQHandler                         0x000004e5   Thumb Code     0  startup_s32k142.o(.text)
    DMA14_IRQHandler                         0x000004e5   Thumb Code     0  startup_s32k142.o(.text)
    DMA15_IRQHandler                         0x000004e5   Thumb Code     0  startup_s32k142.o(.text)
    DMA1_IRQHandler                          0x000004e5   Thumb Code     0  startup_s32k142.o(.text)
    DMA2_IRQHandler                          0x000004e5   Thumb Code     0  startup_s32k142.o(.text)
    DMA3_IRQHandler                          0x000004e5   Thumb Code     0  startup_s32k142.o(.text)
    DMA4_IRQHandler                          0x000004e5   Thumb Code     0  startup_s32k142.o(.text)
    DMA5_IRQHandler                          0x000004e5   Thumb Code     0  startup_s32k142.o(.text)
    DMA6_IRQHandler                          0x000004e5   Thumb Code     0  startup_s32k142.o(.text)
    DMA7_IRQHandler                          0x000004e5   Thumb Code     0  startup_s32k142.o(.text)
    DMA8_IRQHandler                          0x000004e5   Thumb Code     0  startup_s32k142.o(.text)
    DMA9_IRQHandler                          0x000004e5   Thumb Code     0  startup_s32k142.o(.text)
    DMA_Error_IRQHandler                     0x000004e5   Thumb Code     0  startup_s32k142.o(.text)
    DefaultISR                               0x000004e5   Thumb Code     0  startup_s32k142.o(.text)
    ERM_double_fault_IRQHandler              0x000004e5   Thumb Code     0  startup_s32k142.o(.text)
    ERM_single_fault_IRQHandler              0x000004e5   Thumb Code     0  startup_s32k142.o(.text)
    FLEXIO_IRQHandler                        0x000004e5   Thumb Code     0  startup_s32k142.o(.text)
    FTFC_Fault_IRQHandler                    0x000004e5   Thumb Code     0  startup_s32k142.o(.text)
    FTFC_IRQHandler                          0x000004e5   Thumb Code     0  startup_s32k142.o(.text)
    FTM0_Ch0_Ch1_IRQHandler                  0x000004e5   Thumb Code     0  startup_s32k142.o(.text)
    FTM0_Ch2_Ch3_IRQHandler                  0x000004e5   Thumb Code     0  startup_s32k142.o(.text)
    FTM0_Ch4_Ch5_IRQHandler                  0x000004e5   Thumb Code     0  startup_s32k142.o(.text)
    FTM0_Ch6_Ch7_IRQHandler                  0x000004e5   Thumb Code     0  startup_s32k142.o(.text)
    FTM0_Fault_IRQHandler                    0x000004e5   Thumb Code     0  startup_s32k142.o(.text)
    FTM0_Ovf_Reload_IRQHandler               0x000004e5   Thumb Code     0  startup_s32k142.o(.text)
    FTM1_Ch0_Ch1_IRQHandler                  0x000004e5   Thumb Code     0  startup_s32k142.o(.text)
    FTM1_Ch2_Ch3_IRQHandler                  0x000004e5   Thumb Code     0  startup_s32k142.o(.text)
    FTM1_Ch4_Ch5_IRQHandler                  0x000004e5   Thumb Code     0  startup_s32k142.o(.text)
    FTM1_Ch6_Ch7_IRQHandler                  0x000004e5   Thumb Code     0  startup_s32k142.o(.text)
    FTM1_Fault_IRQHandler                    0x000004e5   Thumb Code     0  startup_s32k142.o(.text)
    FTM1_Ovf_Reload_IRQHandler               0x000004e5   Thumb Code     0  startup_s32k142.o(.text)
    FTM2_Ch0_Ch1_IRQHandler                  0x000004e5   Thumb Code     0  startup_s32k142.o(.text)
    FTM2_Ch2_Ch3_IRQHandler                  0x000004e5   Thumb Code     0  startup_s32k142.o(.text)
    FTM2_Ch4_Ch5_IRQHandler                  0x000004e5   Thumb Code     0  startup_s32k142.o(.text)
    FTM2_Ch6_Ch7_IRQHandler                  0x000004e5   Thumb Code     0  startup_s32k142.o(.text)
    FTM2_Fault_IRQHandler                    0x000004e5   Thumb Code     0  startup_s32k142.o(.text)
    FTM2_Ovf_Reload_IRQHandler               0x000004e5   Thumb Code     0  startup_s32k142.o(.text)
    FTM3_Ch0_Ch1_IRQHandler                  0x000004e5   Thumb Code     0  startup_s32k142.o(.text)
    FTM3_Ch2_Ch3_IRQHandler                  0x000004e5   Thumb Code     0  startup_s32k142.o(.text)
    FTM3_Ch4_Ch5_IRQHandler                  0x000004e5   Thumb Code     0  startup_s32k142.o(.text)
    FTM3_Ch6_Ch7_IRQHandler                  0x000004e5   Thumb Code     0  startup_s32k142.o(.text)
    FTM3_Fault_IRQHandler                    0x000004e5   Thumb Code     0  startup_s32k142.o(.text)
    FTM3_Ovf_Reload_IRQHandler               0x000004e5   Thumb Code     0  startup_s32k142.o(.text)
    LPI2C0_Master_IRQHandler                 0x000004e5   Thumb Code     0  startup_s32k142.o(.text)
    LPI2C0_Slave_IRQHandler                  0x000004e5   Thumb Code     0  startup_s32k142.o(.text)
    LPIT0_Ch1_IRQHandler                     0x000004e5   Thumb Code     0  startup_s32k142.o(.text)
    LPIT0_Ch2_IRQHandler                     0x000004e5   Thumb Code     0  startup_s32k142.o(.text)
    LPIT0_Ch3_IRQHandler                     0x000004e5   Thumb Code     0  startup_s32k142.o(.text)
    LPSPI1_IRQHandler                        0x000004e5   Thumb Code     0  startup_s32k142.o(.text)
    LVD_LVW_IRQHandler                       0x000004e5   Thumb Code     0  startup_s32k142.o(.text)
    MCM_IRQHandler                           0x000004e5   Thumb Code     0  startup_s32k142.o(.text)
    PDB0_IRQHandler                          0x000004e5   Thumb Code     0  startup_s32k142.o(.text)
    PDB1_IRQHandler                          0x000004e5   Thumb Code     0  startup_s32k142.o(.text)
    PORTA_IRQHandler                         0x000004e5   Thumb Code     0  startup_s32k142.o(.text)
    PORTC_IRQHandler                         0x000004e5   Thumb Code     0  startup_s32k142.o(.text)
    PORTD_IRQHandler                         0x000004e5   Thumb Code     0  startup_s32k142.o(.text)
    PORTE_IRQHandler                         0x000004e5   Thumb Code     0  startup_s32k142.o(.text)
    RCM_IRQHandler                           0x000004e5   Thumb Code     0  startup_s32k142.o(.text)
    RTC_IRQHandler                           0x000004e5   Thumb Code     0  startup_s32k142.o(.text)
    RTC_Seconds_IRQHandler                   0x000004e5   Thumb Code     0  startup_s32k142.o(.text)
    Read_Collision_IRQHandler                0x000004e5   Thumb Code     0  startup_s32k142.o(.text)
    Reserved100_IRQHandler                   0x000004e5   Thumb Code     0  startup_s32k142.o(.text)
    Reserved103_IRQHandler                   0x000004e5   Thumb Code     0  startup_s32k142.o(.text)
    Reserved105_IRQHandler                   0x000004e5   Thumb Code     0  startup_s32k142.o(.text)
    Reserved106_IRQHandler                   0x000004e5   Thumb Code     0  startup_s32k142.o(.text)
    Reserved107_IRQHandler                   0x000004e5   Thumb Code     0  startup_s32k142.o(.text)
    Reserved108_IRQHandler                   0x000004e5   Thumb Code     0  startup_s32k142.o(.text)
    Reserved109_IRQHandler                   0x000004e5   Thumb Code     0  startup_s32k142.o(.text)
    Reserved110_IRQHandler                   0x000004e5   Thumb Code     0  startup_s32k142.o(.text)
    Reserved111_IRQHandler                   0x000004e5   Thumb Code     0  startup_s32k142.o(.text)
    Reserved112_IRQHandler                   0x000004e5   Thumb Code     0  startup_s32k142.o(.text)
    Reserved113_IRQHandler                   0x000004e5   Thumb Code     0  startup_s32k142.o(.text)
    Reserved114_IRQHandler                   0x000004e5   Thumb Code     0  startup_s32k142.o(.text)
    Reserved44_IRQHandler                    0x000004e5   Thumb Code     0  startup_s32k142.o(.text)
    Reserved45_IRQHandler                    0x000004e5   Thumb Code     0  startup_s32k142.o(.text)
    Reserved46_IRQHandler                    0x000004e5   Thumb Code     0  startup_s32k142.o(.text)
    Reserved48_IRQHandler                    0x000004e5   Thumb Code     0  startup_s32k142.o(.text)
    Reserved50_IRQHandler                    0x000004e5   Thumb Code     0  startup_s32k142.o(.text)
    Reserved51_IRQHandler                    0x000004e5   Thumb Code     0  startup_s32k142.o(.text)
    Reserved52_IRQHandler                    0x000004e5   Thumb Code     0  startup_s32k142.o(.text)
    Reserved53_IRQHandler                    0x000004e5   Thumb Code     0  startup_s32k142.o(.text)
    Reserved54_IRQHandler                    0x000004e5   Thumb Code     0  startup_s32k142.o(.text)
    Reserved58_IRQHandler                    0x000004e5   Thumb Code     0  startup_s32k142.o(.text)
    Reserved59_IRQHandler                    0x000004e5   Thumb Code     0  startup_s32k142.o(.text)
    Reserved69_IRQHandler                    0x000004e5   Thumb Code     0  startup_s32k142.o(.text)
    Reserved70_IRQHandler                    0x000004e5   Thumb Code     0  startup_s32k142.o(.text)
    Reserved71_IRQHandler                    0x000004e5   Thumb Code     0  startup_s32k142.o(.text)
    Reserved72_IRQHandler                    0x000004e5   Thumb Code     0  startup_s32k142.o(.text)
    Reserved81_IRQHandler                    0x000004e5   Thumb Code     0  startup_s32k142.o(.text)
    Reserved82_IRQHandler                    0x000004e5   Thumb Code     0  startup_s32k142.o(.text)
    Reserved83_IRQHandler                    0x000004e5   Thumb Code     0  startup_s32k142.o(.text)
    Reserved86_IRQHandler                    0x000004e5   Thumb Code     0  startup_s32k142.o(.text)
    Reserved87_IRQHandler                    0x000004e5   Thumb Code     0  startup_s32k142.o(.text)
    Reserved88_IRQHandler                    0x000004e5   Thumb Code     0  startup_s32k142.o(.text)
    Reserved89_IRQHandler                    0x000004e5   Thumb Code     0  startup_s32k142.o(.text)
    Reserved90_IRQHandler                    0x000004e5   Thumb Code     0  startup_s32k142.o(.text)
    Reserved91_IRQHandler                    0x000004e5   Thumb Code     0  startup_s32k142.o(.text)
    Reserved92_IRQHandler                    0x000004e5   Thumb Code     0  startup_s32k142.o(.text)
    Reserved93_IRQHandler                    0x000004e5   Thumb Code     0  startup_s32k142.o(.text)
    Reserved99_IRQHandler                    0x000004e5   Thumb Code     0  startup_s32k142.o(.text)
    SCG_IRQHandler                           0x000004e5   Thumb Code     0  startup_s32k142.o(.text)
    SWI_IRQHandler                           0x000004e5   Thumb Code     0  startup_s32k142.o(.text)
    WDOG_EWM_IRQHandler                      0x000004e5   Thumb Code     0  startup_s32k142.o(.text)
    malloc                                   0x000004f9   Thumb Code    94  h1_alloc.o(.text)
    free                                     0x00000557   Thumb Code    78  h1_free.o(.text)
    strcpy                                   0x000005a5   Thumb Code    72  strcpy.o(.text)
    strlen                                   0x000005ed   Thumb Code    62  strlen.o(.text)
    __aeabi_memcpy                           0x0000062b   Thumb Code     0  rt_memcpy_v6.o(.text)
    __rt_memcpy                              0x0000062b   Thumb Code   138  rt_memcpy_v6.o(.text)
    _memcpy_lastbytes                        0x00000691   Thumb Code     0  rt_memcpy_v6.o(.text)
    __aeabi_memcpy4                          0x000006b5   Thumb Code     0  rt_memcpy_w.o(.text)
    __aeabi_memcpy8                          0x000006b5   Thumb Code     0  rt_memcpy_w.o(.text)
    __rt_memcpy_w                            0x000006b5   Thumb Code   100  rt_memcpy_w.o(.text)
    _memcpy_lastbytes_aligned                0x000006fd   Thumb Code     0  rt_memcpy_w.o(.text)
    __aeabi_memclr4                          0x00000719   Thumb Code     0  rt_memclr_w.o(.text)
    __aeabi_memclr8                          0x00000719   Thumb Code     0  rt_memclr_w.o(.text)
    __rt_memclr_w                            0x00000719   Thumb Code    78  rt_memclr_w.o(.text)
    _memset_w                                0x0000071d   Thumb Code     0  rt_memclr_w.o(.text)
    __rt_heap_descriptor                     0x00000769   Thumb Code     8  rt_heap_descriptor_intlibspace.o(.text)
    __use_no_heap                            0x00000771   Thumb Code     2  hguard.o(.text)
    __heap$guard                             0x00000773   Thumb Code     2  hguard.o(.text)
    _terminate_user_alloc                    0x00000775   Thumb Code     2  init_alloc.o(.text)
    _init_user_alloc                         0x00000777   Thumb Code     2  init_alloc.o(.text)
    __Heap_Full                              0x00000779   Thumb Code    34  init_alloc.o(.text)
    __Heap_Broken                            0x0000079b   Thumb Code     6  init_alloc.o(.text)
    _init_alloc                              0x000007a1   Thumb Code    94  init_alloc.o(.text)
    __Heap_Initialize                        0x000007ff   Thumb Code    10  h1_init.o(.text)
    __Heap_DescSize                          0x00000809   Thumb Code     4  h1_init.o(.text)
    __Heap_ProvideMemory                     0x0000080d   Thumb Code    52  h1_extend.o(.text)
    __rt_SIGRTMEM                            0x00000841   Thumb Code    14  defsig_rtmem_outer.o(.text)
    __I$use$semihosting                      0x0000084f   Thumb Code     0  use_no_semi.o(.text)
    __use_no_semihosting_swi                 0x0000084f   Thumb Code     2  use_no_semi.o(.text)
    __semihosting_library_function           0x00000851   Thumb Code     0  indicate_semi.o(.text)
    exit                                     0x00000851   Thumb Code    18  exit.o(.text)
    __sig_exit                               0x00000863   Thumb Code    10  defsig_exit.o(.text)
    __rt_SIGRTMEM_inner                      0x0000086d   Thumb Code    22  defsig_rtmem_inner.o(.text)
    _sys_exit                                0x000008bd   Thumb Code     8  sys_exit.o(.text)
    __default_signal_display                 0x000008c9   Thumb Code    50  defsig_general.o(.text)
    _ttywrch                                 0x000008fb   Thumb Code    14  sys_wrch.o(.text)
    CAN0_ORed_0_15_MB_IRQHandler             0x00000909   Thumb Code    16  canbus.o(i.CAN0_ORed_0_15_MB_IRQHandler)
    CAN0_ORed_16_31_MB_IRQHandler            0x00000919   Thumb Code    16  canbus.o(i.CAN0_ORed_16_31_MB_IRQHandler)
    Canbus0Recv                              0x00000929   Thumb Code   348  canbus.o(i.Canbus0Recv)
    GpioInit                                 0x00000aa5   Thumb Code    72  gpio.o(i.GpioInit)
    GpioSetDirection                         0x00000af5   Thumb Code   284  gpio.o(i.GpioSetDirection)
    GpioSetVal                               0x00000c2d   Thumb Code   234  gpio.o(i.GpioSetVal)
    LPIT0_Ch0_IRQHandler                     0x00000d21   Thumb Code    98  timer.o(i.LPIT0_Ch0_IRQHandler)
    LPIT0_init                               0x00000d9d   Thumb Code    74  timer.o(i.LPIT0_init)
    LPSPI0_IRQHandler                        0x00000df9   Thumb Code   248  spi.o(i.LPSPI0_IRQHandler)
    LPTMR0_IRQHandler                        0x00000f0d   Thumb Code   106  timer.o(i.LPTMR0_IRQHandler)
    LPUART0_RxTx_IRQHandler                  0x00000f99   Thumb Code   170  uart.o(i.LPUART0_RxTx_IRQHandler)
    LPUART1_RxTx_IRQHandler                  0x00001061   Thumb Code   170  uart.o(i.LPUART1_RxTx_IRQHandler)
    NormalRUNmode_80MHz                      0x00001129   Thumb Code    30  clocks_and_modes.o(i.NormalRUNmode_80MHz)
    PORTB_IRQHandler                         0x00001155   Thumb Code    22  nm_bsp.o(i.PORTB_IRQHandler)
    SOSC_init_8MHz                           0x00001175   Thumb Code    58  clocks_and_modes.o(i.SOSC_init_8MHz)
    SPLL_init_160MHz                         0x000011b9   Thumb Code    92  clocks_and_modes.o(i.SPLL_init_160MHz)
    SpiInitMaster                            0x00001219   Thumb Code   178  spi.o(i.SpiInitMaster)
    SpiRecv                                  0x000012f9   Thumb Code   184  spi.o(i.SpiRecv)
    SpiSend                                  0x000013bd   Thumb Code   250  spi.o(i.SpiSend)
    SystemInit                               0x000014c1   Thumb Code    48  system_s32k142.o(i.SystemInit)
    chip_apply_conf                          0x00001501   Thumb Code    64  nmasic.o(i.chip_apply_conf)
    chip_sleep                               0x00001541   Thumb Code   128  nmasic.o(i.chip_sleep)
    chip_wake                                0x000015c1   Thumb Code   210  nmasic.o(i.chip_wake)
    deQueue                                  0x00001719   Thumb Code    48  nxpqueue.o(i.deQueue)
    deQueueCan                               0x00001749   Thumb Code    54  nxpqueue.o(i.deQueueCan)
    enQueue                                  0x0000177f   Thumb Code    58  nxpqueue.o(i.enQueue)
    enQueueCan                               0x000017b9   Thumb Code    66  nxpqueue.o(i.enQueueCan)
    enable_interrupts                        0x000017fb   Thumb Code    94  nmasic.o(i.enable_interrupts)
    getQueueLen                              0x00001859   Thumb Code    22  nxpqueue.o(i.getQueueLen)
    hif_chip_sleep                           0x00001871   Thumb Code    50  m2m_hif.o(i.hif_chip_sleep)
    hif_chip_sleep_sc                        0x000018a9   Thumb Code    22  m2m_hif.o(i.hif_chip_sleep_sc)
    hif_chip_wake                            0x000018c5   Thumb Code    52  m2m_hif.o(i.hif_chip_wake)
    hif_handle_isr                           0x000018fd   Thumb Code   142  m2m_hif.o(i.hif_handle_isr)
    hif_init                                 0x000019e9   Thumb Code    32  m2m_hif.o(i.hif_init)
    hif_receive                              0x00001f45   Thumb Code   224  m2m_hif.o(i.hif_receive)
    hif_register_cb                          0x0000206d   Thumb Code   108  m2m_hif.o(i.hif_register_cb)
    hif_send                                 0x00002105   Thumb Code   496  m2m_hif.o(i.hif_send)
    initQueue                                0x00002399   Thumb Code    34  nxpqueue.o(i.initQueue)
    init_data_bss                            0x000023bd   Thumb Code    68  startup.o(i.init_data_bss)
    isEmpityQueue                            0x00002411   Thumb Code    18  nxpqueue.o(i.isEmpityQueue)
    isEmpityQueueCan                         0x00002423   Thumb Code    18  nxpqueue.o(i.isEmpityQueueCan)
    isFullQueue                              0x00002435   Thumb Code    30  nxpqueue.o(i.isFullQueue)
    isFullQueueCan                           0x00002453   Thumb Code    30  nxpqueue.o(i.isFullQueueCan)
    m2mStub_EintDisable                      0x00002481   Thumb Code    10  nm_bsp.o(i.m2mStub_EintDisable)
    m2mStub_EintEnable                       0x00002491   Thumb Code    30  nm_bsp.o(i.m2mStub_EintEnable)
    m2mStub_Pin_init                         0x000024c1   Thumb Code    38  nm_bsp.o(i.m2mStub_Pin_init)
    m2mStub_time_init                        0x000024e7   Thumb Code     8  nm_bsp.o(i.m2mStub_time_init)
    m2m_memset                               0x000024f1   Thumb Code    20  nm_common.o(i.m2m_memset)
    m2m_strlen                               0x00002505   Thumb Code    20  nm_common.o(i.m2m_strlen)
    m2m_wifi_enable_ap                       0x00002b45   Thumb Code    42  m2m_wifi.o(i.m2m_wifi_enable_ap)
    m2m_wifi_handle_events                   0x00002b6f   Thumb Code    10  m2m_wifi.o(i.m2m_wifi_handle_events)
    m2m_wifi_init                            0x00002b79   Thumb Code   286  m2m_wifi.o(i.m2m_wifi_init)
    main                                     0x00002d9d   Thumb Code   164  main.o(i.main)
    nm_bsp_init                              0x00002ead   Thumb Code    24  nm_bsp.o(i.nm_bsp_init)
    nm_bsp_interrupt_ctrl                    0x00002ec9   Thumb Code    22  nm_bsp.o(i.nm_bsp_interrupt_ctrl)
    nm_bsp_register_isr                      0x00002edf   Thumb Code     2  nm_bsp.o(i.nm_bsp_register_isr)
    nm_bsp_reset                             0x00002ee1   Thumb Code    62  nm_bsp.o(i.nm_bsp_reset)
    nm_bsp_sleep                             0x00002f1f   Thumb Code    20  nm_bsp.o(i.nm_bsp_sleep)
    nm_bus_deinit                            0x00002f33   Thumb Code     4  nm_bus_wrapper.o(i.nm_bus_deinit)
    nm_bus_iface_deinit                      0x00002f37   Thumb Code    14  nmbus.o(i.nm_bus_iface_deinit)
    nm_bus_iface_init                        0x00002f45   Thumb Code    18  nmbus.o(i.nm_bus_iface_init)
    nm_bus_init                              0x00002f57   Thumb Code     6  nm_bus_wrapper.o(i.nm_bus_init)
    nm_bus_ioctl                             0x00002f5d   Thumb Code    70  nm_bus_wrapper.o(i.nm_bus_ioctl)
    nm_bus_reset                             0x00002fd5   Thumb Code    10  nmbus.o(i.nm_bus_reset)
    nm_drv_deinit                            0x00002fdf   Thumb Code     4  nmdrv.o(i.nm_drv_deinit)
    nm_drv_init                              0x00002fe5   Thumb Code   188  nmdrv.o(i.nm_drv_init)
    nm_get_firmware_full_info                0x00003115   Thumb Code   208  nmdrv.o(i.nm_get_firmware_full_info)
    nm_read_block                            0x000031e9   Thumb Code    84  nmbus.o(i.nm_read_block)
    nm_read_reg                              0x00003241   Thumb Code    12  nmbus.o(i.nm_read_reg)
    nm_read_reg_with_ret                     0x0000324d   Thumb Code    16  nmbus.o(i.nm_read_reg_with_ret)
    nm_spi_init                              0x0000325d   Thumb Code   238  nmspi.o(i.nm_spi_init)
    nm_spi_read_block                        0x000035f1   Thumb Code    40  nmspi.o(i.nm_spi_read_block)
    nm_spi_read_reg                          0x00003619   Thumb Code    16  nmspi.o(i.nm_spi_read_reg)
    nm_spi_read_reg_with_ret                 0x00003629   Thumb Code    32  nmspi.o(i.nm_spi_read_reg_with_ret)
    nm_spi_reset                             0x00003649   Thumb Code    28  nmspi.o(i.nm_spi_reset)
    nm_spi_write_block                       0x00003855   Thumb Code    40  nmspi.o(i.nm_spi_write_block)
    nm_spi_write_reg                         0x0000387d   Thumb Code    32  nmspi.o(i.nm_spi_write_reg)
    nm_write_block                           0x0000389d   Thumb Code    84  nmbus.o(i.nm_write_block)
    nm_write_reg                             0x000038f5   Thumb Code    16  nmbus.o(i.nm_write_reg)
    nmi_get_chipid                           0x00003905   Thumb Code   176  nmasic.o(i.nmi_get_chipid)
    nxpPrintf                                0x000039f5   Thumb Code    42  printf.o(i.nxpPrintf)
    out_char                                 0x00003a25   Thumb Code    20  printf.o(i.out_char)
    printk                                   0x00003a65   Thumb Code  1156  printf.o(i.printk)
    uartInit                                 0x00004bed   Thumb Code   454  uart.o(i.uartInit)
    wait_for_bootrom                         0x00004e05   Thumb Code   248  nmasic.o(i.wait_for_bootrom)
    wait_for_firmware_start                  0x00004f35   Thumb Code   104  nmasic.o(i.wait_for_firmware_start)
    wifi_init                                0x00004fc9   Thumb Code    40  winc_init.o(i.wifi_init)
    __aeabi_dadd                             0x00004ff1   Thumb Code     0  daddsub_clz.o(x$fpl$dadd)
    _dadd                                    0x00004ff1   Thumb Code   332  daddsub_clz.o(x$fpl$dadd)
    __aeabi_ddiv                             0x00005141   Thumb Code     0  ddiv.o(x$fpl$ddiv)
    _ddiv                                    0x00005141   Thumb Code   552  ddiv.o(x$fpl$ddiv)
    __aeabi_d2iz                             0x000053f1   Thumb Code     0  dfix.o(x$fpl$dfix)
    _dfix                                    0x000053f1   Thumb Code    94  dfix.o(x$fpl$dfix)
    __aeabi_i2d                              0x0000544f   Thumb Code     0  dflt_clz.o(x$fpl$dflt)
    _dflt                                    0x0000544f   Thumb Code    46  dflt_clz.o(x$fpl$dflt)
    __aeabi_ui2d                             0x0000547d   Thumb Code     0  dflt_clz.o(x$fpl$dfltu)
    _dfltu                                   0x0000547d   Thumb Code    38  dflt_clz.o(x$fpl$dfltu)
    __fpl_dnaninf                            0x000054a3   Thumb Code   156  dnaninf.o(x$fpl$dnaninf)
    __fpl_dretinf                            0x0000553f   Thumb Code    12  dretinf.o(x$fpl$dretinf)
    __aeabi_dsub                             0x0000554d   Thumb Code     0  daddsub_clz.o(x$fpl$dsub)
    _dsub                                    0x0000554d   Thumb Code   464  daddsub_clz.o(x$fpl$dsub)
    _fp_init                                 0x00005721   Thumb Code    10  fpinit.o(x$fpl$fpinit)
    __fplib_config_fpu_vfp                   0x00005729   Thumb Code     0  fpinit.o(x$fpl$fpinit)
    __fplib_config_pureend_doubles           0x00005729   Thumb Code     0  fpinit.o(x$fpl$fpinit)
    __I$use$fp                               0x0000572a   Number         0  usenofp.o(x$fpl$usenofp)
    Region$$Table$$Base                      0x00005b68   Number         0  anon$$obj.o(Region$$Table)
    Region$$Table$$Limit                     0x00005ba8   Number         0  anon$$obj.o(Region$$Table)
    Image$$RW_m_data$$Base                   0x1fffc000   Number         0  anon$$obj.o ABSOLUTE
    RxCODE                                   0x1fffc000   Data           4  canbus.o(.data)
    RxID                                     0x1fffc004   Data           4  canbus.o(.data)
    RxLENGTH                                 0x1fffc008   Data           4  canbus.o(.data)
    RxDATA                                   0x1fffc00c   Data           8  canbus.o(.data)
    RxTIMESTAMP                              0x1fffc014   Data           4  canbus.o(.data)
    io                                       0x1fffc050   Data           4  nm_bus_wrapper.o(.data)
    spi_instance                             0x1fffc054   Data           4  nm_bus_wrapper.o(.data)
    egstrNmBusCapabilities                   0x1fffc058   Data           2  nm_bus_wrapper.o(.data)
    spi_buf                                  0x1fffc080   Data        1024  spi.o(.bss)
    spi_recv                                 0x1fffc480   Data        1024  spi.o(.bss)
    uart0_buf                                0x1fffc880   Data        1024  uart.o(.bss)
    uart0_recv                               0x1fffcc80   Data        1024  uart.o(.bss)
    uart1_buf                                0x1fffd080   Data        1024  uart.o(.bss)
    uart1_recv                               0x1fffd480   Data        1024  uart.o(.bss)
    gstrHifCxt                               0x1fffd8c0   Data          44  m2m_hif.o(.bss)
    __libspace_start                         0x1fffd8ec   Data          96  libspace.o(.bss)
    __temporary_stack_top$libspace           0x1fffd94c   Data           0  libspace.o(.bss)
    modeTemp                                 0x20000010   Data           4  timer.o(.data)
    str_baudParameter                        0x2000006c   Data          30  canbus.o(.bss)
    Image$$ARM_LIB_HEAP$$ZI$$Base            0x20000148   Number         0  anon$$obj.o ABSOLUTE
    Image$$ARM_LIB_HEAP$$ZI$$Limit           0x20000548   Number         0  anon$$obj.o ABSOLUTE
    Image$$ARM_LIB_STACK$$ZI$$Limit          0x20003000   Number         0  anon$$obj.o ABSOLUTE



==============================================================================

Memory Map of the image

  Image Entry point : 0x00000411

  Load Region LR_m_text (Base: 0x00000410, Size: 0x00005864, Max: 0x0003fbf0, ABSOLUTE)

    Execution Region ER_m_text (Exec base: 0x00000410, Load base: 0x00000410, Size: 0x00005798, Max: 0x0003fbf0, ABSOLUTE)

    Exec Addr    Load Addr    Size         Type   Attr      Idx    E Section Name        Object

    0x00000410   0x00000410   0x00000008   Code   RO         2784  * !!!main             c_w.l(__main.o)
    0x00000418   0x00000418   0x00000034   Code   RO         3257    !!!scatter          c_w.l(__scatter.o)
    0x0000044c   0x0000044c   0x0000001a   Code   RO         3259    !!handler_copy      c_w.l(__scatter_copy.o)
    0x00000466   0x00000466   0x00000002   PAD
    0x00000468   0x00000468   0x0000001c   Code   RO         3261    !!handler_zi        c_w.l(__scatter_zi.o)
    0x00000484   0x00000484   0x00000002   Code   RO         3152    .ARM.Collect$$libinit$$00000000  c_w.l(libinit.o)
    0x00000486   0x00000486   0x00000004   Code   RO         2931    .ARM.Collect$$libinit$$00000001  c_w.l(libinit2.o)
    0x0000048a   0x0000048a   0x00000000   Code   RO         2934    .ARM.Collect$$libinit$$00000004  c_w.l(libinit2.o)
    0x0000048a   0x0000048a   0x00000008   Code   RO         3208    .ARM.Collect$$libinit$$00000008  c_w.l(libinit5.o)
    0x00000492   0x00000492   0x00000000   Code   RO         2937    .ARM.Collect$$libinit$$0000000A  c_w.l(libinit2.o)
    0x00000492   0x00000492   0x00000000   Code   RO         2939    .ARM.Collect$$libinit$$0000000C  c_w.l(libinit2.o)
    0x00000492   0x00000492   0x00000000   Code   RO         2941    .ARM.Collect$$libinit$$0000000E  c_w.l(libinit2.o)
    0x00000492   0x00000492   0x00000000   Code   RO         2944    .ARM.Collect$$libinit$$00000011  c_w.l(libinit2.o)
    0x00000492   0x00000492   0x00000000   Code   RO         2946    .ARM.Collect$$libinit$$00000013  c_w.l(libinit2.o)
    0x00000492   0x00000492   0x00000000   Code   RO         2948    .ARM.Collect$$libinit$$00000015  c_w.l(libinit2.o)
    0x00000492   0x00000492   0x00000000   Code   RO         2950    .ARM.Collect$$libinit$$00000017  c_w.l(libinit2.o)
    0x00000492   0x00000492   0x00000000   Code   RO         2952    .ARM.Collect$$libinit$$00000019  c_w.l(libinit2.o)
    0x00000492   0x00000492   0x00000000   Code   RO         2954    .ARM.Collect$$libinit$$0000001B  c_w.l(libinit2.o)
    0x00000492   0x00000492   0x00000000   Code   RO         2956    .ARM.Collect$$libinit$$0000001D  c_w.l(libinit2.o)
    0x00000492   0x00000492   0x00000000   Code   RO         2958    .ARM.Collect$$libinit$$0000001F  c_w.l(libinit2.o)
    0x00000492   0x00000492   0x00000000   Code   RO         2960    .ARM.Collect$$libinit$$00000021  c_w.l(libinit2.o)
    0x00000492   0x00000492   0x00000000   Code   RO         2962    .ARM.Collect$$libinit$$00000023  c_w.l(libinit2.o)
    0x00000492   0x00000492   0x00000000   Code   RO         2964    .ARM.Collect$$libinit$$00000025  c_w.l(libinit2.o)
    0x00000492   0x00000492   0x00000000   Code   RO         2968    .ARM.Collect$$libinit$$0000002C  c_w.l(libinit2.o)
    0x00000492   0x00000492   0x00000000   Code   RO         2970    .ARM.Collect$$libinit$$0000002E  c_w.l(libinit2.o)
    0x00000492   0x00000492   0x00000000   Code   RO         2972    .ARM.Collect$$libinit$$00000030  c_w.l(libinit2.o)
    0x00000492   0x00000492   0x00000000   Code   RO         2974    .ARM.Collect$$libinit$$00000032  c_w.l(libinit2.o)
    0x00000492   0x00000492   0x00000002   Code   RO         2975    .ARM.Collect$$libinit$$00000033  c_w.l(libinit2.o)
    0x00000494   0x00000494   0x00000008   Code   RO         3209    .ARM.Collect$$libinit$$00002719  c_w.l(libinit5.o)
    0x0000049c   0x0000049c   0x00000002   Code   RO         3254    .ARM.Collect$$libshutdown$$00000000  c_w.l(libshutdown.o)
    0x0000049e   0x0000049e   0x00000000   Code   RO         3154    .ARM.Collect$$libshutdown$$00000002  c_w.l(libshutdown2.o)
    0x0000049e   0x0000049e   0x00000000   Code   RO         3156    .ARM.Collect$$libshutdown$$00000004  c_w.l(libshutdown2.o)
    0x0000049e   0x0000049e   0x00000000   Code   RO         3159    .ARM.Collect$$libshutdown$$00000007  c_w.l(libshutdown2.o)
    0x0000049e   0x0000049e   0x00000000   Code   RO         3162    .ARM.Collect$$libshutdown$$0000000A  c_w.l(libshutdown2.o)
    0x0000049e   0x0000049e   0x00000000   Code   RO         3164    .ARM.Collect$$libshutdown$$0000000C  c_w.l(libshutdown2.o)
    0x0000049e   0x0000049e   0x00000000   Code   RO         3167    .ARM.Collect$$libshutdown$$0000000F  c_w.l(libshutdown2.o)
    0x0000049e   0x0000049e   0x00000002   Code   RO         3168    .ARM.Collect$$libshutdown$$00000010  c_w.l(libshutdown2.o)
    0x000004a0   0x000004a0   0x00000000   Code   RO         2808    .ARM.Collect$$rtentry$$00000000  c_w.l(__rtentry.o)
    0x000004a0   0x000004a0   0x00000000   Code   RO         2995    .ARM.Collect$$rtentry$$00000002  c_w.l(__rtentry2.o)
    0x000004a0   0x000004a0   0x00000004   Code   RO         3009    .ARM.Collect$$rtentry$$00000007  c_w.l(__rtentry7.o)
    0x000004a4   0x000004a4   0x00000000   Code   RO         2997    .ARM.Collect$$rtentry$$00000009  c_w.l(__rtentry2.o)
    0x000004a4   0x000004a4   0x00000004   Code   RO         2998    .ARM.Collect$$rtentry$$0000000A  c_w.l(__rtentry2.o)
    0x000004a8   0x000004a8   0x00000000   Code   RO         3000    .ARM.Collect$$rtentry$$0000000C  c_w.l(__rtentry2.o)
    0x000004a8   0x000004a8   0x00000008   Code   RO         3001    .ARM.Collect$$rtentry$$0000000D  c_w.l(__rtentry2.o)
    0x000004b0   0x000004b0   0x00000004   Code   RO         3010    .ARM.Collect$$rtentry$$00002718  c_w.l(__rtentry7.o)
    0x000004b4   0x000004b4   0x00000002   Code   RO         3179    .ARM.Collect$$rtexit$$00000000  c_w.l(rtexit.o)
    0x000004b6   0x000004b6   0x00000000   Code   RO         3215    .ARM.Collect$$rtexit$$00000002  c_w.l(rtexit2.o)
    0x000004b6   0x000004b6   0x00000004   Code   RO         3216    .ARM.Collect$$rtexit$$00000003  c_w.l(rtexit2.o)
    0x000004ba   0x000004ba   0x00000006   Code   RO         3217    .ARM.Collect$$rtexit$$00000004  c_w.l(rtexit2.o)
    0x000004c0   0x000004c0   0x00000000   Code   RO         3016    .emb_text           c_w.l(maybetermalloc1.o)
    0x000004c0   0x000004c0   0x00000038   Code   RO         2657    .text               startup_s32k142.o
    0x000004f8   0x000004f8   0x0000005e   Code   RO         2710    .text               c_w.l(h1_alloc.o)
    0x00000556   0x00000556   0x0000004e   Code   RO         2712    .text               c_w.l(h1_free.o)
    0x000005a4   0x000005a4   0x00000048   Code   RO         2774    .text               c_w.l(strcpy.o)
    0x000005ec   0x000005ec   0x0000003e   Code   RO         2776    .text               c_w.l(strlen.o)
    0x0000062a   0x0000062a   0x0000008a   Code   RO         2778    .text               c_w.l(rt_memcpy_v6.o)
    0x000006b4   0x000006b4   0x00000064   Code   RO         2780    .text               c_w.l(rt_memcpy_w.o)
    0x00000718   0x00000718   0x0000004e   Code   RO         2782    .text               c_w.l(rt_memclr_w.o)
    0x00000766   0x00000766   0x00000002   PAD
    0x00000768   0x00000768   0x00000008   Code   RO         2812    .text               c_w.l(rt_heap_descriptor_intlibspace.o)
    0x00000770   0x00000770   0x00000004   Code   RO         2814    .text               c_w.l(hguard.o)
    0x00000774   0x00000774   0x0000008a   Code   RO         2816    .text               c_w.l(init_alloc.o)
    0x000007fe   0x000007fe   0x0000000e   Code   RO         2820    .text               c_w.l(h1_init.o)
    0x0000080c   0x0000080c   0x00000034   Code   RO         3018    .text               c_w.l(h1_extend.o)
    0x00000840   0x00000840   0x0000000e   Code   RO         3054    .text               c_w.l(defsig_rtmem_outer.o)
    0x0000084e   0x0000084e   0x00000002   Code   RO         3072    .text               c_w.l(use_no_semi.o)
    0x00000850   0x00000850   0x00000000   Code   RO         3074    .text               c_w.l(indicate_semi.o)
    0x00000850   0x00000850   0x00000012   Code   RO         3133    .text               c_w.l(exit.o)
    0x00000862   0x00000862   0x0000000a   Code   RO         3135    .text               c_w.l(defsig_exit.o)
    0x0000086c   0x0000086c   0x00000050   Code   RO         3141    .text               c_w.l(defsig_rtmem_inner.o)
    0x000008bc   0x000008bc   0x0000000c   Code   RO         3175    .text               c_w.l(sys_exit.o)
    0x000008c8   0x000008c8   0x00000032   Code   RO         3200    .text               c_w.l(defsig_general.o)
    0x000008fa   0x000008fa   0x0000000e   Code   RO         3212    .text               c_w.l(sys_wrch.o)
    0x00000908   0x00000908   0x00000010   Code   RO          130    i.CAN0_ORed_0_15_MB_IRQHandler  canbus.o
    0x00000918   0x00000918   0x00000010   Code   RO          131    i.CAN0_ORed_16_31_MB_IRQHandler  canbus.o
    0x00000928   0x00000928   0x0000017c   Code   RO          134    i.Canbus0Recv       canbus.o
    0x00000aa4   0x00000aa4   0x00000050   Code   RO          473    i.GpioInit          gpio.o
    0x00000af4   0x00000af4   0x00000138   Code   RO          474    i.GpioSetDirection  gpio.o
    0x00000c2c   0x00000c2c   0x000000f4   Code   RO          475    i.GpioSetVal        gpio.o
    0x00000d20   0x00000d20   0x0000007c   Code   RO          773    i.LPIT0_Ch0_IRQHandler  timer.o
    0x00000d9c   0x00000d9c   0x0000005c   Code   RO          774    i.LPIT0_init        timer.o
    0x00000df8   0x00000df8   0x00000114   Code   RO          662    i.LPSPI0_IRQHandler  spi.o
    0x00000f0c   0x00000f0c   0x0000008c   Code   RO          777    i.LPTMR0_IRQHandler  timer.o
    0x00000f98   0x00000f98   0x000000c8   Code   RO          903    i.LPUART0_RxTx_IRQHandler  uart.o
    0x00001060   0x00001060   0x000000c8   Code   RO          904    i.LPUART1_RxTx_IRQHandler  uart.o
    0x00001128   0x00001128   0x0000002c   Code   RO          229    i.NormalRUNmode_80MHz  clocks_and_modes.o
    0x00001154   0x00001154   0x00000020   Code   RO         1172    i.PORTB_IRQHandler  nm_bsp.o
    0x00001174   0x00001174   0x00000044   Code   RO          230    i.SOSC_init_8MHz    clocks_and_modes.o
    0x000011b8   0x000011b8   0x00000060   Code   RO          231    i.SPLL_init_160MHz  clocks_and_modes.o
    0x00001218   0x00001218   0x000000e0   Code   RO          669    i.SpiInitMaster     spi.o
    0x000012f8   0x000012f8   0x000000c4   Code   RO          670    i.SpiRecv           spi.o
    0x000013bc   0x000013bc   0x00000104   Code   RO          671    i.SpiSend           spi.o
    0x000014c0   0x000014c0   0x00000040   Code   RO         2665    i.SystemInit        system_s32k142.o
    0x00001500   0x00001500   0x00000040   Code   RO         2318    i.chip_apply_conf   nmasic.o
    0x00001540   0x00001540   0x00000080   Code   RO         2323    i.chip_sleep        nmasic.o
    0x000015c0   0x000015c0   0x00000124   Code   RO         2324    i.chip_wake         nmasic.o
    0x000016e4   0x000016e4   0x00000022   Code   RO         1427    i.crc7              nmspi.o
    0x00001706   0x00001706   0x00000002   PAD
    0x00001708   0x00001708   0x00000010   Code   RO         1428    i.crc7_byte         nmspi.o
    0x00001718   0x00001718   0x00000030   Code   RO          513    i.deQueue           nxpqueue.o
    0x00001748   0x00001748   0x00000036   Code   RO          514    i.deQueueCan        nxpqueue.o
    0x0000177e   0x0000177e   0x0000003a   Code   RO          517    i.enQueue           nxpqueue.o
    0x000017b8   0x000017b8   0x00000042   Code   RO          518    i.enQueueCan        nxpqueue.o
    0x000017fa   0x000017fa   0x0000005e   Code   RO         2327    i.enable_interrupts  nmasic.o
    0x00001858   0x00001858   0x00000016   Code   RO          519    i.getQueueLen       nxpqueue.o
    0x0000186e   0x0000186e   0x00000002   PAD
    0x00001870   0x00001870   0x00000038   Code   RO         1590    i.hif_chip_sleep    m2m_hif.o
    0x000018a8   0x000018a8   0x0000001c   Code   RO         1591    i.hif_chip_sleep_sc  m2m_hif.o
    0x000018c4   0x000018c4   0x00000038   Code   RO         1592    i.hif_chip_wake     m2m_hif.o
    0x000018fc   0x000018fc   0x000000ec   Code   RO         1595    i.hif_handle_isr    m2m_hif.o
    0x000019e8   0x000019e8   0x0000002c   Code   RO         1596    i.hif_init          m2m_hif.o
    0x00001a14   0x00001a14   0x00000530   Code   RO         1597    i.hif_isr           m2m_hif.o
    0x00001f44   0x00001f44   0x00000128   Code   RO         1598    i.hif_receive       m2m_hif.o
    0x0000206c   0x0000206c   0x00000098   Code   RO         1599    i.hif_register_cb   m2m_hif.o
    0x00002104   0x00002104   0x00000250   Code   RO         1600    i.hif_send          m2m_hif.o
    0x00002354   0x00002354   0x00000044   Code   RO         1601    i.hif_set_rx_done   m2m_hif.o
    0x00002398   0x00002398   0x00000022   Code   RO          521    i.initQueue         nxpqueue.o
    0x000023ba   0x000023ba   0x00000002   PAD
    0x000023bc   0x000023bc   0x00000054   Code   RO         2629    i.init_data_bss     startup.o
    0x00002410   0x00002410   0x00000012   Code   RO          523    i.isEmpityQueue     nxpqueue.o
    0x00002422   0x00002422   0x00000012   Code   RO          524    i.isEmpityQueueCan  nxpqueue.o
    0x00002434   0x00002434   0x0000001e   Code   RO          525    i.isFullQueue       nxpqueue.o
    0x00002452   0x00002452   0x0000001e   Code   RO          526    i.isFullQueueCan    nxpqueue.o
    0x00002470   0x00002470   0x00000010   Code   RO         1604    i.isr               m2m_hif.o
    0x00002480   0x00002480   0x00000010   Code   RO         1174    i.m2mStub_EintDisable  nm_bsp.o
    0x00002490   0x00002490   0x00000030   Code   RO         1175    i.m2mStub_EintEnable  nm_bsp.o
    0x000024c0   0x000024c0   0x00000026   Code   RO         1176    i.m2mStub_Pin_init  nm_bsp.o
    0x000024e6   0x000024e6   0x00000008   Code   RO         1178    i.m2mStub_time_init  nm_bsp.o
    0x000024ee   0x000024ee   0x00000002   Code   RO         1605    i.m2m_hif_cb        m2m_hif.o
    0x000024f0   0x000024f0   0x00000014   Code   RO         1067    i.m2m_memset        nm_common.o
    0x00002504   0x00002504   0x00000014   Code   RO         1068    i.m2m_strlen        nm_common.o
    0x00002518   0x00002518   0x000002bc   Code   RO         1945    i.m2m_validate_ap_parameters  m2m_wifi.o
    0x000027d4   0x000027d4   0x00000370   Code   RO         1947    i.m2m_wifi_cb       m2m_wifi.o
    0x00002b44   0x00002b44   0x0000002a   Code   RO         1957    i.m2m_wifi_enable_ap  m2m_wifi.o
    0x00002b6e   0x00002b6e   0x0000000a   Code   RO         1969    i.m2m_wifi_handle_events  m2m_wifi.o
    0x00002b78   0x00002b78   0x00000224   Code   RO         1970    i.m2m_wifi_init     m2m_wifi.o
    0x00002d9c   0x00002d9c   0x00000110   Code   RO            7    i.main              main.o
    0x00002eac   0x00002eac   0x0000001c   Code   RO         1180    i.nm_bsp_init       nm_bsp.o
    0x00002ec8   0x00002ec8   0x00000016   Code   RO         1181    i.nm_bsp_interrupt_ctrl  nm_bsp.o
    0x00002ede   0x00002ede   0x00000002   Code   RO         1182    i.nm_bsp_register_isr  nm_bsp.o
    0x00002ee0   0x00002ee0   0x0000003e   Code   RO         1183    i.nm_bsp_reset      nm_bsp.o
    0x00002f1e   0x00002f1e   0x00000014   Code   RO         1184    i.nm_bsp_sleep      nm_bsp.o
    0x00002f32   0x00002f32   0x00000004   Code   RO         1116    i.nm_bus_deinit     nm_bus_wrapper.o
    0x00002f36   0x00002f36   0x0000000e   Code   RO         2468    i.nm_bus_iface_deinit  nmbus.o
    0x00002f44   0x00002f44   0x00000012   Code   RO         2469    i.nm_bus_iface_init  nmbus.o
    0x00002f56   0x00002f56   0x00000006   Code   RO         1117    i.nm_bus_init       nm_bus_wrapper.o
    0x00002f5c   0x00002f5c   0x00000078   Code   RO         1118    i.nm_bus_ioctl      nm_bus_wrapper.o
    0x00002fd4   0x00002fd4   0x0000000a   Code   RO         2471    i.nm_bus_reset      nmbus.o
    0x00002fde   0x00002fde   0x00000004   Code   RO         2551    i.nm_drv_deinit     nmdrv.o
    0x00002fe2   0x00002fe2   0x00000002   PAD
    0x00002fe4   0x00002fe4   0x00000130   Code   RO         2552    i.nm_drv_init       nmdrv.o
    0x00003114   0x00003114   0x000000d4   Code   RO         2554    i.nm_get_firmware_full_info  nmdrv.o
    0x000031e8   0x000031e8   0x00000058   Code   RO         2472    i.nm_read_block     nmbus.o
    0x00003240   0x00003240   0x0000000c   Code   RO         2473    i.nm_read_reg       nmbus.o
    0x0000324c   0x0000324c   0x00000010   Code   RO         2474    i.nm_read_reg_with_ret  nmbus.o
    0x0000325c   0x0000325c   0x000001a0   Code   RO         1430    i.nm_spi_init       nmspi.o
    0x000033fc   0x000033fc   0x000001f4   Code   RO         1431    i.nm_spi_read       nmspi.o
    0x000035f0   0x000035f0   0x00000028   Code   RO         1432    i.nm_spi_read_block  nmspi.o
    0x00003618   0x00003618   0x00000010   Code   RO         1433    i.nm_spi_read_reg   nmspi.o
    0x00003628   0x00003628   0x00000020   Code   RO         1434    i.nm_spi_read_reg_with_ret  nmspi.o
    0x00003648   0x00003648   0x0000001c   Code   RO         1435    i.nm_spi_reset      nmspi.o
    0x00003664   0x00003664   0x000001f0   Code   RO         1436    i.nm_spi_write      nmspi.o
    0x00003854   0x00003854   0x00000028   Code   RO         1437    i.nm_spi_write_block  nmspi.o
    0x0000387c   0x0000387c   0x00000020   Code   RO         1438    i.nm_spi_write_reg  nmspi.o
    0x0000389c   0x0000389c   0x00000058   Code   RO         2475    i.nm_write_block    nmbus.o
    0x000038f4   0x000038f4   0x00000010   Code   RO         2476    i.nm_write_reg      nmbus.o
    0x00003904   0x00003904   0x000000bc   Code   RO         2329    i.nmi_get_chipid    nmasic.o
    0x000039c0   0x000039c0   0x0000001a   Code   RO         1439    i.nmi_spi_read      nmspi.o
    0x000039da   0x000039da   0x0000001a   Code   RO         1440    i.nmi_spi_write     nmspi.o
    0x000039f4   0x000039f4   0x00000030   Code   RO          996    i.nxpPrintf         printf.o
    0x00003a24   0x00003a24   0x00000018   Code   RO          997    i.out_char          printf.o
    0x00003a3c   0x00003a3c   0x00000014   Code   RO         2477    i.p_nm_read_block   nmbus.o
    0x00003a50   0x00003a50   0x00000014   Code   RO         2478    i.p_nm_write_block  nmbus.o
    0x00003a64   0x00003a64   0x00000484   Code   RO          998    i.printk            printf.o
    0x00003ee8   0x00003ee8   0x0000008c   Code   RO          999    i.printk_mknumstr   printf.o
    0x00003f74   0x00003f74   0x00000026   Code   RO         1000    i.printk_pad_space  printf.o
    0x00003f9a   0x00003f9a   0x00000026   Code   RO         1001    i.printk_pad_zero   printf.o
    0x00003fc0   0x00003fc0   0x00000034   Code   RO         1002    i.printk_putc       printf.o
    0x00003ff4   0x00003ff4   0x00000210   Code   RO         1441    i.spi_cmd           nmspi.o
    0x00004204   0x00004204   0x000000f4   Code   RO         1442    i.spi_cmd_rsp       nmspi.o
    0x000042f8   0x000042f8   0x00000214   Code   RO         1443    i.spi_data_read     nmspi.o
    0x0000450c   0x0000450c   0x000000f0   Code   RO         1444    i.spi_data_rsp      nmspi.o
    0x000045fc   0x000045fc   0x000001b8   Code   RO         1445    i.spi_data_write    nmspi.o
    0x000047b4   0x000047b4   0x0000006e   Code   RO         1446    i.spi_init_pkt_sz   nmspi.o
    0x00004822   0x00004822   0x00000002   PAD
    0x00004824   0x00004824   0x000001e4   Code   RO         1447    i.spi_read_reg      nmspi.o
    0x00004a08   0x00004a08   0x00000060   Code   RO         1121    i.spi_rw            nm_bus_wrapper.o
    0x00004a68   0x00004a68   0x00000184   Code   RO         1448    i.spi_write_reg     nmspi.o
    0x00004bec   0x00004bec   0x00000218   Code   RO          907    i.uartInit          uart.o
    0x00004e04   0x00004e04   0x00000130   Code   RO         2339    i.wait_for_bootrom  nmasic.o
    0x00004f34   0x00004f34   0x00000074   Code   RO         2340    i.wait_for_firmware_start  nmasic.o
    0x00004fa8   0x00004fa8   0x00000020   Code   RO            8    i.wifi_cb           main.o
    0x00004fc8   0x00004fc8   0x00000028   Code   RO         2601    i.wifi_init         winc_init.o
    0x00004ff0   0x00004ff0   0x00000150   Code   RO         2786    x$fpl$dadd          fz_wm.l(daddsub_clz.o)
    0x00005140   0x00005140   0x000002b0   Code   RO         2793    x$fpl$ddiv          fz_wm.l(ddiv.o)
    0x000053f0   0x000053f0   0x0000005e   Code   RO         2796    x$fpl$dfix          fz_wm.l(dfix.o)
    0x0000544e   0x0000544e   0x0000002e   Code   RO         2801    x$fpl$dflt          fz_wm.l(dflt_clz.o)
    0x0000547c   0x0000547c   0x00000026   Code   RO         2800    x$fpl$dfltu         fz_wm.l(dflt_clz.o)
    0x000054a2   0x000054a2   0x0000009c   Code   RO         2976    x$fpl$dnaninf       fz_wm.l(dnaninf.o)
    0x0000553e   0x0000553e   0x0000000c   Code   RO         2978    x$fpl$dretinf       fz_wm.l(dretinf.o)
    0x0000554a   0x0000554a   0x00000002   PAD
    0x0000554c   0x0000554c   0x000001d4   Code   RO         2788    x$fpl$dsub          fz_wm.l(daddsub_clz.o)
    0x00005720   0x00005720   0x0000000a   Code   RO         3065    x$fpl$fpinit        fz_wm.l(fpinit.o)
    0x0000572a   0x0000572a   0x00000000   Code   RO         2988    x$fpl$usenofp       fz_wm.l(usenofp.o)
    0x0000572a   0x0000572a   0x00000002   PAD
    0x0000572c   0x0000572c   0x00000024   Data   RO          915    .constdata          uart.o
    0x00005750   0x00005750   0x0000000d   Data   RO         1122    .constdata          nm_bus_wrapper.o
    0x0000575d   0x0000575d   0x0000017e   Data   RO         1449    .constdata          nmspi.o
    0x000058db   0x000058db   0x0000003c   Data   RO         1607    .constdata          m2m_hif.o
    0x00005917   0x00005917   0x000000df   Data   RO         2005    .constdata          m2m_wifi.o
    0x000059f6   0x000059f6   0x00000022   Data   RO         2341    .constdata          nmasic.o
    0x00005a18   0x00005a18   0x00000026   Data   RO         2557    .constdata          nmdrv.o
    0x00005a3e   0x00005a3e   0x00000002   PAD
    0x00005a40   0x00005a40   0x00000004   Data   RO         2630    .constdata          startup.o
    0x00005a44   0x00005a44   0x00000050   Data   RO         1450    .conststring        nmspi.o
    0x00005a94   0x00005a94   0x000000d3   Data   RO         1608    .conststring        m2m_hif.o
    0x00005b67   0x00005b67   0x00000001   PAD
    0x00005b68   0x00005b68   0x00000040   Data   RO         3255    Region$$Table       anon$$obj.o


    Execution Region RW_m_data (Exec base: 0x1fffc000, Load base: 0x00005ba8, Size: 0x0000194c, Max: 0x00004000, ABSOLUTE)

    Exec Addr    Load Addr    Size         Type   Attr      Idx    E Section Name        Object

    0x1fffc000   0x00005ba8   0x00000030   Data   RW          139    .data               canbus.o
    0x1fffc030   0x00005bd8   0x0000001d   Data   RW          676    .data               spi.o
    0x1fffc04d   0x00005bf5   0x00000003   PAD
    0x1fffc050   0x00005bf8   0x0000000a   Data   RW         1123    .data               nm_bus_wrapper.o
    0x1fffc05a   0x00005c02   0x00000002   PAD
    0x1fffc05c   0x00005c04   0x00000004   Data   RW         2342    .data               nmasic.o
    0x1fffc060        -       0x00000820   Zero   RW          675    .bss                spi.o
    0x1fffc880        -       0x00001040   Zero   RW          914    .bss                uart.o
    0x1fffd8c0        -       0x0000002c   Zero   RW         1606    .bss                m2m_hif.o
    0x1fffd8ec        -       0x00000060   Zero   RW         2992    .bss                c_w.l(libspace.o)


    Execution Region RW_m_data_2 (Exec base: 0x20000000, Load base: 0x00005c08, Size: 0x00000148, Max: 0x00002800, ABSOLUTE)

    Exec Addr    Load Addr    Size         Type   Attr      Idx    E Section Name        Object

    0x20000000   0x00005c08   0x00000024   Data   RW          789    .data               timer.o
    0x20000024   0x00005c2c   0x0000002c   Data   RW          916    .data               uart.o
    0x20000050   0x00005c58   0x00000004   Data   RW         1185    .data               nm_bsp.o
    0x20000054   0x00005c5c   0x00000001   Data   RW         1451    .data               nmspi.o
    0x20000055   0x00005c5d   0x00000003   PAD
    0x20000058   0x00005c60   0x00000014   Data   RW         2006    .data               m2m_wifi.o
    0x2000006c        -       0x0000003c   Zero   RW          138    .bss                canbus.o
    0x200000a8        -       0x000000a0   Zero   RW          788    .bss                timer.o


    Execution Region ARM_LIB_HEAP (Exec base: 0x20000148, Load base: 0x00005c74, Size: 0x00000400, Max: 0x00000400, ABSOLUTE)

    Exec Addr    Load Addr    Size         Type   Attr      Idx    E Section Name        Object

    0x20000148        -       0x00000400   Zero   RW            1    ARM_LIB_HEAP.bss    anon$$obj.o


    Execution Region ARM_LIB_STACK (Exec base: 0x20002c00, Load base: 0x00005c74, Size: 0x00000400, Max: 0x00000400, ABSOLUTE)

    Exec Addr    Load Addr    Size         Type   Attr      Idx    E Section Name        Object

    0x20002c00        -       0x00000400   Zero   RW            2    ARM_LIB_STACK.bss   anon$$obj.o



  Load Region LR_m_interrupts (Base: 0x00000000, Size: 0x00000400, Max: 0x00000400, ABSOLUTE)

    Execution Region VECTOR_RAM (Exec base: 0x00000000, Load base: 0x00000000, Size: 0x00000000, Max: 0x00000000, ABSOLUTE)

    Exec Addr    Load Addr    Size         Type   Attr      Idx    E Section Name        Object

    0x00000000        -       0x00000000   Zero   RW            3    VECTOR_RAM.bss      anon$$obj.o


    Execution Region VECTOR_ROM (Exec base: 0x00000000, Load base: 0x00000000, Size: 0x00000400, Max: 0x00000400, ABSOLUTE)

    Exec Addr    Load Addr    Size         Type   Attr      Idx    E Section Name        Object

    0x00000000   0x00000000   0x00000400   Data   RO         2655    RESET               startup_s32k142.o



  Load Region LR_m_flash_config (Base: 0x00000400, Size: 0x00000010, Max: 0x00000010, ABSOLUTE)

    Execution Region ER_m_flash_config (Exec base: 0x00000400, Load base: 0x00000400, Size: 0x00000010, Max: 0x00000010, ABSOLUTE)

    Exec Addr    Load Addr    Size         Type   Attr      Idx    E Section Name        Object

    0x00000400   0x00000400   0x00000010   Data   RO         2656    FlashConfig         startup_s32k142.o


==============================================================================

Image component sizes


      Code (inc. data)   RO Data    RW Data    ZI Data      Debug   Object Name

       412         32          0         48         60       4085   canbus.o
       208         28          0          0          0       1442   clocks_and_modes.o
       636         58          0          0          0       1803   gpio.o
         0          0          0          0          0       1600   m2m_crypto.o
      2874        840        271          0         44      10361   m2m_hif.o
      2180        626        223         20          0      12722   m2m_wifi.o
       304        108          0          0          0      28891   main.o
       276         38          0          4          0       5039   nm_bsp.o
       226         50         13         10          0       4674   nm_bus_wrapper.o
        40          0          0          0          0       1530   nm_common.o
      1186        162         34          4          0       6953   nmasic.o
       302          8          0          0          0       6566   nmbus.o
       520        120         38          0          0       3274   nmdrv.o
      4668       1646        462          1          0      18435   nmspi.o
       378          0          0          0          0       6146   nxpqueue.o
      1496         30          0          0          0       7584   printf.o
       956         96          0         29       2080       4955   spi.o
        84         16          4          0          0       1941   startup.o
        56         18       1040          0          0        840   startup_s32k142.o
        64         16          0          0          0        501   system_s32k142.o
       356         78          0         36        160       2651   timer.o
       936        150         36         44       4160       3719   uart.o
        40          0          0          0          0       3212   winc_init.o

    ----------------------------------------------------------------------
     18208       4120       2188        204       8552     138924   Object Totals
         0          0         64          0       2048          0   (incl. Generated)
        10          0          3          8          0          0   (incl. Padding)

    ----------------------------------------------------------------------

      Code (inc. data)   RO Data    RW Data    ZI Data      Debug   Library Member Name

         8          0          0          0          0         68   __main.o
         0          0          0          0          0          0   __rtentry.o
        12          0          0          0          0          0   __rtentry2.o
         8          4          0          0          0          0   __rtentry7.o
        52          8          0          0          0          0   __scatter.o
        26          0          0          0          0          0   __scatter_copy.o
        28          0          0          0          0          0   __scatter_zi.o
        10          0          0          0          0         68   defsig_exit.o
        50          0          0          0          0         88   defsig_general.o
        80         58          0          0          0         76   defsig_rtmem_inner.o
        14          0          0          0          0         80   defsig_rtmem_outer.o
        18          0          0          0          0         80   exit.o
        94          0          0          0          0         80   h1_alloc.o
        52          0          0          0          0         68   h1_extend.o
        78          0          0          0          0         80   h1_free.o
        14          0          0          0          0         84   h1_init.o
         4          0          0          0          0        136   hguard.o
         0          0          0          0          0          0   indicate_semi.o
       138          0          0          0          0        168   init_alloc.o
         2          0          0          0          0          0   libinit.o
         6          0          0          0          0          0   libinit2.o
        16          8          0          0          0          0   libinit5.o
         2          0          0          0          0          0   libshutdown.o
         2          0          0          0          0          0   libshutdown2.o
         0          0          0          0         96          0   libspace.o
         0          0          0          0          0          0   maybetermalloc1.o
         8          4          0          0          0         68   rt_heap_descriptor_intlibspace.o
        78          0          0          0          0         80   rt_memclr_w.o
       138          0          0          0          0         68   rt_memcpy_v6.o
       100          0          0          0          0         80   rt_memcpy_w.o
         2          0          0          0          0          0   rtexit.o
        10          0          0          0          0          0   rtexit2.o
        72          0          0          0          0         80   strcpy.o
        62          0          0          0          0         76   strlen.o
        12          4          0          0          0         68   sys_exit.o
        14          0          0          0          0         76   sys_wrch.o
         2          0          0          0          0         68   use_no_semi.o
       804         16          0          0          0        368   daddsub_clz.o
       688        140          0          0          0        256   ddiv.o
        94          4          0          0          0        140   dfix.o
        84          0          0          0          0        232   dflt_clz.o
       156          4          0          0          0        140   dnaninf.o
        12          0          0          0          0        116   dretinf.o
        10          0          0          0          0        116   fpinit.o
         0          0          0          0          0          0   usenofp.o

    ----------------------------------------------------------------------
      3068        250          0          0         96       3108   Library Totals
         8          0          0          0          0          0   (incl. Padding)

    ----------------------------------------------------------------------

      Code (inc. data)   RO Data    RW Data    ZI Data      Debug   Library Name

      1212         86          0          0         96       1740   c_w.l
      1848        164          0          0          0       1368   fz_wm.l

    ----------------------------------------------------------------------
      3068        250          0          0         96       3108   Library Totals

    ----------------------------------------------------------------------

==============================================================================


      Code (inc. data)   RO Data    RW Data    ZI Data      Debug   

     21276       4370       2188        204       8648     129348   Grand Totals
     21276       4370       2188        204       8648     129348   ELF Image Totals
     21276       4370       2188        204          0          0   ROM Totals

==============================================================================

    Total RO  Size (Code + RO Data)                23464 (  22.91kB)
    Total RW  Size (RW Data + ZI Data)              8852 (   8.64kB)
    Total ROM Size (Code + RO Data + RW Data)      23668 (  23.11kB)

==============================================================================

