<html>
<body>
<pre>
<h1>µVision Build Log</h1>
<h2>Tool Versions:</h2>
IDE-Version: ¦ÌVision V5.28.0.0
Copyright (C) 2019 ARM Ltd and ARM Germany GmbH. All rights reserved.
License Information: W HJ, XINSHEN, LIC=HN0WF-6HDHZ-CJA6Z-JD31E-H6EJK-MXQB8
 
Tool Versions:
Toolchain:       MDK-ARM Plus  Version: 5.28.0.0
Toolchain Path:  C:\Keil_v5\ARM\ARMCC\Bin
C Compiler:      Armcc.exe V5.06 update 6 (build 750)
Assembler:       Armasm.exe V5.06 update 6 (build 750)
Linker/Locator:  ArmLink.exe V5.06 update 6 (build 750)
Library Manager: ArmAr.exe V5.06 update 6 (build 750)
Hex Converter:   FromElf.exe V5.06 update 6 (build 750)
CPU DLL:         SARMCM3.DLL V5.28.0.0
Dialog DLL:      DCM.DLL V1.17.3.0
Target DLL:      Segger\JL2CM3.dll V2.99.36.0
Dialog DLL:      TCM.DLL V1.36.2.0
 
<h2>Project:</h2>
D:\S32K142_work\obd_wifi_ap\obd_wifi.uvprojx
Project File Date:  01/15/2020

<h2>Output:</h2>
*** Using Compiler 'V5.06 update 6 (build 750)', folder: 'C:\Keil_v5\ARM\ARMCC\Bin'
Build target 'Target 1'
compiling spi.c...
nxpLib\spi.c(126): warning:  #940-D: missing return statement at end of non-void function "spiIrqInit" 
  }
nxpLib\spi.c(196): warning:  #520-D: initialization with "{...}" expected for aggregate object
  	uint8_t tmp[100] = 0, index = 0;
nxpLib\spi.c(196): warning:  #550-D: variable "tmp"  was set but never used
  	uint8_t tmp[100] = 0, index = 0;
nxpLib\spi.c(247): warning:  #520-D: initialization with "{...}" expected for aggregate object
  	  uint8_t tmp[100] = 0;
nxpLib\spi.c(243): warning:  #177-D: variable "timeOutSendTemp"  was declared but never referenced
  	  uint32_t timeOutTemp = 0,timeOutSendTemp =0, readNum = 0;
nxpLib\spi.c(328): warning:  #177-D: variable "txCount"  was declared but never referenced
  	uint16_t txCount, rxCount, sendFlag = 0;
nxpLib\spi.c: 6 warnings, 0 errors
linking...
Program Size: Code=24424 RO-data=2260 RW-data=216 ZI-data=8900  
".\Objects\obd_wifi.axf" - 0 Error(s), 6 Warning(s).

<h2>Software Packages used:</h2>

Package Vendor: ARM
                http://www.keil.com/pack/ARM.CMSIS.5.5.1.pack
                ARM.CMSIS.5.5.1
                CMSIS (Cortex Microcontroller Software Interface Standard)
   * Component: CORE Version: 5.2.0

Package Vendor: Keil
                http://www.keil.com/pack/Keil.S32_SDK_DFP.1.2.0.pack
                Keil.S32_SDK_DFP.1.2.0
                NXP S32 SDK including S32K144HFT0VLLT, S32K144LFT0MLLT basic CMSIS Device Support
   * Component: Startup Version: 2.0.0

<h2>Collection of Component include folders:</h2>
  .\RTE\Device\S32K142HAxxxLHx
  .\RTE\_Target_1
  C:\Users\Administrator\AppData\Local\Arm\Packs\ARM\CMSIS\5.5.1\CMSIS\Core\Include
  C:\Users\Administrator\AppData\Local\Arm\Packs\Keil\S32_SDK_DFP\1.2.0\platform\devices
  C:\Users\Administrator\AppData\Local\Arm\Packs\Keil\S32_SDK_DFP\1.2.0\platform\devices\common

<h2>Collection of Component Files used:</h2>

   * Component: ARM::CMSIS:CORE:5.2.0

   * Component: Keil::Device:Startup:2.0.0
      Include file:  platform\devices\S32K142\startup\system_S32K142.h
      Source file:   platform\devices\S32K142\startup\arm\startup_S32K142.s
      Source file:   platform\devices\S32K142\startup\system_S32K142.c
      Source file:   platform\devices\startup.c
      Include file:  platform\devices\device_registers.h
Build Time Elapsed:  00:00:01
</pre>
</body>
</html>
