<html>
<body>
<pre>
<h1>µVision Build Log</h1>
<h2>Tool Versions:</h2>
IDE-Version: ¦ÌVision V5.28.0.0
Copyright (C) 2019 ARM Ltd and ARM Germany GmbH. All rights reserved.
License Information: W HJ, XINSHEN, LIC=HN0WF-6HDHZ-CJA6Z-JD31E-H6EJK-MXQB8
 
Tool Versions:
Toolchain:       MDK-ARM Plus  Version: 5.28.0.0
Toolchain Path:  C:\Keil_v5\ARM\ARMCC\Bin
C Compiler:      Armcc.exe V5.06 update 6 (build 750)
Assembler:       Armasm.exe V5.06 update 6 (build 750)
Linker/Locator:  ArmLink.exe V5.06 update 6 (build 750)
Library Manager: ArmAr.exe V5.06 update 6 (build 750)
Hex Converter:   FromElf.exe V5.06 update 6 (build 750)
CPU DLL:         SARMCM3.DLL V5.28.0.0
Dialog DLL:      DCM.DLL V1.17.3.0
Target DLL:      Segger\JL2CM3.dll V2.99.36.0
Dialog DLL:      TCM.DLL V1.36.2.0
 
<h2>Project:</h2>
D:\S32K142_work\obd_wifi_ap\obd_wifi.uvprojx
Project File Date:  01/15/2020

<h2>Output:</h2>
*** Using Compiler 'V5.06 update 6 (build 750)', folder: 'C:\Keil_v5\ARM\ARMCC\Bin'
Build target 'Target 1'
compiling main.c...
.\nxpLib\gpio.h(11): warning:  #1295-D: Deprecated declaration GpioInit - give arg types
  void GpioInit();
.\nxpLib\timer.h(10): warning:  #1295-D: Deprecated declaration LPTMR_Reset - give arg types
  void LPTMR_Reset();
.\nxpLib\timer.h(16): warning:  #1295-D: Deprecated declaration LPTMR_COUNT - give arg types
  int LPTMR_COUNT();
.\nxpLib\timer.h(19): warning:  #1295-D: Deprecated declaration LPIT0_COUNT - give arg types
  int LPIT0_COUNT();
main.c(41): warning:  #177-D: variable "pu8IPAddress"  was declared but never referenced
  		uint8_t *pu8IPAddress = (uint8_t *)pvMsg;
main.c(72): warning:  #223-D: function "wifi_init" declared implicitly
  		wifi_init(&param);
main.c(107): warning:  #111-D: statement is unreachable
  		return 0;
main.c(55): warning:  #177-D: variable "slen"  was declared but never referenced
  	  int ret = 0, slen = 0, rlen = 0;
main.c(55): warning:  #177-D: variable "rlen"  was declared but never referenced
  	  int ret = 0, slen = 0, rlen = 0;
main.c(56): warning:  #177-D: variable "timeNum"  was declared but never referenced
  		int timeNum = 0, num;
main.c(56): warning:  #177-D: variable "num"  was declared but never referenced
  		int timeNum = 0, num;
main.c(57): warning:  #177-D: variable "wData"  was declared but never referenced
  		unsigned char wData[10] = {0, 1, 2, 3, 4, 5, 6, 7, 8, 9};
main.c(126): warning:  #1-D: last line of file ends without a newline
  #endif
main.c: 13 warnings, 0 errors
linking...
Program Size: Code=21276 RO-data=2188 RW-data=204 ZI-data=8648  
".\Objects\obd_wifi.axf" - 0 Error(s), 13 Warning(s).

<h2>Software Packages used:</h2>

Package Vendor: ARM
                http://www.keil.com/pack/ARM.CMSIS.5.5.1.pack
                ARM.CMSIS.5.5.1
                CMSIS (Cortex Microcontroller Software Interface Standard)
   * Component: CORE Version: 5.2.0

Package Vendor: Keil
                http://www.keil.com/pack/Keil.S32_SDK_DFP.1.2.0.pack
                Keil.S32_SDK_DFP.1.2.0
                NXP S32 SDK including S32K144HFT0VLLT, S32K144LFT0MLLT basic CMSIS Device Support
   * Component: Startup Version: 2.0.0

<h2>Collection of Component include folders:</h2>
  .\RTE\Device\S32K142HAxxxLHx
  .\RTE\_Target_1
  C:\Users\Administrator\AppData\Local\Arm\Packs\ARM\CMSIS\5.5.1\CMSIS\Core\Include
  C:\Users\Administrator\AppData\Local\Arm\Packs\Keil\S32_SDK_DFP\1.2.0\platform\devices
  C:\Users\Administrator\AppData\Local\Arm\Packs\Keil\S32_SDK_DFP\1.2.0\platform\devices\common

<h2>Collection of Component Files used:</h2>

   * Component: ARM::CMSIS:CORE:5.2.0

   * Component: Keil::Device:Startup:2.0.0
      Include file:  platform\devices\device_registers.h
      Source file:   platform\devices\S32K142\startup\system_S32K142.c
      Include file:  platform\devices\S32K142\startup\system_S32K142.h
      Source file:   platform\devices\S32K142\startup\arm\startup_S32K142.s
      Source file:   platform\devices\startup.c
Build Time Elapsed:  00:00:01
</pre>
</body>
</html>
