<html>
<body>
<pre>
<h1>µVision Build Log</h1>
<h2>Tool Versions:</h2>
IDE-Version: ¦ÌVision V5.28.0.0
Copyright (C) 2019 ARM Ltd and ARM Germany GmbH. All rights reserved.
License Information: W HJ, XINSHEN, LIC=HN0WF-6HDHZ-CJA6Z-JD31E-H6EJK-MXQB8
 
Tool Versions:
Toolchain:       MDK-ARM Plus  Version: 5.28.0.0
Toolchain Path:  C:\Keil_v5\ARM\ARMCC\Bin
C Compiler:      Armcc.exe V5.06 update 6 (build 750)
Assembler:       Armasm.exe V5.06 update 6 (build 750)
Linker/Locator:  ArmLink.exe V5.06 update 6 (build 750)
Library Manager: ArmAr.exe V5.06 update 6 (build 750)
Hex Converter:   FromElf.exe V5.06 update 6 (build 750)
CPU DLL:         SARMCM3.DLL V5.28.0.0
Dialog DLL:      DCM.DLL V1.17.3.0
Target DLL:      UL2CM3.DLL V1.162.16.0
Dialog DLL:      TCM.DLL V1.36.2.0
 
<h2>Project:</h2>
D:\S32K142_work\nxp142_app_RU\nxp142_mcu_test.uvprojx
Project File Date:  05/06/2020

<h2>Output:</h2>
*** Using Compiler 'V5.06 update 6 (build 750)', folder: 'C:\Keil_v5\ARM\ARMCC\Bin'
Build target 'Target 1'
compiling Type2_mcu_Test.c...
.\nxpLib\canbus.h(6): warning:  #1295-D: Deprecated declaration Canbus0IrqInit - give arg types
  void Canbus0IrqInit();
.\nxpLib\canbus.h(11): warning:  #1295-D: Deprecated declaration Canbus1IrqInit - give arg types
  void Canbus1IrqInit();
.\nxpLib\canbus.h(15): warning:  #1295-D: Deprecated declaration Canbus1_irq_Reset - give arg types
  void Canbus1_irq_Reset();
.\nxpLib\canbus.h(16): warning:  #1295-D: Deprecated declaration Canbus0_irq_Reset - give arg types
  void Canbus0_irq_Reset();
.\nxpLib\canbus.h(17): warning:  #1295-D: Deprecated declaration disable_can1 - give arg types
  void disable_can1();
.\nxpLib\canbus.h(18): warning:  #1295-D: Deprecated declaration disable_can0 - give arg types
  void disable_can0();
.\nxpLib\canbus.h(19): warning:  #1295-D: Deprecated declaration canbus1buffrest - give arg types
  void canbus1buffrest();
.\nxpLib\canbus.h(20): warning:  #1295-D: Deprecated declaration canbus0buffrest - give arg types
  void canbus0buffrest();
.\nxpLib\canbus.h(21): warning:  #1-D: last line of file ends without a newline
  #endif
.\nxpLib\wdgTps.h(4): warning:  #1295-D: Deprecated declaration wdgTps_init - give arg types
  int wdgTps_init();
.\nxpLib\wdgTps.h(5): warning:  #1295-D: Deprecated declaration wdgTps_process - give arg types
  int wdgTps_process();
src\mem909s.h(30): warning:  #1295-D: Deprecated declaration Low_Power_Consumption - give arg types
  int Low_Power_Consumption();
src\mem909s.h(31): warning:  #1295-D: Deprecated declaration mem909s_Init - give arg types
  int mem909s_Init();
src\Type2_mcu_Test.c(40): warning:  #1295-D: Deprecated declaration TYPE2_Can_read - give arg types
  int TYPE2_Can_read();
src\Type2_mcu_Test.c(60): warning:  #940-D: missing return statement at end of non-void function "TYPE2_MCU_test_init" 
  }
src\Type2_mcu_Test.c(62): warning:  #1295-D: Deprecated declaration TYPE2_MCU_test_LTE - give arg types
  int TYPE2_MCU_test_LTE();
src\Type2_mcu_Test.c(64): warning:  #1295-D: Deprecated declaration TYPE2_MCU_test_Canbus - give arg types
  int TYPE2_MCU_test_Canbus();
src\Type2_mcu_Test.c(65): warning:  #1295-D: Deprecated declaration TYPE2_MCU_test_WDOG - give arg types
  int TYPE2_MCU_test_WDOG();
src\Type2_mcu_Test.c(66): warning:  #1295-D: Deprecated declaration TYPE2_MCU_test_Power_Management - give arg types
  void TYPE2_MCU_test_Power_Management();
src\Type2_mcu_Test.c(80): warning:  #177-D: variable "timeout"  was declared but never referenced
  	int timeout = 10000,i;
src\Type2_mcu_Test.c(80): warning:  #177-D: variable "i"  was declared but never referenced
  	int timeout = 10000,i;
src\Type2_mcu_Test.c(82): warning:  #177-D: variable "buf"  was declared but never referenced
  	unsigned char buf [40] ={0};
src\Type2_mcu_Test.c(106): warning:  #1294-D: Old-style function TYPE2_MCU_test_Analysis
  int TYPE2_MCU_test_Analysis(rdatalen)
src\Type2_mcu_Test.c(106): warning:  #1079-D: standard requires that parameter "rdatalen"  be given a type by a subsequent declaration ("int" assumed)
  int TYPE2_MCU_test_Analysis(rdatalen)
src\Type2_mcu_Test.c(162): warning:  #940-D: missing return statement at end of non-void function "TYPE2_MCU_test_Analysis" 
  }
src\Type2_mcu_Test.c(110): warning:  #177-D: variable "Read_Crt"  was declared but never referenced
  	unsigned char Read_Crt = 0x00;
src\Type2_mcu_Test.c(111): warning:  #177-D: variable "data"  was declared but never referenced
  	char data[20]={0};
src\Type2_mcu_Test.c(114): warning:  #177-D: variable "readover_falg"  was declared but never referenced
  	int readover_falg = 0;
src\Type2_mcu_Test.c(173): warning:  #177-D: variable "TYPE2_buf"  was declared but never referenced
  	unsigned char TYPE2_buf[24]={0};
src\Type2_mcu_Test.c(174): warning:  #177-D: variable "queueLen"  was declared but never referenced
  	int queueLen,tiomout = 10000;
src\Type2_mcu_Test.c(174): warning:  #177-D: variable "tiomout"  was declared but never referenced
  	int queueLen,tiomout = 10000;
src\Type2_mcu_Test.c(175): warning:  #177-D: variable "flag_0"  was declared but never referenced
  	int flag_0 = 0;
src\Type2_mcu_Test.c(176): warning:  #177-D: variable "TYPE2_flag_1"  was declared but never referenced
  	int TYPE2_flag_1 = 0;
src\Type2_mcu_Test.c(333): warning:  #940-D: missing return statement at end of non-void function "TYPE2_Can_read" 
  }
src\Type2_mcu_Test.c(354): warning:  #940-D: missing return statement at end of non-void function "TYPE2_MCU_test_LTE" 
  }
src\Type2_mcu_Test.c(440): warning:  #111-D: statement is unreachable
  			break;
src\Type2_mcu_Test.c(394): warning:  #177-D: variable "crt"  was declared but never referenced
  	unsigned char crt;
src\Type2_mcu_Test.c: 37 warnings, 0 errors
linking...
Program Size: Code=13444 RO-data=1204 RW-data=308 ZI-data=8284  
".\Objects\nxp142_app.axf" - 0 Error(s), 37 Warning(s).

<h2>Software Packages used:</h2>

Package Vendor: ARM
                http://www.keil.com/pack/ARM.CMSIS.5.5.1.pack
                ARM.CMSIS.5.5.1
                CMSIS (Cortex Microcontroller Software Interface Standard)
   * Component: CORE Version: 5.2.0

Package Vendor: Keil
                http://www.keil.com/pack/Keil.S32_SDK_DFP.1.2.0.pack
                Keil.S32_SDK_DFP.1.2.0
                NXP S32 SDK including S32K144HFT0VLLT, S32K144LFT0MLLT basic CMSIS Device Support
   * Component: Startup Version: 2.0.0

<h2>Collection of Component include folders:</h2>
  .\RTE\Device\S32K142HAxxxLHx
  .\RTE\_Target_1
  C:\Users\Administrator\AppData\Local\Arm\Packs\ARM\CMSIS\5.5.1\CMSIS\Core\Include
  C:\Users\Administrator\AppData\Local\Arm\Packs\Keil\S32_SDK_DFP\1.2.0\platform\devices
  C:\Users\Administrator\AppData\Local\Arm\Packs\Keil\S32_SDK_DFP\1.2.0\platform\devices\common

<h2>Collection of Component Files used:</h2>

   * Component: ARM::CMSIS:CORE:5.2.0

   * Component: Keil::Device:Startup:2.0.0
      Include file:  platform\devices\device_registers.h
      Source file:   platform\devices\S32K142\startup\system_S32K142.c
      Include file:  platform\devices\S32K142\startup\system_S32K142.h
      Source file:   platform\devices\startup.c
      Source file:   platform\devices\S32K142\startup\arm\startup_S32K142.s
Build Time Elapsed:  00:00:00
</pre>
</body>
</html>
