Component: ARM Compiler 5.06 update 6 (build 750) Tool: armlink [4d35ed]

==============================================================================

Section Cross References

    main.o(i.Uart_poweron) refers to gpio.o(i.GpioInit) for GpioInit
    main.o(i.Uart_poweron) refers to gpio.o(i.GpioSetDirection) for GpioSetDirection
    main.o(i.Uart_poweron) refers to gpio.o(i.GpioSetVal) for GpioSetVal
    main.o(i.Uart_poweron) refers to main.o(i.delay) for delay
    main.o(i.feed_WDOG) refers to gpio.o(i.GpioSetVal) for GpioSetVal
    main.o(i.ivcu_poweron) refers to gpio.o(i.GpioInit) for GpioInit
    main.o(i.ivcu_poweron) refers to gpio.o(i.GpioSetDirection) for GpioSetDirection
    main.o(i.ivcu_poweron) refers to gpio.o(i.GpioSetVal) for GpioSetVal
    main.o(i.main) refers to main.o(i.WDOG_disable) for WDOG_disable
    main.o(i.main) refers to clocks_and_modes.o(i.SOSC_init_8MHz) for SOSC_init_8MHz
    main.o(i.main) refers to clocks_and_modes.o(i.SPLL_init_160MHz) for SPLL_init_160MHz
    main.o(i.main) refers to clocks_and_modes.o(i.NormalRUNmode_80MHz) for NormalRUNmode_80MHz
    main.o(i.main) refers to main.o(i.ivcu_poweron) for ivcu_poweron
    main.o(i.main) refers to uart.o(i.uartInit) for uartInit
    main.o(i.main) refers to uart.o(i.uartIrqInit) for uartIrqInit
    main.o(i.main) refers to mem909s.o(i.mem909sReadyGet) for mem909sReadyGet
    mem909s.o(i.DecodeUCS2) refers to locale.o(.text) for setlocale
    mem909s.o(i.DecodeUCS2) refers to wcstombs.o(.text) for wcstombs
    mem909s.o(i.EncodeUCS2) refers to locale.o(.text) for setlocale
    mem909s.o(i.EncodeUCS2) refers to mem909s.o(i.mbstowcs1) for mbstowcs1
    mem909s.o(i.ceshi) refers to rt_memclr_w.o(.text) for __aeabi_memclr4
    mem909s.o(i.ceshi) refers to mem909s.o(i.EncodeUCS2) for EncodeUCS2
    mem909s.o(i.ceshi) refers to mem909s.o(i.DecodeUCS2) for DecodeUCS2
    mem909s.o(i.mem909sReadyGet) refers to rt_memclr_w.o(.text) for __aeabi_memclr4
    mem909s.o(i.mem909sReadyGet) refers to timer.o(i.TimerCreate) for TimerCreate
    mem909s.o(i.mem909sReadyGet) refers to strlen.o(.text) for strlen
    mem909s.o(i.mem909sReadyGet) refers to uart.o(i.uartSendIrq) for uartSendIrq
    mem909s.o(i.mem909sReadyGet) refers to uart.o(i.uartReadIrq) for uartReadIrq
    mem909s.o(i.mem909sReadyGet) refers to strncmp.o(.text) for strncmp
    mem909s.o(i.mem909sReadyGet) refers to timer.o(i.TimerDelete) for TimerDelete
    mem909s.o(i.mem909sReadyGet) refers to uart.o(i.uartReadIrqReset) for uartReadIrqReset
    mem909s.o(i.mem909sReadyGet) refers to timer.o(i.TimerOutGet) for TimerOutGet
    mem909s.o(i.mem909sReadyGet) refers to mem909s.o(.data) for readySendFlag
    mem909s.o(i.mem909s_initSend) refers to rt_memclr_w.o(.text) for __aeabi_memclr4
    mem909s.o(i.mem909s_initSend) refers to strlen.o(.text) for strlen
    mem909s.o(i.mem909s_initSend) refers to uart.o(i.uartSendIrq) for uartSendIrq
    mem909s.o(i.mem909s_initSend) refers to uart.o(i.uartSendStatusGet) for uartSendStatusGet
    mem909s.o(i.mem909s_initSend) refers to uart.o(i.uartReadIrq) for uartReadIrq
    mem909s.o(i.mem909s_initSend) refers to strncmp.o(.text) for strncmp
    mem909s.o(i.mem909s_initSend) refers to uart.o(i.uartReadIrqReset) for uartReadIrqReset
    mem909s.o(i.mem909s_initSend) refers to mem909s.o(.data) for sendStatus
    mem909s.o(i.mem909s_msmInit) refers to mem909s.o(i.mem909s_initSend) for mem909s_initSend
    mem909s.o(i.mem909s_msmRead) refers to rt_memclr_w.o(.text) for __aeabi_memclr4
    mem909s.o(i.mem909s_msmRead) refers to strlen.o(.text) for strlen
    mem909s.o(i.mem909s_msmRead) refers to uart.o(i.uartSendIrq) for uartSendIrq
    mem909s.o(i.mem909s_msmRead) refers to uart.o(i.uartSendStatusGet) for uartSendStatusGet
    mem909s.o(i.mem909s_msmRead) refers to uart.o(i.uartReadIrq) for uartReadIrq
    mem909s.o(i.mem909s_msmRead) refers to timer.o(i.TimerCreate) for TimerCreate
    mem909s.o(i.mem909s_msmRead) refers to timer.o(i.TimerOutGet) for TimerOutGet
    mem909s.o(i.mem909s_msmRead) refers to timer.o(i.TimerDelete) for TimerDelete
    mem909s.o(i.mem909s_msmRead) refers to uart.o(i.uartReadIrqReset) for uartReadIrqReset
    mem909s.o(i.mem909s_msmRead) refers to rt_memclr.o(.text) for __aeabi_memclr
    mem909s.o(i.mem909s_msmRead) refers to strncmp.o(.text) for strncmp
    mem909s.o(i.mem909s_msmRead) refers to mem909s.o(i.mem909s_msmReadAnysis) for mem909s_msmReadAnysis
    mem909s.o(i.mem909s_msmRead) refers to rt_memcpy_v6.o(.text) for __aeabi_memcpy
    mem909s.o(i.mem909s_msmRead) refers to mem909s.o(.data) for msmReadStatus
    mem909s.o(i.mem909s_msmRead) refers to mem909s.o(.bss) for recvbuff
    mem909s.o(i.mem909s_msmReadAnysis) refers to rt_memclr_w.o(.text) for __aeabi_memclr4
    mem909s.o(i.mem909s_msmReadAnysis) refers to strncmp.o(.text) for strncmp
    mem909s.o(i.mem909s_msmReadAnysis) refers to strncpy.o(.text) for strncpy
[...]
    ../clib/angel/startup.s                  0x00000000   Number         0  __main.o ABSOLUTE
    ../clib/angel/sys.s                      0x00000000   Number         0  indicate_semi.o ABSOLUTE
    ../clib/angel/sys.s                      0x00000000   Number         0  use_no_semi.o ABSOLUTE
    ../clib/angel/sys.s                      0x00000000   Number         0  sys_stackheap.o ABSOLUTE
    ../clib/angel/sys.s                      0x00000000   Number         0  sys_stackheap_outer.o ABSOLUTE
    ../clib/angel/sys.s                      0x00000000   Number         0  mutex_dummy.o ABSOLUTE
    ../clib/angel/sys.s                      0x00000000   Number         0  libspace.o ABSOLUTE
    ../clib/angel/sysapp.c                   0x00000000   Number         0  sys_wrch.o ABSOLUTE
    ../clib/angel/sysapp.c                   0x00000000   Number         0  sys_command.o ABSOLUTE
    ../clib/angel/sysapp.c                   0x00000000   Number         0  sys_io.o ABSOLUTE
    ../clib/angel/sysapp.c                   0x00000000   Number         0  sys_exit.o ABSOLUTE
    ../clib/armsys.c                         0x00000000   Number         0  no_argv.o ABSOLUTE
    ../clib/armsys.c                         0x00000000   Number         0  _get_argv_nomalloc.o ABSOLUTE
    ../clib/armsys.c                         0x00000000   Number         0  _get_argv.o ABSOLUTE
    ../clib/armsys.c                         0x00000000   Number         0  argv_veneer.o ABSOLUTE
    ../clib/armsys.c                         0x00000000   Number         0  argv_veneer.o ABSOLUTE
    ../clib/assert.c                         0x00000000   Number         0  assert_stdio.o ABSOLUTE
    ../clib/heap1.c                          0x00000000   Number         0  h1_free.o ABSOLUTE
    ../clib/heap1.c                          0x00000000   Number         0  h1_final.o ABSOLUTE
    ../clib/heap1.c                          0x00000000   Number         0  h1_alloc.o ABSOLUTE
    ../clib/heap1.c                          0x00000000   Number         0  h1_extend.o ABSOLUTE
    ../clib/heap1.c                          0x00000000   Number         0  h1_free_mt.o ABSOLUTE
    ../clib/heap1.c                          0x00000000   Number         0  h1_alloc_mt.o ABSOLUTE
    ../clib/heap1.c                          0x00000000   Number         0  h1_init.o ABSOLUTE
    ../clib/heap1.c                          0x00000000   Number         0  h1_extend_mt.o ABSOLUTE
    ../clib/heap1.c                          0x00000000   Number         0  h1_final_mt.o ABSOLUTE
    ../clib/heap1.c                          0x00000000   Number         0  h1_init_mt.o ABSOLUTE
    ../clib/heap2.c                          0x00000000   Number         0  heap2.o ABSOLUTE
    ../clib/heap2.c                          0x00000000   Number         0  fdtree.o ABSOLUTE
    ../clib/heap2.c                          0x00000000   Number         0  heap2mt.o ABSOLUTE
    ../clib/heapalloc.c                      0x00000000   Number         0  maybetermalloc1.o ABSOLUTE
    ../clib/heapalloc.c                      0x00000000   Number         0  maybetermalloc2.o ABSOLUTE
    ../clib/heapalloc.c                      0x00000000   Number         0  maybetermalloc2.o ABSOLUTE
    ../clib/heapalloc.c                      0x00000000   Number         0  term_alloc.o ABSOLUTE
    ../clib/heapalloc.c                      0x00000000   Number         0  maybetermalloc1.o ABSOLUTE
    ../clib/heapalloc.c                      0x00000000   Number         0  hguard.o ABSOLUTE
    ../clib/heapalloc.c                      0x00000000   Number         0  malloc.o ABSOLUTE
    ../clib/heapalloc.c                      0x00000000   Number         0  free.o ABSOLUTE
    ../clib/heapalloc.c                      0x00000000   Number         0  init_alloc.o ABSOLUTE
    ../clib/heapalloc.c                      0x00000000   Number         0  heapstubs.o ABSOLUTE
    ../clib/heapalloc.c                      0x00000000   Number         0  hrguard.o ABSOLUTE
    ../clib/heapaux.c                        0x00000000   Number         0  heapauxi.o ABSOLUTE
    ../clib/heapaux.c                        0x00000000   Number         0  heapauxa.o ABSOLUTE
    ../clib/libinit.s                        0x00000000   Number         0  libshutdown.o ABSOLUTE
    ../clib/libinit.s                        0x00000000   Number         0  libshutdown2.o ABSOLUTE
    ../clib/libinit.s                        0x00000000   Number         0  libinit2.o ABSOLUTE
    ../clib/libinit.s                        0x00000000   Number         0  libinit.o ABSOLUTE
    ../clib/libinit.s                        0x00000000   Number         0  libinit5.o ABSOLUTE
    ../clib/locale.c                         0x00000000   Number         0  locale_r.o ABSOLUTE
    ../clib/locale.c                         0x00000000   Number         0  _wcrtomb.o ABSOLUTE
    ../clib/locale.c                         0x00000000   Number         0  locale.o ABSOLUTE
    ../clib/locale.c                         0x00000000   Number         0  wcstombs.o ABSOLUTE
    ../clib/locale.s                         0x00000000   Number         0  null_locale.o ABSOLUTE
    ../clib/locale.s                         0x00000000   Number         0  lc_ctype_c.o ABSOLUTE
    ../clib/memcpset.s                       0x00000000   Number         0  rt_memclr_w.o ABSOLUTE
    ../clib/memcpset.s                       0x00000000   Number         0  strncpy.o ABSOLUTE
    ../clib/memcpset.s                       0x00000000   Number         0  rt_memcpy_w.o ABSOLUTE
    ../clib/memcpset.s                       0x00000000   Number         0  strcmpv7m.o ABSOLUTE
    ../clib/memcpset.s                       0x00000000   Number         0  rt_memclr.o ABSOLUTE
    ../clib/memcpset.s                       0x00000000   Number         0  rt_memcpy_v6.o ABSOLUTE
    ../clib/misc.s                           0x00000000   Number         0  printf_stubs.o ABSOLUTE
    ../clib/printf.c                         0x00000000   Number         0  __printf_flags.o ABSOLUTE
    ../clib/printf.c                         0x00000000   Number         0  __printf_ss.o ABSOLUTE
    ../clib/printf.c                         0x00000000   Number         0  __printf_flags_ss.o ABSOLUTE
    ../clib/printf.c                         0x00000000   Number         0  __printf_wp.o ABSOLUTE
    ../clib/printf.c                         0x00000000   Number         0  __printf_flags_wp.o ABSOLUTE
    ../clib/printf.c                         0x00000000   Number         0  __printf_ss_wp.o ABSOLUTE
    ../clib/printf.c                         0x00000000   Number         0  __printf_flags_ss_wp.o ABSOLUTE
    ../clib/printf.c                         0x00000000   Number         0  _printf_char_file.o ABSOLUTE
    ../clib/printf.c                         0x00000000   Number         0  _sputc.o ABSOLUTE
    ../clib/printf.c                         0x00000000   Number         0  _printf_char_common.o ABSOLUTE
    ../clib/printf.c                         0x00000000   Number         0  _printf_intcommon.o ABSOLUTE
    ../clib/printf.c                         0x00000000   Number         0  _printf_char_file_locked.o ABSOLUTE
    ../clib/printf.c                         0x00000000   Number         0  noretval__2sprintf.o ABSOLUTE
    ../clib/printf.c                         0x00000000   Number         0  __printf_nopercent.o ABSOLUTE
    ../clib/printf.c                         0x00000000   Number         0  __2printf.o ABSOLUTE
    ../clib/printf.c                         0x00000000   Number         0  __2sprintf.o ABSOLUTE
    ../clib/printf.c                         0x00000000   Number         0  noretval__2printf.o ABSOLUTE
    ../clib/printf.c                         0x00000000   Number         0  __printf.o ABSOLUTE
    ../clib/printf.c                         0x00000000   Number         0  _printf_pad.o ABSOLUTE
    ../clib/printf.c                         0x00000000   Number         0  _printf_hex_ll.o ABSOLUTE
    ../clib/printf.c                         0x00000000   Number         0  _printf_hex_int.o ABSOLUTE
    ../clib/printf.c                         0x00000000   Number         0  _printf_hex_int_ll.o ABSOLUTE
    ../clib/printf.c                         0x00000000   Number         0  _printf_hex_ptr.o ABSOLUTE
    ../clib/printf.c                         0x00000000   Number         0  _printf_hex_int_ptr.o ABSOLUTE
    ../clib/printf.c                         0x00000000   Number         0  _printf_hex_ll_ptr.o ABSOLUTE
    ../clib/printf.c                         0x00000000   Number         0  _printf_hex_int_ll_ptr.o ABSOLUTE
    ../clib/printf_percent.s                 0x00000000   Number         0  _printf_percent_end.o ABSOLUTE
    ../clib/printf_percent.s                 0x00000000   Number         0  _printf_percent.o ABSOLUTE
    ../clib/printf_percent.s                 0x00000000   Number         0  _printf_x.o ABSOLUTE
    ../clib/signal.c                         0x00000000   Number         0  defsig_fpe_inner.o ABSOLUTE
    ../clib/signal.c                         0x00000000   Number         0  defsig_rtred_inner.o ABSOLUTE
    ../clib/signal.c                         0x00000000   Number         0  defsig_other.o ABSOLUTE
    ../clib/signal.c                         0x00000000   Number         0  defsig_segv_inner.o ABSOLUTE
    ../clib/signal.c                         0x00000000   Number         0  defsig_cppl_inner.o ABSOLUTE
    ../clib/signal.c                         0x00000000   Number         0  defsig_pvfn_inner.o ABSOLUTE
    ../clib/signal.c                         0x00000000   Number         0  defsig_stak_inner.o ABSOLUTE
    ../clib/signal.c                         0x00000000   Number         0  defsig_rtred_formal.o ABSOLUTE
    ../clib/signal.c                         0x00000000   Number         0  defsig_rtred_outer.o ABSOLUTE
    ../clib/signal.c                         0x00000000   Number         0  defsig_exit.o ABSOLUTE
    ../clib/signal.c                         0x00000000   Number         0  defsig_general.o ABSOLUTE
    ../clib/signal.c                         0x00000000   Number         0  defsig_rtmem_inner.o ABSOLUTE
    ../clib/signal.c                         0x00000000   Number         0  __raise.o ABSOLUTE
    ../clib/signal.c                         0x00000000   Number         0  defsig_abrt_inner.o ABSOLUTE
    ../clib/signal.c                         0x00000000   Number         0  defsig_rtmem_outer.o ABSOLUTE
    ../clib/signal.c                         0x00000000   Number         0  defsig_rtmem_formal.o ABSOLUTE
    ../clib/signal.s                         0x00000000   Number         0  defsig.o ABSOLUTE
    ../clib/stdio.c                          0x00000000   Number         0  stdio_streams.o ABSOLUTE
    ../clib/stdio.c                          0x00000000   Number         0  fopen_locked.o ABSOLUTE
    ../clib/stdio.c                          0x00000000   Number         0  fflush_locked.o ABSOLUTE
    ../clib/stdio.c                          0x00000000   Number         0  setvbuf_locked.o ABSOLUTE
    ../clib/stdio.c                          0x00000000   Number         0  fclose.o ABSOLUTE
    ../clib/stdio.c                          0x00000000   Number         0  fopen.o ABSOLUTE
    ../clib/stdio.c                          0x00000000   Number         0  streamlock.o ABSOLUTE
    ../clib/stdio.c                          0x00000000   Number         0  fseek.o ABSOLUTE
    ../clib/stdio.c                          0x00000000   Number         0  setvbuf.o ABSOLUTE
    ../clib/stdio.c                          0x00000000   Number         0  fwritefast.o ABSOLUTE
    ../clib/stdio.c                          0x00000000   Number         0  fwritefast_locked.o ABSOLUTE
    ../clib/stdio.c                          0x00000000   Number         0  fputs_locked.o ABSOLUTE
    ../clib/stdio.c                          0x00000000   Number         0  fputs.o ABSOLUTE
    ../clib/stdio.c                          0x00000000   Number         0  fputc_locked.o ABSOLUTE
    ../clib/stdio.c                          0x00000000   Number         0  initio.o ABSOLUTE
    ../clib/stdio.c                          0x00000000   Number         0  flsbuf.o ABSOLUTE
    ../clib/stdio.c                          0x00000000   Number         0  fputc.o ABSOLUTE
    ../clib/stdio.c                          0x00000000   Number         0  ferror_locked.o ABSOLUTE
    ../clib/stdio.c                          0x00000000   Number         0  initio_locked.o ABSOLUTE
    ../clib/stdio.c                          0x00000000   Number         0  fflush.o ABSOLUTE
    ../clib/stdio.c                          0x00000000   Number         0  ftell.o ABSOLUTE
    ../clib/stdio.c                          0x00000000   Number         0  stdio.o ABSOLUTE
    ../clib/stdio.c                          0x00000000   Number         0  ferror.o ABSOLUTE
    ../clib/stdlib.c                         0x00000000   Number         0  exit.o ABSOLUTE
    ../clib/string.c                         0x00000000   Number         0  strlen.o ABSOLUTE
    ../clib/string.c                         0x00000000   Number         0  strcat.o ABSOLUTE
    ../clib/string.c                         0x00000000   Number         0  strncmp.o ABSOLUTE
    ../clib/wchar.c                          0x00000000   Number         0  flsbuf_fwide.o ABSOLUTE
    ../fplib/daddsub.s                       0x00000000   Number         0  daddsub_clz.o ABSOLUTE
    ../fplib/ddiv.s                          0x00000000   Number         0  ddiv.o ABSOLUTE
    ../fplib/dfix.s                          0x00000000   Number         0  dfix.o ABSOLUTE
    ../fplib/dflt.s                          0x00000000   Number         0  dflt_clz.o ABSOLUTE
    ../fplib/dnaninf.s                       0x00000000   Number         0  dnaninf.o ABSOLUTE
    ../fplib/dretinf.s                       0x00000000   Number         0  dretinf.o ABSOLUTE
    ../fplib/fpinit.s                        0x00000000   Number         0  fpinit.o ABSOLUTE
    ../fplib/usenofp.s                       0x00000000   Number         0  usenofp.o ABSOLUTE
    C:\Users\Administrator\AppData\Local\Arm\Packs\Keil\S32_SDK_DFP\1.2.0\platform\devices\startup.c 0x00000000   Number         0  startup.o ABSOLUTE
    C:\\Users\\Administrator\\AppData\\Local\\Arm\\Packs\\Keil\\S32_SDK_DFP\\1.2.0\\platform\\devices\\startup.c 0x00000000   Number         0  startup.o ABSOLUTE
    RTE\Device\S32K142HAxxxLHx\startup_S32K142.s 0x00000000   Number         0  startup_s32k142.o ABSOLUTE
    RTE\Device\S32K142HAxxxLHx\system_S32K142.c 0x00000000   Number         0  system_s32k142.o ABSOLUTE
    RTE\\Device\\S32K142HAxxxLHx\\system_S32K142.c 0x00000000   Number         0  system_s32k142.o ABSOLUTE
    dc.s                                     0x00000000   Number         0  dc.o ABSOLUTE
    main.c                                   0x00000000   Number         0  main.o ABSOLUTE
    main.c                                   0x00000000   Number         0  main.o ABSOLUTE
    nxpLib\\canbus.c                         0x00000000   Number         0  canbus.o ABSOLUTE
    nxpLib\\clocks_and_modes.c               0x00000000   Number         0  clocks_and_modes.o ABSOLUTE
    nxpLib\\gpio.c                           0x00000000   Number         0  gpio.o ABSOLUTE
    nxpLib\\spi.c                            0x00000000   Number         0  spi.o ABSOLUTE
    nxpLib\\timer.c                          0x00000000   Number         0  timer.o ABSOLUTE
    nxpLib\\uart.c                           0x00000000   Number         0  uart.o ABSOLUTE
    nxpLib\canbus.c                          0x00000000   Number         0  canbus.o ABSOLUTE
    nxpLib\clocks_and_modes.c                0x00000000   Number         0  clocks_and_modes.o ABSOLUTE
    nxpLib\gpio.c                            0x00000000   Number         0  gpio.o ABSOLUTE
    nxpLib\nxpQueue.c                        0x00000000   Number         0  nxpqueue.o ABSOLUTE
    nxpLib\spi.c                             0x00000000   Number         0  spi.o ABSOLUTE
    nxpLib\timer.c                           0x00000000   Number         0  timer.o ABSOLUTE
    nxpLib\uart.c                            0x00000000   Number         0  uart.o ABSOLUTE
    src\mem909s.c                            0x00000000   Number         0  mem909s.o ABSOLUTE
    FlashConfig                              0x00000400   Section       16  startup_s32k142.o(FlashConfig)
    !!!main                                  0x00000410   Section        8  __main.o(!!!main)
    !!!scatter                               0x00000418   Section       52  __scatter.o(!!!scatter)
    !!handler_copy                           0x0000044c   Section       26  __scatter_copy.o(!!handler_copy)
    !!handler_zi                             0x00000468   Section       28  __scatter_zi.o(!!handler_zi)
    .ARM.Collect$$libinit$$00000000          0x00000484   Section        2  libinit.o(.ARM.Collect$$libinit$$00000000)
    .ARM.Collect$$libinit$$00000001          0x00000486   Section        4  libinit2.o(.ARM.Collect$$libinit$$00000001)
    .ARM.Collect$$libinit$$00000004          0x0000048a   Section        0  libinit2.o(.ARM.Collect$$libinit$$00000004)
    .ARM.Collect$$libinit$$00000008          0x0000048a   Section        8  libinit5.o(.ARM.Collect$$libinit$$00000008)
    .ARM.Collect$$libinit$$0000000A          0x00000492   Section        0  libinit2.o(.ARM.Collect$$libinit$$0000000A)
    .ARM.Collect$$libinit$$0000000C          0x00000492   Section        0  libinit2.o(.ARM.Collect$$libinit$$0000000C)
    .ARM.Collect$$libinit$$0000000E          0x00000492   Section        0  libinit2.o(.ARM.Collect$$libinit$$0000000E)
    .ARM.Collect$$libinit$$00000011          0x00000492   Section        0  libinit2.o(.ARM.Collect$$libinit$$00000011)
    .ARM.Collect$$libinit$$00000013          0x00000492   Section        0  libinit2.o(.ARM.Collect$$libinit$$00000013)
    .ARM.Collect$$libinit$$00000015          0x00000492   Section        0  libinit2.o(.ARM.Collect$$libinit$$00000015)
    .ARM.Collect$$libinit$$00000017          0x00000492   Section        0  libinit2.o(.ARM.Collect$$libinit$$00000017)
    .ARM.Collect$$libinit$$00000019          0x00000492   Section        0  libinit2.o(.ARM.Collect$$libinit$$00000019)
    .ARM.Collect$$libinit$$0000001B          0x00000492   Section        0  libinit2.o(.ARM.Collect$$libinit$$0000001B)
    .ARM.Collect$$libinit$$0000001D          0x00000492   Section        0  libinit2.o(.ARM.Collect$$libinit$$0000001D)
    .ARM.Collect$$libinit$$0000001F          0x00000492   Section        0  libinit2.o(.ARM.Collect$$libinit$$0000001F)
    .ARM.Collect$$libinit$$00000021          0x00000492   Section        0  libinit2.o(.ARM.Collect$$libinit$$00000021)
    .ARM.Collect$$libinit$$00000023          0x00000492   Section        0  libinit2.o(.ARM.Collect$$libinit$$00000023)
    .ARM.Collect$$libinit$$00000025          0x00000492   Section        0  libinit2.o(.ARM.Collect$$libinit$$00000025)
    .ARM.Collect$$libinit$$0000002C          0x00000492   Section        0  libinit2.o(.ARM.Collect$$libinit$$0000002C)
    .ARM.Collect$$libinit$$0000002E          0x00000492   Section        0  libinit2.o(.ARM.Collect$$libinit$$0000002E)
    .ARM.Collect$$libinit$$00000030          0x00000492   Section        0  libinit2.o(.ARM.Collect$$libinit$$00000030)
    .ARM.Collect$$libinit$$00000032          0x00000492   Section        0  libinit2.o(.ARM.Collect$$libinit$$00000032)
    .ARM.Collect$$libinit$$00000033          0x00000492   Section        2  libinit2.o(.ARM.Collect$$libinit$$00000033)
    .ARM.Collect$$libinit$$00002719          0x00000494   Section        8  libinit5.o(.ARM.Collect$$libinit$$00002719)
    __lit__00000000                          0x00000494   Data           4  libinit5.o(.ARM.Collect$$libinit$$00002719)
    __lit__00000001                          0x00000498   Data           4  libinit5.o(.ARM.Collect$$libinit$$00002719)
    .ARM.Collect$$libshutdown$$00000000      0x0000049c   Section        2  libshutdown.o(.ARM.Collect$$libshutdown$$00000000)
    .ARM.Collect$$libshutdown$$00000002      0x0000049e   Section        0  libshutdown2.o(.ARM.Collect$$libshutdown$$00000002)
    .ARM.Collect$$libshutdown$$00000004      0x0000049e   Section        0  libshutdown2.o(.ARM.Collect$$libshutdown$$00000004)
    .ARM.Collect$$libshutdown$$00000007      0x0000049e   Section        0  libshutdown2.o(.ARM.Collect$$libshutdown$$00000007)
    .ARM.Collect$$libshutdown$$0000000A      0x0000049e   Section        0  libshutdown2.o(.ARM.Collect$$libshutdown$$0000000A)
    .ARM.Collect$$libshutdown$$0000000C      0x0000049e   Section        0  libshutdown2.o(.ARM.Collect$$libshutdown$$0000000C)
    .ARM.Collect$$libshutdown$$0000000F      0x0000049e   Section        0  libshutdown2.o(.ARM.Collect$$libshutdown$$0000000F)
    .ARM.Collect$$libshutdown$$00000010      0x0000049e   Section        2  libshutdown2.o(.ARM.Collect$$libshutdown$$00000010)
    .ARM.Collect$$rtentry$$00000000          0x000004a0   Section        0  __rtentry.o(.ARM.Collect$$rtentry$$00000000)
    .ARM.Collect$$rtentry$$00000002          0x000004a0   Section        0  __rtentry2.o(.ARM.Collect$$rtentry$$00000002)
    .ARM.Collect$$rtentry$$00000007          0x000004a0   Section        4  __rtentry7.o(.ARM.Collect$$rtentry$$00000007)
    .ARM.Collect$$rtentry$$00000009          0x000004a4   Section        0  __rtentry2.o(.ARM.Collect$$rtentry$$00000009)
    .ARM.Collect$$rtentry$$0000000A          0x000004a4   Section        4  __rtentry2.o(.ARM.Collect$$rtentry$$0000000A)
    .ARM.Collect$$rtentry$$0000000C          0x000004a8   Section        0  __rtentry2.o(.ARM.Collect$$rtentry$$0000000C)
    .ARM.Collect$$rtentry$$0000000D          0x000004a8   Section        8  __rtentry2.o(.ARM.Collect$$rtentry$$0000000D)
    .ARM.Collect$$rtentry$$00002718          0x000004b0   Section        4  __rtentry7.o(.ARM.Collect$$rtentry$$00002718)
    __lit__00000000                          0x000004b0   Data           4  __rtentry7.o(.ARM.Collect$$rtentry$$00002718)
    .ARM.Collect$$rtexit$$00000000           0x000004b4   Section        2  rtexit.o(.ARM.Collect$$rtexit$$00000000)
    .ARM.Collect$$rtexit$$00000002           0x000004b6   Section        0  rtexit2.o(.ARM.Collect$$rtexit$$00000002)
    .ARM.Collect$$rtexit$$00000003           0x000004b6   Section        4  rtexit2.o(.ARM.Collect$$rtexit$$00000003)
    .ARM.Collect$$rtexit$$00000004           0x000004ba   Section        6  rtexit2.o(.ARM.Collect$$rtexit$$00000004)
    .emb_text                                0x000004c0   Section        0  maybetermalloc1.o(.emb_text)
    .text                                    0x000004c0   Section       56  startup_s32k142.o(.text)
    $v0                                      0x000004c0   Number         0  startup_s32k142.o(.text)
    .text                                    0x000004f8   Section        0  h1_alloc.o(.text)
    .text                                    0x00000556   Section        0  h1_free.o(.text)
    .text                                    0x000005a4   Section        0  strlen.o(.text)
    .text                                    0x000005e2   Section        0  strncmp.o(.text)
    .text                                    0x00000678   Section      138  rt_memcpy_v6.o(.text)
    .text                                    0x00000702   Section      100  rt_memcpy_w.o(.text)
    .text                                    0x00000766   Section       78  rt_memclr_w.o(.text)
    .text                                    0x000007b4   Section        8  rt_heap_descriptor_intlibspace.o(.text)
    .text                                    0x000007bc   Section        0  hguard.o(.text)
    .text                                    0x000007c0   Section        0  init_alloc.o(.text)
    .text                                    0x0000084a   Section        0  h1_init.o(.text)
    .text                                    0x00000858   Section        0  h1_extend.o(.text)
    .text                                    0x0000088c   Section        0  defsig_rtmem_outer.o(.text)
    .text                                    0x0000089a   Section        2  use_no_semi.o(.text)
    .text                                    0x0000089c   Section        0  indicate_semi.o(.text)
    .text                                    0x0000089c   Section        0  exit.o(.text)
    .text                                    0x000008ae   Section        0  defsig_exit.o(.text)
    .text                                    0x000008b8   Section        0  defsig_rtmem_inner.o(.text)
    .text                                    0x00000908   Section        0  sys_exit.o(.text)
    .text                                    0x00000914   Section        0  defsig_general.o(.text)
    .text                                    0x00000946   Section        0  sys_wrch.o(.text)
    i.CAN0_ORed_0_15_MB_IRQHandler           0x00000954   Section        0  canbus.o(i.CAN0_ORed_0_15_MB_IRQHandler)
    i.CAN0_ORed_16_31_MB_IRQHandler          0x00000964   Section        0  canbus.o(i.CAN0_ORed_16_31_MB_IRQHandler)
    i.Canbus0Recv                            0x00000974   Section        0  canbus.o(i.Canbus0Recv)
    i.GpioInit                               0x00000af0   Section        0  gpio.o(i.GpioInit)
    i.GpioSetDirection                       0x00000b40   Section        0  gpio.o(i.GpioSetDirection)
    i.GpioSetVal                             0x00000c78   Section        0  gpio.o(i.GpioSetVal)
    i.LPIT0_Ch0_IRQHandler                   0x00000d6c   Section        0  timer.o(i.LPIT0_Ch0_IRQHandler)
    i.LPSPI1_IRQHandler                      0x00000de8   Section        0  spi.o(i.LPSPI1_IRQHandler)
    i.LPTMR0_IRQHandler                      0x00000efc   Section        0  timer.o(i.LPTMR0_IRQHandler)
    i.LPUART0_RxTx_IRQHandler                0x00000f88   Section        0  uart.o(i.LPUART0_RxTx_IRQHandler)
    i.LPUART1_RxTx_IRQHandler                0x00001050   Section        0  uart.o(i.LPUART1_RxTx_IRQHandler)
    i.NormalRUNmode_80MHz                    0x00001118   Section        0  clocks_and_modes.o(i.NormalRUNmode_80MHz)
    i.SOSC_init_8MHz                         0x00001144   Section        0  clocks_and_modes.o(i.SOSC_init_8MHz)
    i.SPLL_init_160MHz                       0x00001188   Section        0  clocks_and_modes.o(i.SPLL_init_160MHz)
    i.SystemInit                             0x000011e8   Section        0  system_s32k142.o(i.SystemInit)
    i.TimerCreate                            0x00001228   Section        0  timer.o(i.TimerCreate)
    i.TimerDelete                            0x000012c8   Section        0  timer.o(i.TimerDelete)
    i.TimerOutGet                            0x00001340   Section        0  timer.o(i.TimerOutGet)
    i.WDOG_disable                           0x00001384   Section        0  main.o(i.WDOG_disable)
    i.deQueue                                0x000013a0   Section        0  nxpqueue.o(i.deQueue)
    i.deQueueCan                             0x000013d0   Section        0  nxpqueue.o(i.deQueueCan)
    i.enQueue                                0x00001406   Section        0  nxpqueue.o(i.enQueue)
    i.enQueueCan                             0x00001440   Section        0  nxpqueue.o(i.enQueueCan)
    i.getQueueLen                            0x00001482   Section        0  nxpqueue.o(i.getQueueLen)
    i.initQueue                              0x00001498   Section        0  nxpqueue.o(i.initQueue)
    i.init_data_bss                          0x000014bc   Section        0  startup.o(i.init_data_bss)
    i.isEmpityQueue                          0x00001510   Section        0  nxpqueue.o(i.isEmpityQueue)
    i.isEmpityQueueCan                       0x00001522   Section        0  nxpqueue.o(i.isEmpityQueueCan)
    i.isFullQueue                            0x00001534   Section        0  nxpqueue.o(i.isFullQueue)
    i.isFullQueueCan                         0x00001552   Section        0  nxpqueue.o(i.isFullQueueCan)
    i.ivcu_poweron                           0x00001570   Section        0  main.o(i.ivcu_poweron)
    i.main                                   0x00001624   Section        0  main.o(i.main)
    i.mem909sReadyGet                        0x00001660   Section        0  mem909s.o(i.mem909sReadyGet)
    i.uartInit                               0x00001710   Section        0  uart.o(i.uartInit)
    i.uartIrqInit                            0x00001928   Section        0  uart.o(i.uartIrqInit)
    i.uartReadIrq                            0x000019d4   Section        0  uart.o(i.uartReadIrq)
    i.uartReadIrqReset                       0x00001b08   Section        0  uart.o(i.uartReadIrqReset)
    i.uartSendIrq                            0x00001b68   Section        0  uart.o(i.uartSendIrq)
    x$fpl$dadd                               0x00001c90   Section      336  daddsub_clz.o(x$fpl$dadd)
    $v0                                      0x00001c90   Number         0  daddsub_clz.o(x$fpl$dadd)
    _dadd1                                   0x00001ca1   Thumb Code     0  daddsub_clz.o(x$fpl$dadd)
    x$fpl$ddiv                               0x00001de0   Section      688  ddiv.o(x$fpl$ddiv)
    $v0                                      0x00001de0   Number         0  ddiv.o(x$fpl$ddiv)
    ddiv_entry                               0x00001de7   Thumb Code     0  ddiv.o(x$fpl$ddiv)
    x$fpl$dfix                               0x00002090   Section       94  dfix.o(x$fpl$dfix)
    $v0                                      0x00002090   Number         0  dfix.o(x$fpl$dfix)
    x$fpl$dflt                               0x000020ee   Section       46  dflt_clz.o(x$fpl$dflt)
    $v0                                      0x000020ee   Number         0  dflt_clz.o(x$fpl$dflt)
    x$fpl$dfltu                              0x0000211c   Section       38  dflt_clz.o(x$fpl$dfltu)
    $v0                                      0x0000211c   Number         0  dflt_clz.o(x$fpl$dfltu)
    x$fpl$dnaninf                            0x00002142   Section      156  dnaninf.o(x$fpl$dnaninf)
    $v0                                      0x00002142   Number         0  dnaninf.o(x$fpl$dnaninf)
    x$fpl$dretinf                            0x000021de   Section       12  dretinf.o(x$fpl$dretinf)
    $v0                                      0x000021de   Number         0  dretinf.o(x$fpl$dretinf)
    x$fpl$dsub                               0x000021ec   Section      468  daddsub_clz.o(x$fpl$dsub)
    $v0                                      0x000021ec   Number         0  daddsub_clz.o(x$fpl$dsub)
    _dsub1                                   0x000021fd   Thumb Code     0  daddsub_clz.o(x$fpl$dsub)
    x$fpl$fpinit                             0x000023c0   Section       10  fpinit.o(x$fpl$fpinit)
    $v0                                      0x000023c0   Number         0  fpinit.o(x$fpl$fpinit)
    x$fpl$usenofp                            0x000023ca   Section        0  usenofp.o(x$fpl$usenofp)
    .constdata                               0x000023cc   Section       36  uart.o(.constdata)
    .constdata                               0x000023f0   Section        4  startup.o(.constdata)
    .conststring                             0x000023f4   Section       57  mem909s.o(.conststring)
    .data                                    0x1fffc000   Section       52  mem909s.o(.data)
    sendFlag                                 0x1fffc004   Data           4  mem909s.o(.data)
    msmReadStatus                            0x1fffc008   Data           4  mem909s.o(.data)
    sendStatus                               0x1fffc00c   Data           4  mem909s.o(.data)
    msmSendStatus                            0x1fffc010   Data           4  mem909s.o(.data)
    msmNum                                   0x1fffc014   Data           1  mem909s.o(.data)
    rStart                                   0x1fffc018   Data           4  mem909s.o(.data)
    recvFlag                                 0x1fffc01c   Data           4  mem909s.o(.data)
    recvIndex                                0x1fffc020   Data           4  mem909s.o(.data)
    offset                                   0x1fffc024   Data           4  mem909s.o(.data)
    offsetMid                                0x1fffc028   Data           4  mem909s.o(.data)
    prepreFlag                               0x1fffc02c   Data           4  mem909s.o(.data)
    readySendFlag                            0x1fffc030   Data           4  mem909s.o(.data)
    .data                                    0x1fffc034   Section       28  spi.o(.data)
    queueMaxSize                             0x1fffc034   Data           4  spi.o(.data)
    spi_sendStatus                           0x1fffc038   Data           4  spi.o(.data)
    spi_readStatus                           0x1fffc03c   Data           4  spi.o(.data)
    spi_sendNum                              0x1fffc040   Data           4  spi.o(.data)
    spi_needSendNum                          0x1fffc044   Data           4  spi.o(.data)
    spi_readNum                              0x1fffc048   Data           4  spi.o(.data)
    spi_needReadNum                          0x1fffc04c   Data           4  spi.o(.data)
    .data                                    0x1fffc050   Section       44  uart.o(.data)
    uartIrq                                  0x1fffc050   Data           1  uart.o(.data)
    uart0_readStatus                         0x1fffc051   Data           1  uart.o(.data)
    uart0_sendStatus                         0x1fffc052   Data           1  uart.o(.data)
    uart0_readNum                            0x1fffc054   Data           4  uart.o(.data)
    uart0_needReadNum                        0x1fffc058   Data           4  uart.o(.data)
    uart0_sendNum                            0x1fffc05c   Data           4  uart.o(.data)
    uart0_needSendNum                        0x1fffc060   Data           4  uart.o(.data)
    uart1_readStatus                         0x1fffc064   Data           1  uart.o(.data)
    uart1_sendStatus                         0x1fffc065   Data           1  uart.o(.data)
    uart1_readNum                            0x1fffc068   Data           4  uart.o(.data)
    uart1_needReadNum                        0x1fffc06c   Data           4  uart.o(.data)
    uart1_sendNum                            0x1fffc070   Data           4  uart.o(.data)
    uart1_needSendNum                        0x1fffc074   Data           4  uart.o(.data)
    queueMaxSize                             0x1fffc078   Data           4  uart.o(.data)
    .bss                                     0x1fffc07c   Section     2080  spi.o(.bss)
    str_recvQueue                            0x1fffc07c   Data          16  spi.o(.bss)
    str_sendQueue                            0x1fffc08c   Data          16  spi.o(.bss)
    .bss                                     0x1fffc89c   Section     4160  uart.o(.bss)
    str_recvQueue0                           0x1fffd89c   Data          16  uart.o(.bss)
    str_recvQueue1                           0x1fffd8ac   Data          16  uart.o(.bss)
    str_sendQueue0                           0x1fffd8bc   Data          16  uart.o(.bss)
    str_sendQueue1                           0x1fffd8cc   Data          16  uart.o(.bss)
    .bss                                     0x1fffd8dc   Section       96  libspace.o(.bss)
    .data                                    0x20000000   Section       48  canbus.o(.data)
    canbusBaudrate                           0x20000018   Data          20  canbus.o(.data)
    queueMaxSize                             0x2000002c   Data           4  canbus.o(.data)
    .data                                    0x20000030   Section       36  timer.o(.data)
    timerNum                                 0x20000030   Data           4  timer.o(.data)
    timerMax                                 0x20000034   Data           4  timer.o(.data)
    heartbeat                                0x20000038   Data           4  timer.o(.data)
    timeInitFlag                             0x2000003c   Data           4  timer.o(.data)
    timerLpitNum                             0x20000044   Data           4  timer.o(.data)
    timerLpitMax                             0x20000048   Data           4  timer.o(.data)
    heartbeatLpit                            0x2000004c   Data           4  timer.o(.data)
    timeLpitInitFlag                         0x20000050   Data           4  timer.o(.data)
    .bss                                     0x20000054   Section       60  canbus.o(.bss)
    str_elemType0                            0x20000074   Data          12  canbus.o(.bss)
    str_canbusQueue0                         0x20000080   Data          16  canbus.o(.bss)
    .bss                                     0x20000090   Section      160  timer.o(.bss)
    timer                                    0x20000090   Data          40  timer.o(.bss)
    timerFlag                                0x200000b8   Data          40  timer.o(.bss)
    timerLpit                                0x200000e0   Data          40  timer.o(.bss)
    timerLpitFlag                            0x20000108   Data          40  timer.o(.bss)

    Global Symbols

    Symbol Name                              Value     Ov Type        Size  Object(Section)

    BuildAttributes$$THM_ISAv4$E$P$D$K$B$S$7EM$VFPi3$EXTD16$VFPS$VFMA$PE$A:L22UL41UL21$X:L11$S22US41US21$IEEE1$IW$USESV6$~STKCKD$USESV7$~SHL$OTIME$ROPI$EBA8$UX$STANDARDLIB$REQ8$PRES8$EABIv2 0x00000000   Number         0  anon$$obj.o ABSOLUTE
    Image$$VECTOR_RAM$$Base                  0x00000000   Number         0  anon$$obj.o ABSOLUTE
    Image$$VECTOR_ROM$$Base                  0x00000000   Number         0  anon$$obj.o ABSOLUTE
    __ARM_use_no_argv                        0x00000000   Number         0  main.o ABSOLUTE
    __Vectors                                0x00000000   Data           4  startup_s32k142.o(RESET)
    _printf_flags                            0x00000000   Number         0  printf_stubs.o ABSOLUTE
    _printf_return_value                     0x00000000   Number         0  printf_stubs.o ABSOLUTE
    _printf_sizespec                         0x00000000   Number         0  printf_stubs.o ABSOLUTE
    _printf_widthprec                        0x00000000   Number         0  printf_stubs.o ABSOLUTE
    Image$$ZI$$Limit                          - Undefined Weak Reference
    __ARM_exceptions_init                     - Undefined Weak Reference
    __alloca_initialize                       - Undefined Weak Reference
    __arm_preinit_                            - Undefined Weak Reference
    __cpp_initialize__aeabi_                  - Undefined Weak Reference
    __cxa_finalize                            - Undefined Weak Reference
    __sigvec_lookup                           - Undefined Weak Reference
    __user_heap_extent                        - Undefined Weak Reference
    _atexit_init                              - Undefined Weak Reference
    _call_atexit_fns                          - Undefined Weak Reference
    _clock_init                               - Undefined Weak Reference
    _fp_trap_init                             - Undefined Weak Reference
    _fp_trap_shutdown                         - Undefined Weak Reference
    _get_lc_collate                           - Undefined Weak Reference
    _get_lc_monetary                          - Undefined Weak Reference
    _get_lc_numeric                           - Undefined Weak Reference
    _get_lc_time                              - Undefined Weak Reference
    _getenv_init                              - Undefined Weak Reference
    _handle_redirection                       - Undefined Weak Reference
    _mbdata                                   - Undefined Weak Reference
    _mutex_acquire                            - Undefined Weak Reference
    _mutex_free                               - Undefined Weak Reference
    _mutex_release                            - Undefined Weak Reference
    _printf_truncate_unsigned                 - Undefined Weak Reference
    _rand_init                                - Undefined Weak Reference
    _signal_finish                            - Undefined Weak Reference
    _signal_init                              - Undefined Weak Reference
    __Vectors_End                            0x00000400   Data           0  startup_s32k142.o(RESET)
    __Vectors_Size                           0x00000400   Number         0  startup_s32k142.o ABSOLUTE
    __main                                   0x00000411   Thumb Code     8  __main.o(!!!main)
    __scatterload                            0x00000419   Thumb Code     0  __scatter.o(!!!scatter)
    __scatterload_rt2                        0x00000419   Thumb Code    44  __scatter.o(!!!scatter)
    __scatterload_rt2_thumb_only             0x00000419   Thumb Code     0  __scatter.o(!!!scatter)
    __scatterload_null                       0x00000427   Thumb Code     0  __scatter.o(!!!scatter)
    __scatterload_copy                       0x0000044d   Thumb Code    26  __scatter_copy.o(!!handler_copy)
    __scatterload_zeroinit                   0x00000469   Thumb Code    28  __scatter_zi.o(!!handler_zi)
    __rt_lib_init                            0x00000485   Thumb Code     0  libinit.o(.ARM.Collect$$libinit$$00000000)
    __rt_lib_init_fp_1                       0x00000487   Thumb Code     0  libinit2.o(.ARM.Collect$$libinit$$00000001)
    __rt_lib_init_heap_2                     0x0000048b   Thumb Code     0  libinit5.o(.ARM.Collect$$libinit$$00000008)
    __rt_lib_init_preinit_1                  0x0000048b   Thumb Code     0  libinit2.o(.ARM.Collect$$libinit$$00000004)
    __rt_lib_init_alloca_1                   0x00000493   Thumb Code     0  libinit2.o(.ARM.Collect$$libinit$$0000002E)
    __rt_lib_init_argv_1                     0x00000493   Thumb Code     0  libinit2.o(.ARM.Collect$$libinit$$0000002C)
    __rt_lib_init_atexit_1                   0x00000493   Thumb Code     0  libinit2.o(.ARM.Collect$$libinit$$0000001B)
    __rt_lib_init_clock_1                    0x00000493   Thumb Code     0  libinit2.o(.ARM.Collect$$libinit$$00000021)
    __rt_lib_init_cpp_1                      0x00000493   Thumb Code     0  libinit2.o(.ARM.Collect$$libinit$$00000032)
    __rt_lib_init_exceptions_1               0x00000493   Thumb Code     0  libinit2.o(.ARM.Collect$$libinit$$00000030)
    __rt_lib_init_fp_trap_1                  0x00000493   Thumb Code     0  libinit2.o(.ARM.Collect$$libinit$$0000001F)
    __rt_lib_init_getenv_1                   0x00000493   Thumb Code     0  libinit2.o(.ARM.Collect$$libinit$$00000023)
    __rt_lib_init_heap_1                     0x00000493   Thumb Code     0  libinit2.o(.ARM.Collect$$libinit$$0000000A)
    __rt_lib_init_lc_collate_1               0x00000493   Thumb Code     0  libinit2.o(.ARM.Collect$$libinit$$00000011)
    __rt_lib_init_lc_ctype_1                 0x00000493   Thumb Code     0  libinit2.o(.ARM.Collect$$libinit$$00000013)
    __rt_lib_init_lc_monetary_1              0x00000493   Thumb Code     0  libinit2.o(.ARM.Collect$$libinit$$00000015)
    __rt_lib_init_lc_numeric_1               0x00000493   Thumb Code     0  libinit2.o(.ARM.Collect$$libinit$$00000017)
    __rt_lib_init_lc_time_1                  0x00000493   Thumb Code     0  libinit2.o(.ARM.Collect$$libinit$$00000019)
    __rt_lib_init_rand_1                     0x00000493   Thumb Code     0  libinit2.o(.ARM.Collect$$libinit$$0000000E)
    __rt_lib_init_return                     0x00000493   Thumb Code     0  libinit2.o(.ARM.Collect$$libinit$$00000033)
    __rt_lib_init_signal_1                   0x00000493   Thumb Code     0  libinit2.o(.ARM.Collect$$libinit$$0000001D)
    __rt_lib_init_stdio_1                    0x00000493   Thumb Code     0  libinit2.o(.ARM.Collect$$libinit$$00000025)
    __rt_lib_init_user_alloc_1               0x00000493   Thumb Code     0  libinit2.o(.ARM.Collect$$libinit$$0000000C)
    __rt_lib_shutdown                        0x0000049d   Thumb Code     0  libshutdown.o(.ARM.Collect$$libshutdown$$00000000)
    __rt_lib_shutdown_cpp_1                  0x0000049f   Thumb Code     0  libshutdown2.o(.ARM.Collect$$libshutdown$$00000002)
    __rt_lib_shutdown_fp_trap_1              0x0000049f   Thumb Code     0  libshutdown2.o(.ARM.Collect$$libshutdown$$00000007)
    __rt_lib_shutdown_heap_1                 0x0000049f   Thumb Code     0  libshutdown2.o(.ARM.Collect$$libshutdown$$0000000F)
    __rt_lib_shutdown_return                 0x0000049f   Thumb Code     0  libshutdown2.o(.ARM.Collect$$libshutdown$$00000010)
    __rt_lib_shutdown_signal_1               0x0000049f   Thumb Code     0  libshutdown2.o(.ARM.Collect$$libshutdown$$0000000A)
    __rt_lib_shutdown_stdio_1                0x0000049f   Thumb Code     0  libshutdown2.o(.ARM.Collect$$libshutdown$$00000004)
    __rt_lib_shutdown_user_alloc_1           0x0000049f   Thumb Code     0  libshutdown2.o(.ARM.Collect$$libshutdown$$0000000C)
    __rt_entry                               0x000004a1   Thumb Code     0  __rtentry.o(.ARM.Collect$$rtentry$$00000000)
    __rt_entry_presh_1                       0x000004a1   Thumb Code     0  __rtentry2.o(.ARM.Collect$$rtentry$$00000002)
    __rt_entry_sh                            0x000004a1   Thumb Code     0  __rtentry7.o(.ARM.Collect$$rtentry$$00000007)
    __rt_entry_li                            0x000004a5   Thumb Code     0  __rtentry2.o(.ARM.Collect$$rtentry$$0000000A)
    __rt_entry_postsh_1                      0x000004a5   Thumb Code     0  __rtentry2.o(.ARM.Collect$$rtentry$$00000009)
    __rt_entry_main                          0x000004a9   Thumb Code     0  __rtentry2.o(.ARM.Collect$$rtentry$$0000000D)
    __rt_entry_postli_1                      0x000004a9   Thumb Code     0  __rtentry2.o(.ARM.Collect$$rtentry$$0000000C)
    __rt_exit                                0x000004b5   Thumb Code     0  rtexit.o(.ARM.Collect$$rtexit$$00000000)
    __rt_exit_ls                             0x000004b7   Thumb Code     0  rtexit2.o(.ARM.Collect$$rtexit$$00000003)
    __rt_exit_prels_1                        0x000004b7   Thumb Code     0  rtexit2.o(.ARM.Collect$$rtexit$$00000002)
    __rt_exit_exit                           0x000004bb   Thumb Code     0  rtexit2.o(.ARM.Collect$$rtexit$$00000004)
    Reset_Handler                            0x000004c1   Thumb Code    18  startup_s32k142.o(.text)
    _maybe_terminate_alloc                   0x000004c1   Thumb Code     0  maybetermalloc1.o(.emb_text)
    NMI_Handler                              0x000004d3   Thumb Code     2  startup_s32k142.o(.text)
    HardFault_Handler                        0x000004d5   Thumb Code     2  startup_s32k142.o(.text)
    MemManage_Handler                        0x000004d7   Thumb Code     2  startup_s32k142.o(.text)
    BusFault_Handler                         0x000004d9   Thumb Code     2  startup_s32k142.o(.text)
    UsageFault_Handler                       0x000004db   Thumb Code     2  startup_s32k142.o(.text)
    SVC_Handler                              0x000004dd   Thumb Code     2  startup_s32k142.o(.text)
    DebugMon_Handler                         0x000004df   Thumb Code     2  startup_s32k142.o(.text)
    PendSV_Handler                           0x000004e1   Thumb Code     2  startup_s32k142.o(.text)
    SysTick_Handler                          0x000004e3   Thumb Code     2  startup_s32k142.o(.text)
    ADC0_IRQHandler                          0x000004e5   Thumb Code     0  startup_s32k142.o(.text)
    ADC1_IRQHandler                          0x000004e5   Thumb Code     0  startup_s32k142.o(.text)
    CAN0_Error_IRQHandler                    0x000004e5   Thumb Code     0  startup_s32k142.o(.text)
    CAN0_ORed_IRQHandler                     0x000004e5   Thumb Code     0  startup_s32k142.o(.text)
    CAN0_Wake_Up_IRQHandler                  0x000004e5   Thumb Code     0  startup_s32k142.o(.text)
    CAN1_Error_IRQHandler                    0x000004e5   Thumb Code     0  startup_s32k142.o(.text)
    CAN1_ORed_0_15_MB_IRQHandler             0x000004e5   Thumb Code     0  startup_s32k142.o(.text)
    CAN1_ORed_IRQHandler                     0x000004e5   Thumb Code     0  startup_s32k142.o(.text)
    CMP0_IRQHandler                          0x000004e5   Thumb Code     0  startup_s32k142.o(.text)
    DMA0_IRQHandler                          0x000004e5   Thumb Code     0  startup_s32k142.o(.text)
    DMA10_IRQHandler                         0x000004e5   Thumb Code     0  startup_s32k142.o(.text)
    DMA11_IRQHandler                         0x000004e5   Thumb Code     0  startup_s32k142.o(.text)
    DMA12_IRQHandler                         0x000004e5   Thumb Code     0  startup_s32k142.o(.text)
    DMA13_IRQHandler                         0x000004e5   Thumb Code     0  startup_s32k142.o(.text)
    DMA14_IRQHandler                         0x000004e5   Thumb Code     0  startup_s32k142.o(.text)
    DMA15_IRQHandler                         0x000004e5   Thumb Code     0  startup_s32k142.o(.text)
    DMA1_IRQHandler                          0x000004e5   Thumb Code     0  startup_s32k142.o(.text)
    DMA2_IRQHandler                          0x000004e5   Thumb Code     0  startup_s32k142.o(.text)
    DMA3_IRQHandler                          0x000004e5   Thumb Code     0  startup_s32k142.o(.text)
    DMA4_IRQHandler                          0x000004e5   Thumb Code     0  startup_s32k142.o(.text)
    DMA5_IRQHandler                          0x000004e5   Thumb Code     0  startup_s32k142.o(.text)
    DMA6_IRQHandler                          0x000004e5   Thumb Code     0  startup_s32k142.o(.text)
    DMA7_IRQHandler                          0x000004e5   Thumb Code     0  startup_s32k142.o(.text)
    DMA8_IRQHandler                          0x000004e5   Thumb Code     0  startup_s32k142.o(.text)
    DMA9_IRQHandler                          0x000004e5   Thumb Code     0  startup_s32k142.o(.text)
    DMA_Error_IRQHandler                     0x000004e5   Thumb Code     0  startup_s32k142.o(.text)
    DefaultISR                               0x000004e5   Thumb Code     0  startup_s32k142.o(.text)
    ERM_double_fault_IRQHandler              0x000004e5   Thumb Code     0  startup_s32k142.o(.text)
    ERM_single_fault_IRQHandler              0x000004e5   Thumb Code     0  startup_s32k142.o(.text)
    FLEXIO_IRQHandler                        0x000004e5   Thumb Code     0  startup_s32k142.o(.text)
    FTFC_Fault_IRQHandler                    0x000004e5   Thumb Code     0  startup_s32k142.o(.text)
    FTFC_IRQHandler                          0x000004e5   Thumb Code     0  startup_s32k142.o(.text)
    FTM0_Ch0_Ch1_IRQHandler                  0x000004e5   Thumb Code     0  startup_s32k142.o(.text)
    FTM0_Ch2_Ch3_IRQHandler                  0x000004e5   Thumb Code     0  startup_s32k142.o(.text)
    FTM0_Ch4_Ch5_IRQHandler                  0x000004e5   Thumb Code     0  startup_s32k142.o(.text)
    FTM0_Ch6_Ch7_IRQHandler                  0x000004e5   Thumb Code     0  startup_s32k142.o(.text)
    FTM0_Fault_IRQHandler                    0x000004e5   Thumb Code     0  startup_s32k142.o(.text)
    FTM0_Ovf_Reload_IRQHandler               0x000004e5   Thumb Code     0  startup_s32k142.o(.text)
    FTM1_Ch0_Ch1_IRQHandler                  0x000004e5   Thumb Code     0  startup_s32k142.o(.text)
    FTM1_Ch2_Ch3_IRQHandler                  0x000004e5   Thumb Code     0  startup_s32k142.o(.text)
    FTM1_Ch4_Ch5_IRQHandler                  0x000004e5   Thumb Code     0  startup_s32k142.o(.text)
    FTM1_Ch6_Ch7_IRQHandler                  0x000004e5   Thumb Code     0  startup_s32k142.o(.text)
    FTM1_Fault_IRQHandler                    0x000004e5   Thumb Code     0  startup_s32k142.o(.text)
    FTM1_Ovf_Reload_IRQHandler               0x000004e5   Thumb Code     0  startup_s32k142.o(.text)
    FTM2_Ch0_Ch1_IRQHandler                  0x000004e5   Thumb Code     0  startup_s32k142.o(.text)
    FTM2_Ch2_Ch3_IRQHandler                  0x000004e5   Thumb Code     0  startup_s32k142.o(.text)
    FTM2_Ch4_Ch5_IRQHandler                  0x000004e5   Thumb Code     0  startup_s32k142.o(.text)
    FTM2_Ch6_Ch7_IRQHandler                  0x000004e5   Thumb Code     0  startup_s32k142.o(.text)
    FTM2_Fault_IRQHandler                    0x000004e5   Thumb Code     0  startup_s32k142.o(.text)
    FTM2_Ovf_Reload_IRQHandler               0x000004e5   Thumb Code     0  startup_s32k142.o(.text)
    FTM3_Ch0_Ch1_IRQHandler                  0x000004e5   Thumb Code     0  startup_s32k142.o(.text)
    FTM3_Ch2_Ch3_IRQHandler                  0x000004e5   Thumb Code     0  startup_s32k142.o(.text)
    FTM3_Ch4_Ch5_IRQHandler                  0x000004e5   Thumb Code     0  startup_s32k142.o(.text)
    FTM3_Ch6_Ch7_IRQHandler                  0x000004e5   Thumb Code     0  startup_s32k142.o(.text)
    FTM3_Fault_IRQHandler                    0x000004e5   Thumb Code     0  startup_s32k142.o(.text)
    FTM3_Ovf_Reload_IRQHandler               0x000004e5   Thumb Code     0  startup_s32k142.o(.text)
    LPI2C0_Master_IRQHandler                 0x000004e5   Thumb Code     0  startup_s32k142.o(.text)
    LPI2C0_Slave_IRQHandler                  0x000004e5   Thumb Code     0  startup_s32k142.o(.text)
    LPIT0_Ch1_IRQHandler                     0x000004e5   Thumb Code     0  startup_s32k142.o(.text)
    LPIT0_Ch2_IRQHandler                     0x000004e5   Thumb Code     0  startup_s32k142.o(.text)
    LPIT0_Ch3_IRQHandler                     0x000004e5   Thumb Code     0  startup_s32k142.o(.text)
    LPSPI0_IRQHandler                        0x000004e5   Thumb Code     0  startup_s32k142.o(.text)
    LVD_LVW_IRQHandler                       0x000004e5   Thumb Code     0  startup_s32k142.o(.text)
    MCM_IRQHandler                           0x000004e5   Thumb Code     0  startup_s32k142.o(.text)
    PDB0_IRQHandler                          0x000004e5   Thumb Code     0  startup_s32k142.o(.text)
    PDB1_IRQHandler                          0x000004e5   Thumb Code     0  startup_s32k142.o(.text)
    PORTA_IRQHandler                         0x000004e5   Thumb Code     0  startup_s32k142.o(.text)
    PORTB_IRQHandler                         0x000004e5   Thumb Code     0  startup_s32k142.o(.text)
    PORTC_IRQHandler                         0x000004e5   Thumb Code     0  startup_s32k142.o(.text)
    PORTD_IRQHandler                         0x000004e5   Thumb Code     0  startup_s32k142.o(.text)
    PORTE_IRQHandler                         0x000004e5   Thumb Code     0  startup_s32k142.o(.text)
    RCM_IRQHandler                           0x000004e5   Thumb Code     0  startup_s32k142.o(.text)
    RTC_IRQHandler                           0x000004e5   Thumb Code     0  startup_s32k142.o(.text)
    RTC_Seconds_IRQHandler                   0x000004e5   Thumb Code     0  startup_s32k142.o(.text)
    Read_Collision_IRQHandler                0x000004e5   Thumb Code     0  startup_s32k142.o(.text)
    Reserved100_IRQHandler                   0x000004e5   Thumb Code     0  startup_s32k142.o(.text)
    Reserved103_IRQHandler                   0x000004e5   Thumb Code     0  startup_s32k142.o(.text)
    Reserved105_IRQHandler                   0x000004e5   Thumb Code     0  startup_s32k142.o(.text)
    Reserved106_IRQHandler                   0x000004e5   Thumb Code     0  startup_s32k142.o(.text)
    Reserved107_IRQHandler                   0x000004e5   Thumb Code     0  startup_s32k142.o(.text)
    Reserved108_IRQHandler                   0x000004e5   Thumb Code     0  startup_s32k142.o(.text)
    Reserved109_IRQHandler                   0x000004e5   Thumb Code     0  startup_s32k142.o(.text)
    Reserved110_IRQHandler                   0x000004e5   Thumb Code     0  startup_s32k142.o(.text)
    Reserved111_IRQHandler                   0x000004e5   Thumb Code     0  startup_s32k142.o(.text)
    Reserved112_IRQHandler                   0x000004e5   Thumb Code     0  startup_s32k142.o(.text)
    Reserved113_IRQHandler                   0x000004e5   Thumb Code     0  startup_s32k142.o(.text)
    Reserved114_IRQHandler                   0x000004e5   Thumb Code     0  startup_s32k142.o(.text)
    Reserved44_IRQHandler                    0x000004e5   Thumb Code     0  startup_s32k142.o(.text)
    Reserved45_IRQHandler                    0x000004e5   Thumb Code     0  startup_s32k142.o(.text)
    Reserved46_IRQHandler                    0x000004e5   Thumb Code     0  startup_s32k142.o(.text)
    Reserved48_IRQHandler                    0x000004e5   Thumb Code     0  startup_s32k142.o(.text)
    Reserved50_IRQHandler                    0x000004e5   Thumb Code     0  startup_s32k142.o(.text)
    Reserved51_IRQHandler                    0x000004e5   Thumb Code     0  startup_s32k142.o(.text)
    Reserved52_IRQHandler                    0x000004e5   Thumb Code     0  startup_s32k142.o(.text)
    Reserved53_IRQHandler                    0x000004e5   Thumb Code     0  startup_s32k142.o(.text)
    Reserved54_IRQHandler                    0x000004e5   Thumb Code     0  startup_s32k142.o(.text)
    Reserved58_IRQHandler                    0x000004e5   Thumb Code     0  startup_s32k142.o(.text)
    Reserved59_IRQHandler                    0x000004e5   Thumb Code     0  startup_s32k142.o(.text)
    Reserved69_IRQHandler                    0x000004e5   Thumb Code     0  startup_s32k142.o(.text)
    Reserved70_IRQHandler                    0x000004e5   Thumb Code     0  startup_s32k142.o(.text)
    Reserved71_IRQHandler                    0x000004e5   Thumb Code     0  startup_s32k142.o(.text)
    Reserved72_IRQHandler                    0x000004e5   Thumb Code     0  startup_s32k142.o(.text)
    Reserved81_IRQHandler                    0x000004e5   Thumb Code     0  startup_s32k142.o(.text)
    Reserved82_IRQHandler                    0x000004e5   Thumb Code     0  startup_s32k142.o(.text)
    Reserved83_IRQHandler                    0x000004e5   Thumb Code     0  startup_s32k142.o(.text)
    Reserved86_IRQHandler                    0x000004e5   Thumb Code     0  startup_s32k142.o(.text)
    Reserved87_IRQHandler                    0x000004e5   Thumb Code     0  startup_s32k142.o(.text)
    Reserved88_IRQHandler                    0x000004e5   Thumb Code     0  startup_s32k142.o(.text)
    Reserved89_IRQHandler                    0x000004e5   Thumb Code     0  startup_s32k142.o(.text)
    Reserved90_IRQHandler                    0x000004e5   Thumb Code     0  startup_s32k142.o(.text)
    Reserved91_IRQHandler                    0x000004e5   Thumb Code     0  startup_s32k142.o(.text)
    Reserved92_IRQHandler                    0x000004e5   Thumb Code     0  startup_s32k142.o(.text)
    Reserved93_IRQHandler                    0x000004e5   Thumb Code     0  startup_s32k142.o(.text)
    Reserved99_IRQHandler                    0x000004e5   Thumb Code     0  startup_s32k142.o(.text)
    SCG_IRQHandler                           0x000004e5   Thumb Code     0  startup_s32k142.o(.text)
    SWI_IRQHandler                           0x000004e5   Thumb Code     0  startup_s32k142.o(.text)
    WDOG_EWM_IRQHandler                      0x000004e5   Thumb Code     0  startup_s32k142.o(.text)
    malloc                                   0x000004f9   Thumb Code    94  h1_alloc.o(.text)
    free                                     0x00000557   Thumb Code    78  h1_free.o(.text)
    strlen                                   0x000005a5   Thumb Code    62  strlen.o(.text)
    strncmp                                  0x000005e3   Thumb Code   150  strncmp.o(.text)
    __aeabi_memcpy                           0x00000679   Thumb Code     0  rt_memcpy_v6.o(.text)
    __rt_memcpy                              0x00000679   Thumb Code   138  rt_memcpy_v6.o(.text)
    _memcpy_lastbytes                        0x000006df   Thumb Code     0  rt_memcpy_v6.o(.text)
    __aeabi_memcpy4                          0x00000703   Thumb Code     0  rt_memcpy_w.o(.text)
    __aeabi_memcpy8                          0x00000703   Thumb Code     0  rt_memcpy_w.o(.text)
    __rt_memcpy_w                            0x00000703   Thumb Code   100  rt_memcpy_w.o(.text)
    _memcpy_lastbytes_aligned                0x0000074b   Thumb Code     0  rt_memcpy_w.o(.text)
    __aeabi_memclr4                          0x00000767   Thumb Code     0  rt_memclr_w.o(.text)
    __aeabi_memclr8                          0x00000767   Thumb Code     0  rt_memclr_w.o(.text)
    __rt_memclr_w                            0x00000767   Thumb Code    78  rt_memclr_w.o(.text)
    _memset_w                                0x0000076b   Thumb Code     0  rt_memclr_w.o(.text)
    __rt_heap_descriptor                     0x000007b5   Thumb Code     8  rt_heap_descriptor_intlibspace.o(.text)
    __use_no_heap                            0x000007bd   Thumb Code     2  hguard.o(.text)
    __heap$guard                             0x000007bf   Thumb Code     2  hguard.o(.text)
    _terminate_user_alloc                    0x000007c1   Thumb Code     2  init_alloc.o(.text)
    _init_user_alloc                         0x000007c3   Thumb Code     2  init_alloc.o(.text)
    __Heap_Full                              0x000007c5   Thumb Code    34  init_alloc.o(.text)
    __Heap_Broken                            0x000007e7   Thumb Code     6  init_alloc.o(.text)
    _init_alloc                              0x000007ed   Thumb Code    94  init_alloc.o(.text)
    __Heap_Initialize                        0x0000084b   Thumb Code    10  h1_init.o(.text)
    __Heap_DescSize                          0x00000855   Thumb Code     4  h1_init.o(.text)
    __Heap_ProvideMemory                     0x00000859   Thumb Code    52  h1_extend.o(.text)
    __rt_SIGRTMEM                            0x0000088d   Thumb Code    14  defsig_rtmem_outer.o(.text)
    __I$use$semihosting                      0x0000089b   Thumb Code     0  use_no_semi.o(.text)
    __use_no_semihosting_swi                 0x0000089b   Thumb Code     2  use_no_semi.o(.text)
    __semihosting_library_function           0x0000089d   Thumb Code     0  indicate_semi.o(.text)
    exit                                     0x0000089d   Thumb Code    18  exit.o(.text)
    __sig_exit                               0x000008af   Thumb Code    10  defsig_exit.o(.text)
    __rt_SIGRTMEM_inner                      0x000008b9   Thumb Code    22  defsig_rtmem_inner.o(.text)
    _sys_exit                                0x00000909   Thumb Code     8  sys_exit.o(.text)
    __default_signal_display                 0x00000915   Thumb Code    50  defsig_general.o(.text)
    _ttywrch                                 0x00000947   Thumb Code    14  sys_wrch.o(.text)
    CAN0_ORed_0_15_MB_IRQHandler             0x00000955   Thumb Code    16  canbus.o(i.CAN0_ORed_0_15_MB_IRQHandler)
    CAN0_ORed_16_31_MB_IRQHandler            0x00000965   Thumb Code    16  canbus.o(i.CAN0_ORed_16_31_MB_IRQHandler)
    Canbus0Recv                              0x00000975   Thumb Code   348  canbus.o(i.Canbus0Recv)
    GpioInit                                 0x00000af1   Thumb Code    72  gpio.o(i.GpioInit)
    GpioSetDirection                         0x00000b41   Thumb Code   284  gpio.o(i.GpioSetDirection)
    GpioSetVal                               0x00000c79   Thumb Code   234  gpio.o(i.GpioSetVal)
    LPIT0_Ch0_IRQHandler                     0x00000d6d   Thumb Code    98  timer.o(i.LPIT0_Ch0_IRQHandler)
    LPSPI1_IRQHandler                        0x00000de9   Thumb Code   248  spi.o(i.LPSPI1_IRQHandler)
    LPTMR0_IRQHandler                        0x00000efd   Thumb Code   106  timer.o(i.LPTMR0_IRQHandler)
    LPUART0_RxTx_IRQHandler                  0x00000f89   Thumb Code   170  uart.o(i.LPUART0_RxTx_IRQHandler)
    LPUART1_RxTx_IRQHandler                  0x00001051   Thumb Code   170  uart.o(i.LPUART1_RxTx_IRQHandler)
    NormalRUNmode_80MHz                      0x00001119   Thumb Code    30  clocks_and_modes.o(i.NormalRUNmode_80MHz)
    SOSC_init_8MHz                           0x00001145   Thumb Code    58  clocks_and_modes.o(i.SOSC_init_8MHz)
    SPLL_init_160MHz                         0x00001189   Thumb Code    92  clocks_and_modes.o(i.SPLL_init_160MHz)
    SystemInit                               0x000011e9   Thumb Code    48  system_s32k142.o(i.SystemInit)
    TimerCreate                              0x00001229   Thumb Code   144  timer.o(i.TimerCreate)
    TimerDelete                              0x000012c9   Thumb Code   106  timer.o(i.TimerDelete)
    TimerOutGet                              0x00001341   Thumb Code    54  timer.o(i.TimerOutGet)
    WDOG_disable                             0x00001385   Thumb Code    20  main.o(i.WDOG_disable)
    deQueue                                  0x000013a1   Thumb Code    48  nxpqueue.o(i.deQueue)
    deQueueCan                               0x000013d1   Thumb Code    54  nxpqueue.o(i.deQueueCan)
    enQueue                                  0x00001407   Thumb Code    58  nxpqueue.o(i.enQueue)
    enQueueCan                               0x00001441   Thumb Code    66  nxpqueue.o(i.enQueueCan)
    getQueueLen                              0x00001483   Thumb Code    22  nxpqueue.o(i.getQueueLen)
    initQueue                                0x00001499   Thumb Code    34  nxpqueue.o(i.initQueue)
    init_data_bss                            0x000014bd   Thumb Code    68  startup.o(i.init_data_bss)
    isEmpityQueue                            0x00001511   Thumb Code    18  nxpqueue.o(i.isEmpityQueue)
    isEmpityQueueCan                         0x00001523   Thumb Code    18  nxpqueue.o(i.isEmpityQueueCan)
    isFullQueue                              0x00001535   Thumb Code    30  nxpqueue.o(i.isFullQueue)
    isFullQueueCan                           0x00001553   Thumb Code    30  nxpqueue.o(i.isFullQueueCan)
    ivcu_poweron                             0x00001571   Thumb Code   172  main.o(i.ivcu_poweron)
    main                                     0x00001625   Thumb Code    60  main.o(i.main)
    mem909sReadyGet                          0x00001661   Thumb Code   158  mem909s.o(i.mem909sReadyGet)
    uartInit                                 0x00001711   Thumb Code   454  uart.o(i.uartInit)
    uartIrqInit                              0x00001929   Thumb Code   150  uart.o(i.uartIrqInit)
    uartReadIrq                              0x000019d5   Thumb Code   264  uart.o(i.uartReadIrq)
    uartReadIrqReset                         0x00001b09   Thumb Code    62  uart.o(i.uartReadIrqReset)
    uartSendIrq                              0x00001b69   Thumb Code   250  uart.o(i.uartSendIrq)
    __aeabi_dadd                             0x00001c91   Thumb Code     0  daddsub_clz.o(x$fpl$dadd)
    _dadd                                    0x00001c91   Thumb Code   332  daddsub_clz.o(x$fpl$dadd)
    __aeabi_ddiv                             0x00001de1   Thumb Code     0  ddiv.o(x$fpl$ddiv)
    _ddiv                                    0x00001de1   Thumb Code   552  ddiv.o(x$fpl$ddiv)
    __aeabi_d2iz                             0x00002091   Thumb Code     0  dfix.o(x$fpl$dfix)
    _dfix                                    0x00002091   Thumb Code    94  dfix.o(x$fpl$dfix)
    __aeabi_i2d                              0x000020ef   Thumb Code     0  dflt_clz.o(x$fpl$dflt)
    _dflt                                    0x000020ef   Thumb Code    46  dflt_clz.o(x$fpl$dflt)
    __aeabi_ui2d                             0x0000211d   Thumb Code     0  dflt_clz.o(x$fpl$dfltu)
    _dfltu                                   0x0000211d   Thumb Code    38  dflt_clz.o(x$fpl$dfltu)
    __fpl_dnaninf                            0x00002143   Thumb Code   156  dnaninf.o(x$fpl$dnaninf)
    __fpl_dretinf                            0x000021df   Thumb Code    12  dretinf.o(x$fpl$dretinf)
    __aeabi_dsub                             0x000021ed   Thumb Code     0  daddsub_clz.o(x$fpl$dsub)
    _dsub                                    0x000021ed   Thumb Code   464  daddsub_clz.o(x$fpl$dsub)
    _fp_init                                 0x000023c1   Thumb Code    10  fpinit.o(x$fpl$fpinit)
    __fplib_config_fpu_vfp                   0x000023c9   Thumb Code     0  fpinit.o(x$fpl$fpinit)
    __fplib_config_pureend_doubles           0x000023c9   Thumb Code     0  fpinit.o(x$fpl$fpinit)
    __I$use$fp                               0x000023ca   Number         0  usenofp.o(x$fpl$usenofp)
    Region$$Table$$Base                      0x00002430   Number         0  anon$$obj.o(Region$$Table)
    Region$$Table$$Limit                     0x00002470   Number         0  anon$$obj.o(Region$$Table)
    AT_CMGS                                  0x1fffc000   Data           4  mem909s.o(.data)
    Image$$RW_m_data$$Base                   0x1fffc000   Number         0  anon$$obj.o ABSOLUTE
    spi_buf                                  0x1fffc09c   Data        1024  spi.o(.bss)
    spi_recv                                 0x1fffc49c   Data        1024  spi.o(.bss)
    uart0_buf                                0x1fffc89c   Data        1024  uart.o(.bss)
    uart0_recv                               0x1fffcc9c   Data        1024  uart.o(.bss)
    uart1_buf                                0x1fffd09c   Data        1024  uart.o(.bss)
    uart1_recv                               0x1fffd49c   Data        1024  uart.o(.bss)
    __libspace_start                         0x1fffd8dc   Data          96  libspace.o(.bss)
    __temporary_stack_top$libspace           0x1fffd93c   Data           0  libspace.o(.bss)
    RxCODE                                   0x20000000   Data           4  canbus.o(.data)
    RxID                                     0x20000004   Data           4  canbus.o(.data)
    RxLENGTH                                 0x20000008   Data           4  canbus.o(.data)
    RxDATA                                   0x2000000c   Data           8  canbus.o(.data)
    RxTIMESTAMP                              0x20000014   Data           4  canbus.o(.data)
    modeTemp                                 0x20000040   Data           4  timer.o(.data)
    str_baudParameter                        0x20000054   Data          30  canbus.o(.bss)
    Image$$ARM_LIB_HEAP$$ZI$$Base            0x20000130   Number         0  anon$$obj.o ABSOLUTE
    Image$$ARM_LIB_HEAP$$ZI$$Limit           0x20000530   Number         0  anon$$obj.o ABSOLUTE
    Image$$ARM_LIB_STACK$$ZI$$Limit          0x20003000   Number         0  anon$$obj.o ABSOLUTE



==============================================================================

Memory Map of the image

  Image Entry point : 0x00000411

  Load Region LR_m_text (Base: 0x00000410, Size: 0x00002130, Max: 0x0003fbf0, ABSOLUTE)

    Execution Region ER_m_text (Exec base: 0x00000410, Load base: 0x00000410, Size: 0x00002060, Max: 0x0003fbf0, ABSOLUTE)

    Exec Addr    Load Addr    Size         Type   Attr      Idx    E Section Name        Object

    0x00000410   0x00000410   0x00000008   Code   RO         1005  * !!!main             c_w.l(__main.o)
    0x00000418   0x00000418   0x00000034   Code   RO         1343    !!!scatter          c_w.l(__scatter.o)
    0x0000044c   0x0000044c   0x0000001a   Code   RO         1345    !!handler_copy      c_w.l(__scatter_copy.o)
    0x00000466   0x00000466   0x00000002   PAD
    0x00000468   0x00000468   0x0000001c   Code   RO         1347    !!handler_zi        c_w.l(__scatter_zi.o)
    0x00000484   0x00000484   0x00000002   Code   RO         1245    .ARM.Collect$$libinit$$00000000  c_w.l(libinit.o)
    0x00000486   0x00000486   0x00000004   Code   RO         1076    .ARM.Collect$$libinit$$00000001  c_w.l(libinit2.o)
    0x0000048a   0x0000048a   0x00000000   Code   RO         1079    .ARM.Collect$$libinit$$00000004  c_w.l(libinit2.o)
    0x0000048a   0x0000048a   0x00000008   Code   RO         1294    .ARM.Collect$$libinit$$00000008  c_w.l(libinit5.o)
    0x00000492   0x00000492   0x00000000   Code   RO         1082    .ARM.Collect$$libinit$$0000000A  c_w.l(libinit2.o)
    0x00000492   0x00000492   0x00000000   Code   RO         1084    .ARM.Collect$$libinit$$0000000C  c_w.l(libinit2.o)
    0x00000492   0x00000492   0x00000000   Code   RO         1086    .ARM.Collect$$libinit$$0000000E  c_w.l(libinit2.o)
    0x00000492   0x00000492   0x00000000   Code   RO         1089    .ARM.Collect$$libinit$$00000011  c_w.l(libinit2.o)
    0x00000492   0x00000492   0x00000000   Code   RO         1091    .ARM.Collect$$libinit$$00000013  c_w.l(libinit2.o)
    0x00000492   0x00000492   0x00000000   Code   RO         1093    .ARM.Collect$$libinit$$00000015  c_w.l(libinit2.o)
    0x00000492   0x00000492   0x00000000   Code   RO         1095    .ARM.Collect$$libinit$$00000017  c_w.l(libinit2.o)
    0x00000492   0x00000492   0x00000000   Code   RO         1097    .ARM.Collect$$libinit$$00000019  c_w.l(libinit2.o)
    0x00000492   0x00000492   0x00000000   Code   RO         1099    .ARM.Collect$$libinit$$0000001B  c_w.l(libinit2.o)
    0x00000492   0x00000492   0x00000000   Code   RO         1101    .ARM.Collect$$libinit$$0000001D  c_w.l(libinit2.o)
    0x00000492   0x00000492   0x00000000   Code   RO         1103    .ARM.Collect$$libinit$$0000001F  c_w.l(libinit2.o)
    0x00000492   0x00000492   0x00000000   Code   RO         1105    .ARM.Collect$$libinit$$00000021  c_w.l(libinit2.o)
    0x00000492   0x00000492   0x00000000   Code   RO         1107    .ARM.Collect$$libinit$$00000023  c_w.l(libinit2.o)
    0x00000492   0x00000492   0x00000000   Code   RO         1109    .ARM.Collect$$libinit$$00000025  c_w.l(libinit2.o)
    0x00000492   0x00000492   0x00000000   Code   RO         1113    .ARM.Collect$$libinit$$0000002C  c_w.l(libinit2.o)
    0x00000492   0x00000492   0x00000000   Code   RO         1115    .ARM.Collect$$libinit$$0000002E  c_w.l(libinit2.o)
    0x00000492   0x00000492   0x00000000   Code   RO         1117    .ARM.Collect$$libinit$$00000030  c_w.l(libinit2.o)
    0x00000492   0x00000492   0x00000000   Code   RO         1119    .ARM.Collect$$libinit$$00000032  c_w.l(libinit2.o)
    0x00000492   0x00000492   0x00000002   Code   RO         1120    .ARM.Collect$$libinit$$00000033  c_w.l(libinit2.o)
    0x00000494   0x00000494   0x00000008   Code   RO         1295    .ARM.Collect$$libinit$$00002719  c_w.l(libinit5.o)
    0x0000049c   0x0000049c   0x00000002   Code   RO         1340    .ARM.Collect$$libshutdown$$00000000  c_w.l(libshutdown.o)
    0x0000049e   0x0000049e   0x00000000   Code   RO         1247    .ARM.Collect$$libshutdown$$00000002  c_w.l(libshutdown2.o)
    0x0000049e   0x0000049e   0x00000000   Code   RO         1249    .ARM.Collect$$libshutdown$$00000004  c_w.l(libshutdown2.o)
    0x0000049e   0x0000049e   0x00000000   Code   RO         1252    .ARM.Collect$$libshutdown$$00000007  c_w.l(libshutdown2.o)
    0x0000049e   0x0000049e   0x00000000   Code   RO         1255    .ARM.Collect$$libshutdown$$0000000A  c_w.l(libshutdown2.o)
    0x0000049e   0x0000049e   0x00000000   Code   RO         1257    .ARM.Collect$$libshutdown$$0000000C  c_w.l(libshutdown2.o)
    0x0000049e   0x0000049e   0x00000000   Code   RO         1260    .ARM.Collect$$libshutdown$$0000000F  c_w.l(libshutdown2.o)
    0x0000049e   0x0000049e   0x00000002   Code   RO         1261    .ARM.Collect$$libshutdown$$00000010  c_w.l(libshutdown2.o)
    0x000004a0   0x000004a0   0x00000000   Code   RO         1029    .ARM.Collect$$rtentry$$00000000  c_w.l(__rtentry.o)
    0x000004a0   0x000004a0   0x00000000   Code   RO         1132    .ARM.Collect$$rtentry$$00000002  c_w.l(__rtentry2.o)
    0x000004a0   0x000004a0   0x00000004   Code   RO         1146    .ARM.Collect$$rtentry$$00000007  c_w.l(__rtentry7.o)
    0x000004a4   0x000004a4   0x00000000   Code   RO         1134    .ARM.Collect$$rtentry$$00000009  c_w.l(__rtentry2.o)
    0x000004a4   0x000004a4   0x00000004   Code   RO         1135    .ARM.Collect$$rtentry$$0000000A  c_w.l(__rtentry2.o)
    0x000004a8   0x000004a8   0x00000000   Code   RO         1137    .ARM.Collect$$rtentry$$0000000C  c_w.l(__rtentry2.o)
    0x000004a8   0x000004a8   0x00000008   Code   RO         1138    .ARM.Collect$$rtentry$$0000000D  c_w.l(__rtentry2.o)
    0x000004b0   0x000004b0   0x00000004   Code   RO         1147    .ARM.Collect$$rtentry$$00002718  c_w.l(__rtentry7.o)
    0x000004b4   0x000004b4   0x00000002   Code   RO         1268    .ARM.Collect$$rtexit$$00000000  c_w.l(rtexit.o)
    0x000004b6   0x000004b6   0x00000000   Code   RO         1301    .ARM.Collect$$rtexit$$00000002  c_w.l(rtexit2.o)
    0x000004b6   0x000004b6   0x00000004   Code   RO         1302    .ARM.Collect$$rtexit$$00000003  c_w.l(rtexit2.o)
    0x000004ba   0x000004ba   0x00000006   Code   RO         1303    .ARM.Collect$$rtexit$$00000004  c_w.l(rtexit2.o)
    0x000004c0   0x000004c0   0x00000000   Code   RO         1160    .emb_text           c_w.l(maybetermalloc1.o)
    0x000004c0   0x000004c0   0x00000038   Code   RO          818    .text               startup_s32k142.o
    0x000004f8   0x000004f8   0x0000005e   Code   RO          871    .text               c_w.l(h1_alloc.o)
    0x00000556   0x00000556   0x0000004e   Code   RO          873    .text               c_w.l(h1_free.o)
    0x000005a4   0x000005a4   0x0000003e   Code   RO          989    .text               c_w.l(strlen.o)
    0x000005e2   0x000005e2   0x00000096   Code   RO          991    .text               c_w.l(strncmp.o)
    0x00000678   0x00000678   0x0000008a   Code   RO          995    .text               c_w.l(rt_memcpy_v6.o)
    0x00000702   0x00000702   0x00000064   Code   RO          997    .text               c_w.l(rt_memcpy_w.o)
    0x00000766   0x00000766   0x0000004e   Code   RO         1001    .text               c_w.l(rt_memclr_w.o)
    0x000007b4   0x000007b4   0x00000008   Code   RO         1033    .text               c_w.l(rt_heap_descriptor_intlibspace.o)
    0x000007bc   0x000007bc   0x00000004   Code   RO         1035    .text               c_w.l(hguard.o)
    0x000007c0   0x000007c0   0x0000008a   Code   RO         1037    .text               c_w.l(init_alloc.o)
    0x0000084a   0x0000084a   0x0000000e   Code   RO         1041    .text               c_w.l(h1_init.o)
    0x00000858   0x00000858   0x00000034   Code   RO         1162    .text               c_w.l(h1_extend.o)
    0x0000088c   0x0000088c   0x0000000e   Code   RO         1183    .text               c_w.l(defsig_rtmem_outer.o)
    0x0000089a   0x0000089a   0x00000002   Code   RO         1201    .text               c_w.l(use_no_semi.o)
    0x0000089c   0x0000089c   0x00000000   Code   RO         1203    .text               c_w.l(indicate_semi.o)
    0x0000089c   0x0000089c   0x00000012   Code   RO         1226    .text               c_w.l(exit.o)
    0x000008ae   0x000008ae   0x0000000a   Code   RO         1228    .text               c_w.l(defsig_exit.o)
    0x000008b8   0x000008b8   0x00000050   Code   RO         1234    .text               c_w.l(defsig_rtmem_inner.o)
    0x00000908   0x00000908   0x0000000c   Code   RO         1264    .text               c_w.l(sys_exit.o)
    0x00000914   0x00000914   0x00000032   Code   RO         1286    .text               c_w.l(defsig_general.o)
    0x00000946   0x00000946   0x0000000e   Code   RO         1298    .text               c_w.l(sys_wrch.o)
    0x00000954   0x00000954   0x00000010   Code   RO          221    i.CAN0_ORed_0_15_MB_IRQHandler  canbus.o
    0x00000964   0x00000964   0x00000010   Code   RO          222    i.CAN0_ORed_16_31_MB_IRQHandler  canbus.o
    0x00000974   0x00000974   0x0000017c   Code   RO          225    i.Canbus0Recv       canbus.o
    0x00000af0   0x00000af0   0x00000050   Code   RO          369    i.GpioInit          gpio.o
    0x00000b40   0x00000b40   0x00000138   Code   RO          370    i.GpioSetDirection  gpio.o
    0x00000c78   0x00000c78   0x000000f4   Code   RO          371    i.GpioSetVal        gpio.o
    0x00000d6c   0x00000d6c   0x0000007c   Code   RO          596    i.LPIT0_Ch0_IRQHandler  timer.o
    0x00000de8   0x00000de8   0x00000114   Code   RO          528    i.LPSPI1_IRQHandler  spi.o
    0x00000efc   0x00000efc   0x0000008c   Code   RO          598    i.LPTMR0_IRQHandler  timer.o
    0x00000f88   0x00000f88   0x000000c8   Code   RO          691    i.LPUART0_RxTx_IRQHandler  uart.o
    0x00001050   0x00001050   0x000000c8   Code   RO          692    i.LPUART1_RxTx_IRQHandler  uart.o
    0x00001118   0x00001118   0x0000002c   Code   RO          329    i.NormalRUNmode_80MHz  clocks_and_modes.o
    0x00001144   0x00001144   0x00000044   Code   RO          330    i.SOSC_init_8MHz    clocks_and_modes.o
    0x00001188   0x00001188   0x00000060   Code   RO          331    i.SPLL_init_160MHz  clocks_and_modes.o
    0x000011e8   0x000011e8   0x00000040   Code   RO          826    i.SystemInit        system_s32k142.o
    0x00001228   0x00001228   0x000000a0   Code   RO          600    i.TimerCreate       timer.o
    0x000012c8   0x000012c8   0x00000078   Code   RO          601    i.TimerDelete       timer.o
    0x00001340   0x00001340   0x00000044   Code   RO          605    i.TimerOutGet       timer.o
    0x00001384   0x00001384   0x0000001c   Code   RO            8    i.WDOG_disable      main.o
    0x000013a0   0x000013a0   0x00000030   Code   RO          409    i.deQueue           nxpqueue.o
    0x000013d0   0x000013d0   0x00000036   Code   RO          410    i.deQueueCan        nxpqueue.o
    0x00001406   0x00001406   0x0000003a   Code   RO          413    i.enQueue           nxpqueue.o
    0x00001440   0x00001440   0x00000042   Code   RO          414    i.enQueueCan        nxpqueue.o
    0x00001482   0x00001482   0x00000016   Code   RO          415    i.getQueueLen       nxpqueue.o
    0x00001498   0x00001498   0x00000022   Code   RO          417    i.initQueue         nxpqueue.o
    0x000014ba   0x000014ba   0x00000002   PAD
    0x000014bc   0x000014bc   0x00000054   Code   RO          790    i.init_data_bss     startup.o
    0x00001510   0x00001510   0x00000012   Code   RO          419    i.isEmpityQueue     nxpqueue.o
    0x00001522   0x00001522   0x00000012   Code   RO          420    i.isEmpityQueueCan  nxpqueue.o
    0x00001534   0x00001534   0x0000001e   Code   RO          421    i.isFullQueue       nxpqueue.o
    0x00001552   0x00001552   0x0000001e   Code   RO          422    i.isFullQueueCan    nxpqueue.o
    0x00001570   0x00001570   0x000000b4   Code   RO           12    i.ivcu_poweron      main.o
    0x00001624   0x00001624   0x0000003c   Code   RO           13    i.main              main.o
    0x00001660   0x00001660   0x000000b0   Code   RO          122    i.mem909sReadyGet   mem909s.o
    0x00001710   0x00001710   0x00000218   Code   RO          695    i.uartInit          uart.o
    0x00001928   0x00001928   0x000000ac   Code   RO          696    i.uartIrqInit       uart.o
    0x000019d4   0x000019d4   0x00000134   Code   RO          698    i.uartReadIrq       uart.o
    0x00001b08   0x00001b08   0x00000060   Code   RO          699    i.uartReadIrqReset  uart.o
    0x00001b68   0x00001b68   0x00000128   Code   RO          701    i.uartSendIrq       uart.o
    0x00001c90   0x00001c90   0x00000150   Code   RO         1007    x$fpl$dadd          fz_wm.l(daddsub_clz.o)
    0x00001de0   0x00001de0   0x000002b0   Code   RO         1014    x$fpl$ddiv          fz_wm.l(ddiv.o)
    0x00002090   0x00002090   0x0000005e   Code   RO         1017    x$fpl$dfix          fz_wm.l(dfix.o)
    0x000020ee   0x000020ee   0x0000002e   Code   RO         1022    x$fpl$dflt          fz_wm.l(dflt_clz.o)
    0x0000211c   0x0000211c   0x00000026   Code   RO         1021    x$fpl$dfltu         fz_wm.l(dflt_clz.o)
    0x00002142   0x00002142   0x0000009c   Code   RO         1121    x$fpl$dnaninf       fz_wm.l(dnaninf.o)
    0x000021de   0x000021de   0x0000000c   Code   RO         1123    x$fpl$dretinf       fz_wm.l(dretinf.o)
    0x000021ea   0x000021ea   0x00000002   PAD
    0x000021ec   0x000021ec   0x000001d4   Code   RO         1009    x$fpl$dsub          fz_wm.l(daddsub_clz.o)
    0x000023c0   0x000023c0   0x0000000a   Code   RO         1194    x$fpl$fpinit        fz_wm.l(fpinit.o)
    0x000023ca   0x000023ca   0x00000000   Code   RO         1125    x$fpl$usenofp       fz_wm.l(usenofp.o)
    0x000023ca   0x000023ca   0x00000002   PAD
    0x000023cc   0x000023cc   0x00000024   Data   RO          704    .constdata          uart.o
    0x000023f0   0x000023f0   0x00000004   Data   RO          791    .constdata          startup.o
    0x000023f4   0x000023f4   0x00000039   Data   RO          133    .conststring        mem909s.o
    0x0000242d   0x0000242d   0x00000003   PAD
    0x00002430   0x00002430   0x00000040   Data   RO         1341    Region$$Table       anon$$obj.o


    Execution Region RW_m_data (Exec base: 0x1fffc000, Load base: 0x00002470, Size: 0x0000193c, Max: 0x00004000, ABSOLUTE)

    Exec Addr    Load Addr    Size         Type   Attr      Idx    E Section Name        Object

    0x1fffc000   0x00002470   0x00000034   Data   RW          134    .data               mem909s.o
    0x1fffc034   0x000024a4   0x0000001c   Data   RW          536    .data               spi.o
    0x1fffc050   0x000024c0   0x0000002c   Data   RW          705    .data               uart.o
    0x1fffc07c        -       0x00000820   Zero   RW          535    .bss                spi.o
    0x1fffc89c        -       0x00001040   Zero   RW          703    .bss                uart.o
    0x1fffd8dc        -       0x00000060   Zero   RW         1129    .bss                c_w.l(libspace.o)


    Execution Region RW_m_data_2 (Exec base: 0x20000000, Load base: 0x000024ec, Size: 0x00000130, Max: 0x00002800, ABSOLUTE)

    Exec Addr    Load Addr    Size         Type   Attr      Idx    E Section Name        Object

    0x20000000   0x000024ec   0x00000030   Data   RW          230    .data               canbus.o
    0x20000030   0x0000251c   0x00000024   Data   RW          607    .data               timer.o
    0x20000054        -       0x0000003c   Zero   RW          229    .bss                canbus.o
    0x20000090        -       0x000000a0   Zero   RW          606    .bss                timer.o


    Execution Region ARM_LIB_HEAP (Exec base: 0x20000130, Load base: 0x00002540, Size: 0x00000400, Max: 0x00000400, ABSOLUTE)

    Exec Addr    Load Addr    Size         Type   Attr      Idx    E Section Name        Object

    0x20000130        -       0x00000400   Zero   RW            1    ARM_LIB_HEAP.bss    anon$$obj.o


    Execution Region ARM_LIB_STACK (Exec base: 0x20002c00, Load base: 0x00002540, Size: 0x00000400, Max: 0x00000400, ABSOLUTE)

    Exec Addr    Load Addr    Size         Type   Attr      Idx    E Section Name        Object

    0x20002c00        -       0x00000400   Zero   RW            2    ARM_LIB_STACK.bss   anon$$obj.o



  Load Region LR_m_interrupts (Base: 0x00000000, Size: 0x00000400, Max: 0x00000400, ABSOLUTE)

    Execution Region VECTOR_RAM (Exec base: 0x00000000, Load base: 0x00000000, Size: 0x00000000, Max: 0x00000000, ABSOLUTE)

    Exec Addr    Load Addr    Size         Type   Attr      Idx    E Section Name        Object

    0x00000000        -       0x00000000   Zero   RW            3    VECTOR_RAM.bss      anon$$obj.o


    Execution Region VECTOR_ROM (Exec base: 0x00000000, Load base: 0x00000000, Size: 0x00000400, Max: 0x00000400, ABSOLUTE)

    Exec Addr    Load Addr    Size         Type   Attr      Idx    E Section Name        Object

    0x00000000   0x00000000   0x00000400   Data   RO          816    RESET               startup_s32k142.o



  Load Region LR_m_flash_config (Base: 0x00000400, Size: 0x00000010, Max: 0x00000010, ABSOLUTE)

    Execution Region ER_m_flash_config (Exec base: 0x00000400, Load base: 0x00000400, Size: 0x00000010, Max: 0x00000010, ABSOLUTE)

    Exec Addr    Load Addr    Size         Type   Attr      Idx    E Section Name        Object

    0x00000400   0x00000400   0x00000010   Data   RO          817    FlashConfig         startup_s32k142.o


==============================================================================

Image component sizes


      Code (inc. data)   RO Data    RW Data    ZI Data      Debug   Object Name

       412         32          0         48         60       4037   canbus.o
       208         28          0          0          0       1418   clocks_and_modes.o
       636         58          0          0          0       1779   gpio.o
       268         16          0          0          0       5881   main.o
       176         18         57         52          0       3743   mem909s.o
       378          0          0          0          0       6058   nxpqueue.o
       276         28          0         28       2080       1959   spi.o
        84         16          4          0          0       1941   startup.o
        56         18       1040          0          0        832   startup_s32k142.o
        64         16          0          0          0        493   system_s32k142.o
       612        104          0         36        160       4152   timer.o
      1808        296         36         44       4160       6676   uart.o

    ----------------------------------------------------------------------
      4980        630       1204        208       8508      38969   Object Totals
         0          0         64          0       2048          0   (incl. Generated)
         2          0          3          0          0          0   (incl. Padding)

    ----------------------------------------------------------------------

      Code (inc. data)   RO Data    RW Data    ZI Data      Debug   Library Member Name

         8          0          0          0          0         68   __main.o
         0          0          0          0          0          0   __rtentry.o
        12          0          0          0          0          0   __rtentry2.o
         8          4          0          0          0          0   __rtentry7.o
        52          8          0          0          0          0   __scatter.o
        26          0          0          0          0          0   __scatter_copy.o
        28          0          0          0          0          0   __scatter_zi.o
        10          0          0          0          0         68   defsig_exit.o
        50          0          0          0          0         88   defsig_general.o
        80         58          0          0          0         76   defsig_rtmem_inner.o
        14          0          0          0          0         80   defsig_rtmem_outer.o
        18          0          0          0          0         80   exit.o
        94          0          0          0          0         80   h1_alloc.o
        52          0          0          0          0         68   h1_extend.o
        78          0          0          0          0         80   h1_free.o
        14          0          0          0          0         84   h1_init.o
         4          0          0          0          0        136   hguard.o
         0          0          0          0          0          0   indicate_semi.o
       138          0          0          0          0        168   init_alloc.o
         2          0          0          0          0          0   libinit.o
         6          0          0          0          0          0   libinit2.o
        16          8          0          0          0          0   libinit5.o
         2          0          0          0          0          0   libshutdown.o
         2          0          0          0          0          0   libshutdown2.o
         0          0          0          0         96          0   libspace.o
         0          0          0          0          0          0   maybetermalloc1.o
         8          4          0          0          0         68   rt_heap_descriptor_intlibspace.o
        78          0          0          0          0         80   rt_memclr_w.o
       138          0          0          0          0         68   rt_memcpy_v6.o
       100          0          0          0          0         80   rt_memcpy_w.o
         2          0          0          0          0          0   rtexit.o
        10          0          0          0          0          0   rtexit2.o
        62          0          0          0          0         76   strlen.o
       150          0          0          0          0         80   strncmp.o
        12          4          0          0          0         68   sys_exit.o
        14          0          0          0          0         76   sys_wrch.o
         2          0          0          0          0         68   use_no_semi.o
       804         16          0          0          0        368   daddsub_clz.o
       688        140          0          0          0        256   ddiv.o
        94          4          0          0          0        140   dfix.o
        84          0          0          0          0        232   dflt_clz.o
       156          4          0          0          0        140   dnaninf.o
        12          0          0          0          0        116   dretinf.o
        10          0          0          0          0        116   fpinit.o
         0          0          0          0          0          0   usenofp.o

    ----------------------------------------------------------------------
      3144        250          0          0         96       3108   Library Totals
         6          0          0          0          0          0   (incl. Padding)

    ----------------------------------------------------------------------

      Code (inc. data)   RO Data    RW Data    ZI Data      Debug   Library Name

      1290         86          0          0         96       1740   c_w.l
      1848        164          0          0          0       1368   fz_wm.l

    ----------------------------------------------------------------------
      3144        250          0          0         96       3108   Library Totals

    ----------------------------------------------------------------------

==============================================================================


      Code (inc. data)   RO Data    RW Data    ZI Data      Debug   

      8124        880       1204        208       8604      36993   Grand Totals
      8124        880       1204        208       8604      36993   ELF Image Totals
      8124        880       1204        208          0          0   ROM Totals

==============================================================================

    Total RO  Size (Code + RO Data)                 9328 (   9.11kB)
    Total RW  Size (RW Data + ZI Data)              8812 (   8.61kB)
    Total ROM Size (Code + RO Data + RW Data)       9536 (   9.31kB)

==============================================================================

