<!doctype html public "-//w3c//dtd html 4.0 transitional//en">
<html><head>
<title>Static Call Graph - [.\Objects\obd_wifi.axf]</title></head>
<body><HR>
<H1>Static Call Graph for image .\Objects\obd_wifi.axf</H1><HR>
<BR><P>#&#060CALLGRAPH&#062# ARM Linker, 5060750: Last Updated: Thu Mar 19 14:49:55 2020
<BR><P>
<H3>Maximum Stack Usage =        596 bytes + Unknown(Cycles, Untraceable Function Pointers)</H3><H3>
Call chain for Maximum Stack Depth:</H3>
socket_cb &rArr; m2m_wifi_connect &rArr; ConnectInternal &rArr; hif_send &rArr; nm_write_block &rArr; spi_write_block &rArr; nm_spi_write &rArr; nm_spi_reset &rArr; spi_cmd &rArr; nmi_spi_write &rArr; m2mStub_SpiTxRx &rArr; SpiSend &rArr; __aeabi_memclr4
<P>
<H3>
Mutually Recursive functions
</H3> <LI><a href="#[14]">NMI_Handler</a>&nbsp;&nbsp;&nbsp;&rArr;&nbsp;&nbsp;&nbsp;<a href="#[14]">NMI_Handler</a><BR>
 <LI><a href="#[15]">HardFault_Handler</a>&nbsp;&nbsp;&nbsp;&rArr;&nbsp;&nbsp;&nbsp;<a href="#[15]">HardFault_Handler</a><BR>
 <LI><a href="#[16]">MemManage_Handler</a>&nbsp;&nbsp;&nbsp;&rArr;&nbsp;&nbsp;&nbsp;<a href="#[16]">MemManage_Handler</a><BR>
 <LI><a href="#[17]">BusFault_Handler</a>&nbsp;&nbsp;&nbsp;&rArr;&nbsp;&nbsp;&nbsp;<a href="#[17]">BusFault_Handler</a><BR>
 <LI><a href="#[18]">UsageFault_Handler</a>&nbsp;&nbsp;&nbsp;&rArr;&nbsp;&nbsp;&nbsp;<a href="#[18]">UsageFault_Handler</a><BR>
 <LI><a href="#[19]">SVC_Handler</a>&nbsp;&nbsp;&nbsp;&rArr;&nbsp;&nbsp;&nbsp;<a href="#[19]">SVC_Handler</a><BR>
 <LI><a href="#[1a]">DebugMon_Handler</a>&nbsp;&nbsp;&nbsp;&rArr;&nbsp;&nbsp;&nbsp;<a href="#[1a]">DebugMon_Handler</a><BR>
 <LI><a href="#[1b]">PendSV_Handler</a>&nbsp;&nbsp;&nbsp;&rArr;&nbsp;&nbsp;&nbsp;<a href="#[1b]">PendSV_Handler</a><BR>
 <LI><a href="#[1c]">SysTick_Handler</a>&nbsp;&nbsp;&nbsp;&rArr;&nbsp;&nbsp;&nbsp;<a href="#[1c]">SysTick_Handler</a><BR>
</UL>
<P>
<H3>
Function Pointers
</H3><UL>
 <LI><a href="#[44]">ADC0_IRQHandler</a> from startup_s32k142.o(.text) referenced from startup_s32k142.o(RESET)
 <LI><a href="#[45]">ADC1_IRQHandler</a> from startup_s32k142.o(.text) referenced from startup_s32k142.o(RESET)
 <LI><a href="#[17]">BusFault_Handler</a> from startup_s32k142.o(.text) referenced from startup_s32k142.o(RESET)
 <LI><a href="#[6c]">CAN0_Error_IRQHandler</a> from startup_s32k142.o(.text) referenced from startup_s32k142.o(RESET)
 <LI><a href="#[6e]">CAN0_ORed_0_15_MB_IRQHandler</a> from startup_s32k142.o(.text) referenced from startup_s32k142.o(RESET)
 <LI><a href="#[6f]">CAN0_ORed_16_31_MB_IRQHandler</a> from startup_s32k142.o(.text) referenced from startup_s32k142.o(RESET)
 <LI><a href="#[6b]">CAN0_ORed_IRQHandler</a> from startup_s32k142.o(.text) referenced from startup_s32k142.o(RESET)
 <LI><a href="#[6d]">CAN0_Wake_Up_IRQHandler</a> from startup_s32k142.o(.text) referenced from startup_s32k142.o(RESET)
 <LI><a href="#[73]">CAN1_Error_IRQHandler</a> from startup_s32k142.o(.text) referenced from startup_s32k142.o(RESET)
 <LI><a href="#[75]">CAN1_ORed_0_15_MB_IRQHandler</a> from startup_s32k142.o(.text) referenced from startup_s32k142.o(RESET)
 <LI><a href="#[72]">CAN1_ORed_IRQHandler</a> from startup_s32k142.o(.text) referenced from startup_s32k142.o(RESET)
 <LI><a href="#[46]">CMP0_IRQHandler</a> from startup_s32k142.o(.text) referenced from startup_s32k142.o(RESET)
 <LI><a href="#[1d]">DMA0_IRQHandler</a> from startup_s32k142.o(.text) referenced from startup_s32k142.o(RESET)
 <LI><a href="#[27]">DMA10_IRQHandler</a> from startup_s32k142.o(.text) referenced from startup_s32k142.o(RESET)
 <LI><a href="#[28]">DMA11_IRQHandler</a> from startup_s32k142.o(.text) referenced from startup_s32k142.o(RESET)
 <LI><a href="#[29]">DMA12_IRQHandler</a> from startup_s32k142.o(.text) referenced from startup_s32k142.o(RESET)
 <LI><a href="#[2a]">DMA13_IRQHandler</a> from startup_s32k142.o(.text) referenced from startup_s32k142.o(RESET)
 <LI><a href="#[2b]">DMA14_IRQHandler</a> from startup_s32k142.o(.text) referenced from startup_s32k142.o(RESET)
 <LI><a href="#[2c]">DMA15_IRQHandler</a> from startup_s32k142.o(.text) referenced from startup_s32k142.o(RESET)
 <LI><a href="#[1e]">DMA1_IRQHandler</a> from startup_s32k142.o(.text) referenced from startup_s32k142.o(RESET)
 <LI><a href="#[1f]">DMA2_IRQHandler</a> from startup_s32k142.o(.text) referenced from startup_s32k142.o(RESET)
 <LI><a href="#[20]">DMA3_IRQHandler</a> from startup_s32k142.o(.text) referenced from startup_s32k142.o(RESET)
 <LI><a href="#[21]">DMA4_IRQHandler</a> from startup_s32k142.o(.text) referenced from startup_s32k142.o(RESET)
 <LI><a href="#[22]">DMA5_IRQHandler</a> from startup_s32k142.o(.text) referenced from startup_s32k142.o(RESET)
 <LI><a href="#[23]">DMA6_IRQHandler</a> from startup_s32k142.o(.text) referenced from startup_s32k142.o(RESET)
 <LI><a href="#[24]">DMA7_IRQHandler</a> from startup_s32k142.o(.text) referenced from startup_s32k142.o(RESET)
 <LI><a href="#[25]">DMA8_IRQHandler</a> from startup_s32k142.o(.text) referenced from startup_s32k142.o(RESET)
 <LI><a href="#[26]">DMA9_IRQHandler</a> from startup_s32k142.o(.text) referenced from startup_s32k142.o(RESET)
 <LI><a href="#[2d]">DMA_Error_IRQHandler</a> from startup_s32k142.o(.text) referenced from startup_s32k142.o(RESET)
 <LI><a href="#[1a]">DebugMon_Handler</a> from startup_s32k142.o(.text) referenced from startup_s32k142.o(RESET)
 <LI><a href="#[98]">DefaultISR</a> from startup_s32k142.o(.text) referenced 116 times from startup_s32k142.o(RESET)
 <LI><a href="#[4a]">ERM_double_fault_IRQHandler</a> from startup_s32k142.o(.text) referenced from startup_s32k142.o(RESET)
 <LI><a href="#[49]">ERM_single_fault_IRQHandler</a> from startup_s32k142.o(.text) referenced from startup_s32k142.o(RESET)
 <LI><a href="#[62]">FLEXIO_IRQHandler</a> from startup_s32k142.o(.text) referenced from startup_s32k142.o(RESET)
 <LI><a href="#[32]">FTFC_Fault_IRQHandler</a> from startup_s32k142.o(.text) referenced from startup_s32k142.o(RESET)
 <LI><a href="#[2f]">FTFC_IRQHandler</a> from startup_s32k142.o(.text) referenced from startup_s32k142.o(RESET)
 <LI><a href="#[80]">FTM0_Ch0_Ch1_IRQHandler</a> from startup_s32k142.o(.text) referenced from startup_s32k142.o(RESET)
 <LI><a href="#[81]">FTM0_Ch2_Ch3_IRQHandler</a> from startup_s32k142.o(.text) referenced from startup_s32k142.o(RESET)
 <LI><a href="#[82]">FTM0_Ch4_Ch5_IRQHandler</a> from startup_s32k142.o(.text) referenced from startup_s32k142.o(RESET)
 <LI><a href="#[83]">FTM0_Ch6_Ch7_IRQHandler</a> from startup_s32k142.o(.text) referenced from startup_s32k142.o(RESET)
 <LI><a href="#[84]">FTM0_Fault_IRQHandler</a> from startup_s32k142.o(.text) referenced from startup_s32k142.o(RESET)
 <LI><a href="#[85]">FTM0_Ovf_Reload_IRQHandler</a> from startup_s32k142.o(.text) referenced from startup_s32k142.o(RESET)
 <LI><a href="#[86]">FTM1_Ch0_Ch1_IRQHandler</a> from startup_s32k142.o(.text) referenced from startup_s32k142.o(RESET)
 <LI><a href="#[87]">FTM1_Ch2_Ch3_IRQHandler</a> from startup_s32k142.o(.text) referenced from startup_s32k142.o(RESET)
 <LI><a href="#[88]">FTM1_Ch4_Ch5_IRQHandler</a> from startup_s32k142.o(.text) referenced from startup_s32k142.o(RESET)
 <LI><a href="#[89]">FTM1_Ch6_Ch7_IRQHandler</a> from startup_s32k142.o(.text) referenced from startup_s32k142.o(RESET)
 <LI><a href="#[8a]">FTM1_Fault_IRQHandler</a> from startup_s32k142.o(.text) referenced from startup_s32k142.o(RESET)
 <LI><a href="#[8b]">FTM1_Ovf_Reload_IRQHandler</a> from startup_s32k142.o(.text) referenced from startup_s32k142.o(RESET)
 <LI><a href="#[8c]">FTM2_Ch0_Ch1_IRQHandler</a> from startup_s32k142.o(.text) referenced from startup_s32k142.o(RESET)
 <LI><a href="#[8d]">FTM2_Ch2_Ch3_IRQHandler</a> from startup_s32k142.o(.text) referenced from startup_s32k142.o(RESET)
 <LI><a href="#[8e]">FTM2_Ch4_Ch5_IRQHandler</a> from startup_s32k142.o(.text) referenced from startup_s32k142.o(RESET)
 <LI><a href="#[8f]">FTM2_Ch6_Ch7_IRQHandler</a> from startup_s32k142.o(.text) referenced from startup_s32k142.o(RESET)
 <LI><a href="#[90]">FTM2_Fault_IRQHandler</a> from startup_s32k142.o(.text) referenced from startup_s32k142.o(RESET)
 <LI><a href="#[91]">FTM2_Ovf_Reload_IRQHandler</a> from startup_s32k142.o(.text) referenced from startup_s32k142.o(RESET)
 <LI><a href="#[92]">FTM3_Ch0_Ch1_IRQHandler</a> from startup_s32k142.o(.text) referenced from startup_s32k142.o(RESET)
 <LI><a href="#[93]">FTM3_Ch2_Ch3_IRQHandler</a> from startup_s32k142.o(.text) referenced from startup_s32k142.o(RESET)
 <LI><a href="#[94]">FTM3_Ch4_Ch5_IRQHandler</a> from startup_s32k142.o(.text) referenced from startup_s32k142.o(RESET)
 <LI><a href="#[95]">FTM3_Ch6_Ch7_IRQHandler</a> from startup_s32k142.o(.text) referenced from startup_s32k142.o(RESET)
 <LI><a href="#[96]">FTM3_Fault_IRQHandler</a> from startup_s32k142.o(.text) referenced from startup_s32k142.o(RESET)
 <LI><a href="#[97]">FTM3_Ovf_Reload_IRQHandler</a> from startup_s32k142.o(.text) referenced from startup_s32k142.o(RESET)
 <LI><a href="#[15]">HardFault_Handler</a> from startup_s32k142.o(.text) referenced from startup_s32k142.o(RESET)
 <LI><a href="#[35]">LPI2C0_Master_IRQHandler</a> from startup_s32k142.o(.text) referenced from startup_s32k142.o(RESET)
 <LI><a href="#[36]">LPI2C0_Slave_IRQHandler</a> from startup_s32k142.o(.text) referenced from startup_s32k142.o(RESET)
 <LI><a href="#[4d]">LPIT0_Ch0_IRQHandler</a> from timer.o(i.LPIT0_Ch0_IRQHandler) referenced from startup_s32k142.o(RESET)
 <LI><a href="#[4e]">LPIT0_Ch1_IRQHandler</a> from startup_s32k142.o(.text) referenced from startup_s32k142.o(RESET)
 <LI><a href="#[4f]">LPIT0_Ch2_IRQHandler</a> from startup_s32k142.o(.text) referenced from startup_s32k142.o(RESET)
 <LI><a href="#[50]">LPIT0_Ch3_IRQHandler</a> from startup_s32k142.o(.text) referenced from startup_s32k142.o(RESET)
 <LI><a href="#[37]">LPSPI0_IRQHandler</a> from spi.o(i.LPSPI0_IRQHandler) referenced from startup_s32k142.o(RESET)
 <LI><a href="#[38]">LPSPI1_IRQHandler</a> from startup_s32k142.o(.text) referenced from startup_s32k142.o(RESET)
 <LI><a href="#[57]">LPTMR0_IRQHandler</a> from timer.o(i.LPTMR0_IRQHandler) referenced from startup_s32k142.o(RESET)
 <LI><a href="#[3c]">LPUART0_RxTx_IRQHandler</a> from uart.o(i.LPUART0_RxTx_IRQHandler) referenced from startup_s32k142.o(RESET)
 <LI><a href="#[3e]">LPUART1_RxTx_IRQHandler</a> from uart.o(i.LPUART1_RxTx_IRQHandler) referenced from startup_s32k142.o(RESET)
 <LI><a href="#[31]">LVD_LVW_IRQHandler</a> from startup_s32k142.o(.text) referenced from startup_s32k142.o(RESET)
 <LI><a href="#[2e]">MCM_IRQHandler</a> from startup_s32k142.o(.text) referenced from startup_s32k142.o(RESET)
 <LI><a href="#[16]">MemManage_Handler</a> from startup_s32k142.o(.text) referenced from startup_s32k142.o(RESET)
 <LI><a href="#[14]">NMI_Handler</a> from startup_s32k142.o(.text) referenced from startup_s32k142.o(RESET)
 <LI><a href="#[51]">PDB0_IRQHandler</a> from startup_s32k142.o(.text) referenced from startup_s32k142.o(RESET)
 <LI><a href="#[61]">PDB1_IRQHandler</a> from startup_s32k142.o(.text) referenced from startup_s32k142.o(RESET)
 <LI><a href="#[58]">PORTA_IRQHandler</a> from startup_s32k142.o(.text) referenced from startup_s32k142.o(RESET)
 <LI><a href="#[59]">PORTB_IRQHandler</a> from winc_nxp.o(i.PORTB_IRQHandler) referenced from startup_s32k142.o(RESET)
 <LI><a href="#[5a]">PORTC_IRQHandler</a> from startup_s32k142.o(.text) referenced from startup_s32k142.o(RESET)
 <LI><a href="#[5b]">PORTD_IRQHandler</a> from startup_s32k142.o(.text) referenced from startup_s32k142.o(RESET)
 <LI><a href="#[5c]">PORTE_IRQHandler</a> from startup_s32k142.o(.text) referenced from startup_s32k142.o(RESET)
 <LI><a href="#[1b]">PendSV_Handler</a> from startup_s32k142.o(.text) referenced from startup_s32k142.o(RESET)
 <LI><a href="#[34]">RCM_IRQHandler</a> from startup_s32k142.o(.text) referenced from startup_s32k142.o(RESET)
 <LI><a href="#[4b]">RTC_IRQHandler</a> from startup_s32k142.o(.text) referenced from startup_s32k142.o(RESET)
 <LI><a href="#[4c]">RTC_Seconds_IRQHandler</a> from startup_s32k142.o(.text) referenced from startup_s32k142.o(RESET)
 <LI><a href="#[30]">Read_Collision_IRQHandler</a> from startup_s32k142.o(.text) referenced from startup_s32k142.o(RESET)
 <LI><a href="#[71]">Reserved100_IRQHandler</a> from startup_s32k142.o(.text) referenced from startup_s32k142.o(RESET)
 <LI><a href="#[74]">Reserved103_IRQHandler</a> from startup_s32k142.o(.text) referenced from startup_s32k142.o(RESET)
 <LI><a href="#[76]">Reserved105_IRQHandler</a> from startup_s32k142.o(.text) referenced from startup_s32k142.o(RESET)
 <LI><a href="#[77]">Reserved106_IRQHandler</a> from startup_s32k142.o(.text) referenced from startup_s32k142.o(RESET)
 <LI><a href="#[78]">Reserved107_IRQHandler</a> from startup_s32k142.o(.text) referenced from startup_s32k142.o(RESET)
 <LI><a href="#[79]">Reserved108_IRQHandler</a> from startup_s32k142.o(.text) referenced from startup_s32k142.o(RESET)
 <LI><a href="#[7a]">Reserved109_IRQHandler</a> from startup_s32k142.o(.text) referenced from startup_s32k142.o(RESET)
 <LI><a href="#[7b]">Reserved110_IRQHandler</a> from startup_s32k142.o(.text) referenced from startup_s32k142.o(RESET)
 <LI><a href="#[7c]">Reserved111_IRQHandler</a> from startup_s32k142.o(.text) referenced from startup_s32k142.o(RESET)
 <LI><a href="#[7d]">Reserved112_IRQHandler</a> from startup_s32k142.o(.text) referenced from startup_s32k142.o(RESET)
 <LI><a href="#[7e]">Reserved113_IRQHandler</a> from startup_s32k142.o(.text) referenced from startup_s32k142.o(RESET)
 <LI><a href="#[7f]">Reserved114_IRQHandler</a> from startup_s32k142.o(.text) referenced from startup_s32k142.o(RESET)
 <LI><a href="#[39]">Reserved44_IRQHandler</a> from startup_s32k142.o(.text) referenced from startup_s32k142.o(RESET)
 <LI><a href="#[3a]">Reserved45_IRQHandler</a> from startup_s32k142.o(.text) referenced from startup_s32k142.o(RESET)
 <LI><a href="#[3b]">Reserved46_IRQHandler</a> from startup_s32k142.o(.text) referenced from startup_s32k142.o(RESET)
 <LI><a href="#[3d]">Reserved48_IRQHandler</a> from startup_s32k142.o(.text) referenced from startup_s32k142.o(RESET)
 <LI><a href="#[3f]">Reserved50_IRQHandler</a> from startup_s32k142.o(.text) referenced from startup_s32k142.o(RESET)
 <LI><a href="#[40]">Reserved51_IRQHandler</a> from startup_s32k142.o(.text) referenced from startup_s32k142.o(RESET)
 <LI><a href="#[41]">Reserved52_IRQHandler</a> from startup_s32k142.o(.text) referenced from startup_s32k142.o(RESET)
 <LI><a href="#[42]">Reserved53_IRQHandler</a> from startup_s32k142.o(.text) referenced from startup_s32k142.o(RESET)
 <LI><a href="#[43]">Reserved54_IRQHandler</a> from startup_s32k142.o(.text) referenced from startup_s32k142.o(RESET)
 <LI><a href="#[47]">Reserved58_IRQHandler</a> from startup_s32k142.o(.text) referenced from startup_s32k142.o(RESET)
 <LI><a href="#[48]">Reserved59_IRQHandler</a> from startup_s32k142.o(.text) referenced from startup_s32k142.o(RESET)
 <LI><a href="#[52]">Reserved69_IRQHandler</a> from startup_s32k142.o(.text) referenced from startup_s32k142.o(RESET)
 <LI><a href="#[53]">Reserved70_IRQHandler</a> from startup_s32k142.o(.text) referenced from startup_s32k142.o(RESET)
 <LI><a href="#[54]">Reserved71_IRQHandler</a> from startup_s32k142.o(.text) referenced from startup_s32k142.o(RESET)
 <LI><a href="#[55]">Reserved72_IRQHandler</a> from startup_s32k142.o(.text) referenced from startup_s32k142.o(RESET)
 <LI><a href="#[5e]">Reserved81_IRQHandler</a> from startup_s32k142.o(.text) referenced from startup_s32k142.o(RESET)
 <LI><a href="#[5f]">Reserved82_IRQHandler</a> from startup_s32k142.o(.text) referenced from startup_s32k142.o(RESET)
 <LI><a href="#[60]">Reserved83_IRQHandler</a> from startup_s32k142.o(.text) referenced from startup_s32k142.o(RESET)
 <LI><a href="#[63]">Reserved86_IRQHandler</a> from startup_s32k142.o(.text) referenced from startup_s32k142.o(RESET)
 <LI><a href="#[64]">Reserved87_IRQHandler</a> from startup_s32k142.o(.text) referenced from startup_s32k142.o(RESET)
 <LI><a href="#[65]">Reserved88_IRQHandler</a> from startup_s32k142.o(.text) referenced from startup_s32k142.o(RESET)
 <LI><a href="#[66]">Reserved89_IRQHandler</a> from startup_s32k142.o(.text) referenced from startup_s32k142.o(RESET)
 <LI><a href="#[67]">Reserved90_IRQHandler</a> from startup_s32k142.o(.text) referenced from startup_s32k142.o(RESET)
 <LI><a href="#[68]">Reserved91_IRQHandler</a> from startup_s32k142.o(.text) referenced from startup_s32k142.o(RESET)
 <LI><a href="#[69]">Reserved92_IRQHandler</a> from startup_s32k142.o(.text) referenced from startup_s32k142.o(RESET)
 <LI><a href="#[6a]">Reserved93_IRQHandler</a> from startup_s32k142.o(.text) referenced from startup_s32k142.o(RESET)
 <LI><a href="#[70]">Reserved99_IRQHandler</a> from startup_s32k142.o(.text) referenced from startup_s32k142.o(RESET)
 <LI><a href="#[13]">Reset_Handler</a> from startup_s32k142.o(.text) referenced from startup_s32k142.o(RESET)
 <LI><a href="#[56]">SCG_IRQHandler</a> from startup_s32k142.o(.text) referenced from startup_s32k142.o(RESET)
 <LI><a href="#[19]">SVC_Handler</a> from startup_s32k142.o(.text) referenced from startup_s32k142.o(RESET)
 <LI><a href="#[5d]">SWI_IRQHandler</a> from startup_s32k142.o(.text) referenced from startup_s32k142.o(RESET)
 <LI><a href="#[1c]">SysTick_Handler</a> from startup_s32k142.o(.text) referenced from startup_s32k142.o(RESET)
 <LI><a href="#[a]">SystemInit</a> from system_s32k142.o(i.SystemInit) referenced from startup_s32k142.o(.text)
 <LI><a href="#[18]">UsageFault_Handler</a> from startup_s32k142.o(.text) referenced from startup_s32k142.o(RESET)
 <LI><a href="#[33]">WDOG_EWM_IRQHandler</a> from startup_s32k142.o(.text) referenced from startup_s32k142.o(RESET)
 <LI><a href="#[99]">__main</a> from __main.o(!!!main) referenced from startup_s32k142.o(.text)
 <LI><a href="#[f]">_get_lc_ctype</a> from lc_ctype_c.o(locale$$code) referenced from rt_ctype_table.o(.text)
 <LI><a href="#[e]">_printf_input_char</a> from _printf_char_common.o(.text) referenced from _printf_char_common.o(.text)
 <LI><a href="#[d]">_sputc</a> from _sputc.o(.text) referenced from __2sprintf.o(.text)
 <LI><a href="#[b]">init_data_bss</a> from startup.o(i.init_data_bss) referenced from startup_s32k142.o(.text)
 <LI><a href="#[12]">out_char</a> from printf.o(i.out_char) referenced from printf.o(i.nxpPrintf)
 <LI><a href="#[11]">socket_cb</a> from winc1500_provision_ap.o(i.socket_cb) referenced from winc1500_provision_ap.o(i.ApplicationTask)
 <LI><a href="#[10]">wifi_cb</a> from winc1500_provision_ap.o(i.wifi_cb) referenced from winc1500_provision_ap.o(i.ApplicationTask)
</UL>
<P>
<H3>
Global Symbols
</H3>
<P><STRONG><a name="[99]"></a>__main</STRONG> (Thumb, 8 bytes, Stack size 0 bytes, __main.o(!!!main))
<BR><BR>[Calls]<UL><LI><a href="#[9b]">&gt;&gt;</a>&nbsp;&nbsp;&nbsp;__rt_entry
<LI><a href="#[9a]">&gt;&gt;</a>&nbsp;&nbsp;&nbsp;__scatterload
</UL>

<P><STRONG><a name="[9a]"></a>__scatterload</STRONG> (Thumb, 0 bytes, Stack size unknown bytes, __scatter.o(!!!scatter))
<BR><BR>[Called By]<UL><LI><a href="#[99]">&gt;&gt;</a>&nbsp;&nbsp;&nbsp;__main
</UL>

<P><STRONG><a name="[9c]"></a>__scatterload_rt2</STRONG> (Thumb, 44 bytes, Stack size unknown bytes, __scatter.o(!!!scatter), UNUSED)
<BR><BR>[Calls]<UL><LI><a href="#[9b]">&gt;&gt;</a>&nbsp;&nbsp;&nbsp;__rt_entry
</UL>

<P><STRONG><a name="[156]"></a>__scatterload_rt2_thumb_only</STRONG> (Thumb, 0 bytes, Stack size unknown bytes, __scatter.o(!!!scatter), UNUSED)

<P><STRONG><a name="[157]"></a>__scatterload_null</STRONG> (Thumb, 0 bytes, Stack size unknown bytes, __scatter.o(!!!scatter), UNUSED)

<P><STRONG><a name="[9d]"></a>__scatterload_copy</STRONG> (Thumb, 26 bytes, Stack size unknown bytes, __scatter_copy.o(!!handler_copy), UNUSED)
<BR><BR>[Calls]<UL><LI><a href="#[9d]">&gt;&gt;</a>&nbsp;&nbsp;&nbsp;__scatterload_copy
</UL>
<BR>[Called By]<UL><LI><a href="#[9d]">&gt;&gt;</a>&nbsp;&nbsp;&nbsp;__scatterload_copy
</UL>

<P><STRONG><a name="[158]"></a>__scatterload_zeroinit</STRONG> (Thumb, 28 bytes, Stack size unknown bytes, __scatter_zi.o(!!handler_zi), UNUSED)

<P><STRONG><a name="[9e]"></a>_printf_d</STRONG> (Thumb, 0 bytes, Stack size unknown bytes, _printf_d.o(.ARM.Collect$$_printf_percent$$00000009))
<BR><BR>[Stack]<UL><LI>Max Depth = 56 + Unknown Stack Size
<LI>Call Chain = _printf_d &rArr; _printf_int_dec &rArr; _printf_int_common
</UL>
<BR>[Calls]<UL><LI><a href="#[9f]">&gt;&gt;</a>&nbsp;&nbsp;&nbsp;_printf_int_dec
</UL>

<P><STRONG><a name="[b9]"></a>_printf_percent</STRONG> (Thumb, 0 bytes, Stack size unknown bytes, _printf_percent.o(.ARM.Collect$$_printf_percent$$00000000))
<BR><BR>[Called By]<UL><LI><a href="#[b7]">&gt;&gt;</a>&nbsp;&nbsp;&nbsp;__printf
</UL>

<P><STRONG><a name="[159]"></a>_printf_percent_end</STRONG> (Thumb, 0 bytes, Stack size unknown bytes, _printf_percent_end.o(.ARM.Collect$$_printf_percent$$00000017))

<P><STRONG><a name="[a8]"></a>__rt_lib_init</STRONG> (Thumb, 0 bytes, Stack size unknown bytes, libinit.o(.ARM.Collect$$libinit$$00000000))
<BR><BR>[Called By]<UL><LI><a href="#[a7]">&gt;&gt;</a>&nbsp;&nbsp;&nbsp;__rt_entry_li
</UL>

<P><STRONG><a name="[a0]"></a>__rt_lib_init_fp_1</STRONG> (Thumb, 0 bytes, Stack size unknown bytes, libinit2.o(.ARM.Collect$$libinit$$00000001))
<BR><BR>[Calls]<UL><LI><a href="#[a1]">&gt;&gt;</a>&nbsp;&nbsp;&nbsp;_fp_init
</UL>

<P><STRONG><a name="[a2]"></a>__rt_lib_init_heap_2</STRONG> (Thumb, 0 bytes, Stack size unknown bytes, libinit5.o(.ARM.Collect$$libinit$$00000008))
<BR><BR>[Stack]<UL><LI>Max Depth = 64 + Unknown Stack Size
<LI>Call Chain = __rt_lib_init_heap_2 &rArr; _init_alloc &rArr; __rt_SIGRTMEM &rArr; __rt_SIGRTMEM_inner &rArr; __default_signal_display &rArr; _ttywrch
</UL>
<BR>[Calls]<UL><LI><a href="#[a3]">&gt;&gt;</a>&nbsp;&nbsp;&nbsp;_init_alloc
</UL>

<P><STRONG><a name="[15a]"></a>__rt_lib_init_preinit_1</STRONG> (Thumb, 0 bytes, Stack size unknown bytes, libinit2.o(.ARM.Collect$$libinit$$00000004))

<P><STRONG><a name="[15b]"></a>__rt_lib_init_heap_1</STRONG> (Thumb, 0 bytes, Stack size unknown bytes, libinit2.o(.ARM.Collect$$libinit$$0000000A))

<P><STRONG><a name="[a4]"></a>__rt_lib_init_lc_common</STRONG> (Thumb, 0 bytes, Stack size unknown bytes, libinit2.o(.ARM.Collect$$libinit$$0000000F))
<BR><BR>[Calls]<UL><LI><a href="#[a5]">&gt;&gt;</a>&nbsp;&nbsp;&nbsp;__rt_locale
</UL>

<P><STRONG><a name="[15c]"></a>__rt_lib_init_rand_1</STRONG> (Thumb, 0 bytes, Stack size unknown bytes, libinit2.o(.ARM.Collect$$libinit$$0000000E))

<P><STRONG><a name="[15d]"></a>__rt_lib_init_user_alloc_1</STRONG> (Thumb, 0 bytes, Stack size unknown bytes, libinit2.o(.ARM.Collect$$libinit$$0000000C))

<P><STRONG><a name="[15e]"></a>__rt_lib_init_lc_collate_1</STRONG> (Thumb, 0 bytes, Stack size unknown bytes, libinit2.o(.ARM.Collect$$libinit$$00000011))

<P><STRONG><a name="[a6]"></a>__rt_lib_init_lc_ctype_2</STRONG> (Thumb, 0 bytes, Stack size unknown bytes, libinit2.o(.ARM.Collect$$libinit$$00000012))
<BR><BR>[Stack]<UL><LI>Max Depth = 8 + Unknown Stack Size
<LI>Call Chain = __rt_lib_init_lc_ctype_2 &rArr; _get_lc_ctype
</UL>
<BR>[Calls]<UL><LI><a href="#[f]">&gt;&gt;</a>&nbsp;&nbsp;&nbsp;_get_lc_ctype
</UL>

<P><STRONG><a name="[15f]"></a>__rt_lib_init_alloca_1</STRONG> (Thumb, 0 bytes, Stack size unknown bytes, libinit2.o(.ARM.Collect$$libinit$$0000002E))

<P><STRONG><a name="[160]"></a>__rt_lib_init_argv_1</STRONG> (Thumb, 0 bytes, Stack size unknown bytes, libinit2.o(.ARM.Collect$$libinit$$0000002C))

<P><STRONG><a name="[161]"></a>__rt_lib_init_atexit_1</STRONG> (Thumb, 0 bytes, Stack size unknown bytes, libinit2.o(.ARM.Collect$$libinit$$0000001B))

<P><STRONG><a name="[162]"></a>__rt_lib_init_clock_1</STRONG> (Thumb, 0 bytes, Stack size unknown bytes, libinit2.o(.ARM.Collect$$libinit$$00000021))

<P><STRONG><a name="[163]"></a>__rt_lib_init_cpp_1</STRONG> (Thumb, 0 bytes, Stack size unknown bytes, libinit2.o(.ARM.Collect$$libinit$$00000032))

<P><STRONG><a name="[164]"></a>__rt_lib_init_exceptions_1</STRONG> (Thumb, 0 bytes, Stack size unknown bytes, libinit2.o(.ARM.Collect$$libinit$$00000030))

<P><STRONG><a name="[165]"></a>__rt_lib_init_fp_trap_1</STRONG> (Thumb, 0 bytes, Stack size unknown bytes, libinit2.o(.ARM.Collect$$libinit$$0000001F))

<P><STRONG><a name="[166]"></a>__rt_lib_init_getenv_1</STRONG> (Thumb, 0 bytes, Stack size unknown bytes, libinit2.o(.ARM.Collect$$libinit$$00000023))

<P><STRONG><a name="[167]"></a>__rt_lib_init_lc_ctype_1</STRONG> (Thumb, 0 bytes, Stack size unknown bytes, libinit2.o(.ARM.Collect$$libinit$$00000013))

<P><STRONG><a name="[168]"></a>__rt_lib_init_lc_monetary_1</STRONG> (Thumb, 0 bytes, Stack size unknown bytes, libinit2.o(.ARM.Collect$$libinit$$00000015))

<P><STRONG><a name="[169]"></a>__rt_lib_init_lc_numeric_1</STRONG> (Thumb, 0 bytes, Stack size unknown bytes, libinit2.o(.ARM.Collect$$libinit$$00000017))

<P><STRONG><a name="[16a]"></a>__rt_lib_init_lc_time_1</STRONG> (Thumb, 0 bytes, Stack size unknown bytes, libinit2.o(.ARM.Collect$$libinit$$00000019))

<P><STRONG><a name="[16b]"></a>__rt_lib_init_return</STRONG> (Thumb, 0 bytes, Stack size unknown bytes, libinit2.o(.ARM.Collect$$libinit$$00000033))

<P><STRONG><a name="[16c]"></a>__rt_lib_init_signal_1</STRONG> (Thumb, 0 bytes, Stack size unknown bytes, libinit2.o(.ARM.Collect$$libinit$$0000001D))

<P><STRONG><a name="[16d]"></a>__rt_lib_init_stdio_1</STRONG> (Thumb, 0 bytes, Stack size unknown bytes, libinit2.o(.ARM.Collect$$libinit$$00000025))

<P><STRONG><a name="[ad]"></a>__rt_lib_shutdown</STRONG> (Thumb, 0 bytes, Stack size unknown bytes, libshutdown.o(.ARM.Collect$$libshutdown$$00000000))
<BR><BR>[Called By]<UL><LI><a href="#[ac]">&gt;&gt;</a>&nbsp;&nbsp;&nbsp;__rt_exit_ls
</UL>

<P><STRONG><a name="[16e]"></a>__rt_lib_shutdown_cpp_1</STRONG> (Thumb, 0 bytes, Stack size unknown bytes, libshutdown2.o(.ARM.Collect$$libshutdown$$00000002))

<P><STRONG><a name="[16f]"></a>__rt_lib_shutdown_fp_trap_1</STRONG> (Thumb, 0 bytes, Stack size unknown bytes, libshutdown2.o(.ARM.Collect$$libshutdown$$00000007))

<P><STRONG><a name="[170]"></a>__rt_lib_shutdown_heap_1</STRONG> (Thumb, 0 bytes, Stack size unknown bytes, libshutdown2.o(.ARM.Collect$$libshutdown$$0000000F))

<P><STRONG><a name="[171]"></a>__rt_lib_shutdown_return</STRONG> (Thumb, 0 bytes, Stack size unknown bytes, libshutdown2.o(.ARM.Collect$$libshutdown$$00000010))

<P><STRONG><a name="[172]"></a>__rt_lib_shutdown_signal_1</STRONG> (Thumb, 0 bytes, Stack size unknown bytes, libshutdown2.o(.ARM.Collect$$libshutdown$$0000000A))

<P><STRONG><a name="[173]"></a>__rt_lib_shutdown_stdio_1</STRONG> (Thumb, 0 bytes, Stack size unknown bytes, libshutdown2.o(.ARM.Collect$$libshutdown$$00000004))

<P><STRONG><a name="[174]"></a>__rt_lib_shutdown_user_alloc_1</STRONG> (Thumb, 0 bytes, Stack size unknown bytes, libshutdown2.o(.ARM.Collect$$libshutdown$$0000000C))

<P><STRONG><a name="[9b]"></a>__rt_entry</STRONG> (Thumb, 0 bytes, Stack size unknown bytes, __rtentry.o(.ARM.Collect$$rtentry$$00000000))
<BR><BR>[Called By]<UL><LI><a href="#[99]">&gt;&gt;</a>&nbsp;&nbsp;&nbsp;__main
<LI><a href="#[9c]">&gt;&gt;</a>&nbsp;&nbsp;&nbsp;__scatterload_rt2
</UL>

<P><STRONG><a name="[175]"></a>__rt_entry_presh_1</STRONG> (Thumb, 0 bytes, Stack size unknown bytes, __rtentry2.o(.ARM.Collect$$rtentry$$00000002))

<P><STRONG><a name="[176]"></a>__rt_entry_sh</STRONG> (Thumb, 0 bytes, Stack size unknown bytes, __rtentry7.o(.ARM.Collect$$rtentry$$00000007))

<P><STRONG><a name="[a7]"></a>__rt_entry_li</STRONG> (Thumb, 0 bytes, Stack size unknown bytes, __rtentry2.o(.ARM.Collect$$rtentry$$0000000A))
<BR><BR>[Calls]<UL><LI><a href="#[a8]">&gt;&gt;</a>&nbsp;&nbsp;&nbsp;__rt_lib_init
</UL>

<P><STRONG><a name="[177]"></a>__rt_entry_postsh_1</STRONG> (Thumb, 0 bytes, Stack size unknown bytes, __rtentry2.o(.ARM.Collect$$rtentry$$00000009))

<P><STRONG><a name="[a9]"></a>__rt_entry_main</STRONG> (Thumb, 0 bytes, Stack size unknown bytes, __rtentry2.o(.ARM.Collect$$rtentry$$0000000D))
<BR><BR>[Stack]<UL><LI>Max Depth = 516 + Unknown Stack Size
<LI>Call Chain = __rt_entry_main &rArr; main &rArr; m2m_wifi_task &rArr; hif_handle_isr &rArr; hif_isr &rArr; SocketInternalEventHandler &rArr; ReadSocketData &rArr; hif_receive &rArr; nm_read_block &rArr; spi_read_block &rArr; nm_spi_read &rArr; nm_spi_reset &rArr; spi_cmd &rArr; nmi_spi_write &rArr; m2mStub_SpiTxRx &rArr; SpiSend &rArr; __aeabi_memclr4
</UL>
<BR>[Calls]<UL><LI><a href="#[aa]">&gt;&gt;</a>&nbsp;&nbsp;&nbsp;main
<LI><a href="#[ab]">&gt;&gt;</a>&nbsp;&nbsp;&nbsp;exit
</UL>

<P><STRONG><a name="[178]"></a>__rt_entry_postli_1</STRONG> (Thumb, 0 bytes, Stack size unknown bytes, __rtentry2.o(.ARM.Collect$$rtentry$$0000000C))

<P><STRONG><a name="[cc]"></a>__rt_exit</STRONG> (Thumb, 0 bytes, Stack size unknown bytes, rtexit.o(.ARM.Collect$$rtexit$$00000000))
<BR><BR>[Called By]<UL><LI><a href="#[ab]">&gt;&gt;</a>&nbsp;&nbsp;&nbsp;exit
</UL>

<P><STRONG><a name="[ac]"></a>__rt_exit_ls</STRONG> (Thumb, 0 bytes, Stack size unknown bytes, rtexit2.o(.ARM.Collect$$rtexit$$00000003))
<BR><BR>[Calls]<UL><LI><a href="#[ad]">&gt;&gt;</a>&nbsp;&nbsp;&nbsp;__rt_lib_shutdown
</UL>

<P><STRONG><a name="[179]"></a>__rt_exit_prels_1</STRONG> (Thumb, 0 bytes, Stack size unknown bytes, rtexit2.o(.ARM.Collect$$rtexit$$00000002))

<P><STRONG><a name="[ae]"></a>__rt_exit_exit</STRONG> (Thumb, 0 bytes, Stack size unknown bytes, rtexit2.o(.ARM.Collect$$rtexit$$00000004))
<BR><BR>[Calls]<UL><LI><a href="#[af]">&gt;&gt;</a>&nbsp;&nbsp;&nbsp;_sys_exit
</UL>

<P><STRONG><a name="[13]"></a>Reset_Handler</STRONG> (Thumb, 18 bytes, Stack size 0 bytes, startup_s32k142.o(.text))
<BR>[Address Reference Count : 1]<UL><LI> startup_s32k142.o(RESET)
</UL>
<P><STRONG><a name="[17a]"></a>_maybe_terminate_alloc</STRONG> (Thumb, 0 bytes, Stack size 0 bytes, maybetermalloc1.o(.emb_text), UNUSED)

<P><STRONG><a name="[14]"></a>NMI_Handler</STRONG> (Thumb, 2 bytes, Stack size 0 bytes, startup_s32k142.o(.text))
<BR><BR>[Calls]<UL><LI><a href="#[14]">&gt;&gt;</a>&nbsp;&nbsp;&nbsp;NMI_Handler
</UL>
<BR>[Called By]<UL><LI><a href="#[14]">&gt;&gt;</a>&nbsp;&nbsp;&nbsp;NMI_Handler
</UL>
<BR>[Address Reference Count : 1]<UL><LI> startup_s32k142.o(RESET)
</UL>
<P><STRONG><a name="[15]"></a>HardFault_Handler</STRONG> (Thumb, 2 bytes, Stack size 0 bytes, startup_s32k142.o(.text))
<BR><BR>[Calls]<UL><LI><a href="#[15]">&gt;&gt;</a>&nbsp;&nbsp;&nbsp;HardFault_Handler
</UL>
<BR>[Called By]<UL><LI><a href="#[15]">&gt;&gt;</a>&nbsp;&nbsp;&nbsp;HardFault_Handler
</UL>
<BR>[Address Reference Count : 1]<UL><LI> startup_s32k142.o(RESET)
</UL>
<P><STRONG><a name="[16]"></a>MemManage_Handler</STRONG> (Thumb, 2 bytes, Stack size 0 bytes, startup_s32k142.o(.text))
<BR><BR>[Calls]<UL><LI><a href="#[16]">&gt;&gt;</a>&nbsp;&nbsp;&nbsp;MemManage_Handler
</UL>
<BR>[Called By]<UL><LI><a href="#[16]">&gt;&gt;</a>&nbsp;&nbsp;&nbsp;MemManage_Handler
</UL>
<BR>[Address Reference Count : 1]<UL><LI> startup_s32k142.o(RESET)
</UL>
<P><STRONG><a name="[17]"></a>BusFault_Handler</STRONG> (Thumb, 2 bytes, Stack size 0 bytes, startup_s32k142.o(.text))
<BR><BR>[Calls]<UL><LI><a href="#[17]">&gt;&gt;</a>&nbsp;&nbsp;&nbsp;BusFault_Handler
</UL>
<BR>[Called By]<UL><LI><a href="#[17]">&gt;&gt;</a>&nbsp;&nbsp;&nbsp;BusFault_Handler
</UL>
<BR>[Address Reference Count : 1]<UL><LI> startup_s32k142.o(RESET)
</UL>
<P><STRONG><a name="[18]"></a>UsageFault_Handler</STRONG> (Thumb, 2 bytes, Stack size 0 bytes, startup_s32k142.o(.text))
<BR><BR>[Calls]<UL><LI><a href="#[18]">&gt;&gt;</a>&nbsp;&nbsp;&nbsp;UsageFault_Handler
</UL>
<BR>[Called By]<UL><LI><a href="#[18]">&gt;&gt;</a>&nbsp;&nbsp;&nbsp;UsageFault_Handler
</UL>
<BR>[Address Reference Count : 1]<UL><LI> startup_s32k142.o(RESET)
</UL>
<P><STRONG><a name="[19]"></a>SVC_Handler</STRONG> (Thumb, 2 bytes, Stack size 0 bytes, startup_s32k142.o(.text))
<BR><BR>[Calls]<UL><LI><a href="#[19]">&gt;&gt;</a>&nbsp;&nbsp;&nbsp;SVC_Handler
</UL>
<BR>[Called By]<UL><LI><a href="#[19]">&gt;&gt;</a>&nbsp;&nbsp;&nbsp;SVC_Handler
</UL>
<BR>[Address Reference Count : 1]<UL><LI> startup_s32k142.o(RESET)
</UL>
<P><STRONG><a name="[1a]"></a>DebugMon_Handler</STRONG> (Thumb, 2 bytes, Stack size 0 bytes, startup_s32k142.o(.text))
<BR><BR>[Calls]<UL><LI><a href="#[1a]">&gt;&gt;</a>&nbsp;&nbsp;&nbsp;DebugMon_Handler
</UL>
<BR>[Called By]<UL><LI><a href="#[1a]">&gt;&gt;</a>&nbsp;&nbsp;&nbsp;DebugMon_Handler
</UL>
<BR>[Address Reference Count : 1]<UL><LI> startup_s32k142.o(RESET)
</UL>
<P><STRONG><a name="[1b]"></a>PendSV_Handler</STRONG> (Thumb, 2 bytes, Stack size 0 bytes, startup_s32k142.o(.text))
<BR><BR>[Calls]<UL><LI><a href="#[1b]">&gt;&gt;</a>&nbsp;&nbsp;&nbsp;PendSV_Handler
</UL>
<BR>[Called By]<UL><LI><a href="#[1b]">&gt;&gt;</a>&nbsp;&nbsp;&nbsp;PendSV_Handler
</UL>
<BR>[Address Reference Count : 1]<UL><LI> startup_s32k142.o(RESET)
</UL>
<P><STRONG><a name="[1c]"></a>SysTick_Handler</STRONG> (Thumb, 2 bytes, Stack size 0 bytes, startup_s32k142.o(.text))
<BR><BR>[Calls]<UL><LI><a href="#[1c]">&gt;&gt;</a>&nbsp;&nbsp;&nbsp;SysTick_Handler
</UL>
<BR>[Called By]<UL><LI><a href="#[1c]">&gt;&gt;</a>&nbsp;&nbsp;&nbsp;SysTick_Handler
</UL>
<BR>[Address Reference Count : 1]<UL><LI> startup_s32k142.o(RESET)
</UL>
<P><STRONG><a name="[44]"></a>ADC0_IRQHandler</STRONG> (Thumb, 0 bytes, Stack size 0 bytes, startup_s32k142.o(.text))
<BR><BR>[Calls]<UL><LI><a href="#[98]">&gt;&gt;</a>&nbsp;&nbsp;&nbsp;DefaultISR
</UL>
<BR>[Address Reference Count : 1]<UL><LI> startup_s32k142.o(RESET)
</UL>
<P><STRONG><a name="[45]"></a>ADC1_IRQHandler</STRONG> (Thumb, 0 bytes, Stack size 0 bytes, startup_s32k142.o(.text))
<BR>[Address Reference Count : 1]<UL><LI> startup_s32k142.o(RESET)
</UL>
<P><STRONG><a name="[6c]"></a>CAN0_Error_IRQHandler</STRONG> (Thumb, 0 bytes, Stack size 0 bytes, startup_s32k142.o(.text))
<BR>[Address Reference Count : 1]<UL><LI> startup_s32k142.o(RESET)
</UL>
<P><STRONG><a name="[6e]"></a>CAN0_ORed_0_15_MB_IRQHandler</STRONG> (Thumb, 0 bytes, Stack size 0 bytes, startup_s32k142.o(.text))
<BR>[Address Reference Count : 1]<UL><LI> startup_s32k142.o(RESET)
</UL>
<P><STRONG><a name="[6f]"></a>CAN0_ORed_16_31_MB_IRQHandler</STRONG> (Thumb, 0 bytes, Stack size 0 bytes, startup_s32k142.o(.text))
<BR>[Address Reference Count : 1]<UL><LI> startup_s32k142.o(RESET)
</UL>
<P><STRONG><a name="[6b]"></a>CAN0_ORed_IRQHandler</STRONG> (Thumb, 0 bytes, Stack size 0 bytes, startup_s32k142.o(.text))
<BR>[Address Reference Count : 1]<UL><LI> startup_s32k142.o(RESET)
</UL>
<P><STRONG><a name="[6d]"></a>CAN0_Wake_Up_IRQHandler</STRONG> (Thumb, 0 bytes, Stack size 0 bytes, startup_s32k142.o(.text))
<BR>[Address Reference Count : 1]<UL><LI> startup_s32k142.o(RESET)
</UL>
<P><STRONG><a name="[73]"></a>CAN1_Error_IRQHandler</STRONG> (Thumb, 0 bytes, Stack size 0 bytes, startup_s32k142.o(.text))
<BR>[Address Reference Count : 1]<UL><LI> startup_s32k142.o(RESET)
</UL>
<P><STRONG><a name="[75]"></a>CAN1_ORed_0_15_MB_IRQHandler</STRONG> (Thumb, 0 bytes, Stack size 0 bytes, startup_s32k142.o(.text))
<BR>[Address Reference Count : 1]<UL><LI> startup_s32k142.o(RESET)
</UL>
<P><STRONG><a name="[72]"></a>CAN1_ORed_IRQHandler</STRONG> (Thumb, 0 bytes, Stack size 0 bytes, startup_s32k142.o(.text))
<BR>[Address Reference Count : 1]<UL><LI> startup_s32k142.o(RESET)
</UL>
<P><STRONG><a name="[46]"></a>CMP0_IRQHandler</STRONG> (Thumb, 0 bytes, Stack size 0 bytes, startup_s32k142.o(.text))
<BR>[Address Reference Count : 1]<UL><LI> startup_s32k142.o(RESET)
</UL>
<P><STRONG><a name="[1d]"></a>DMA0_IRQHandler</STRONG> (Thumb, 0 bytes, Stack size 0 bytes, startup_s32k142.o(.text))
<BR>[Address Reference Count : 1]<UL><LI> startup_s32k142.o(RESET)
</UL>
<P><STRONG><a name="[27]"></a>DMA10_IRQHandler</STRONG> (Thumb, 0 bytes, Stack size 0 bytes, startup_s32k142.o(.text))
<BR>[Address Reference Count : 1]<UL><LI> startup_s32k142.o(RESET)
</UL>
<P><STRONG><a name="[28]"></a>DMA11_IRQHandler</STRONG> (Thumb, 0 bytes, Stack size 0 bytes, startup_s32k142.o(.text))
<BR>[Address Reference Count : 1]<UL><LI> startup_s32k142.o(RESET)
</UL>
<P><STRONG><a name="[29]"></a>DMA12_IRQHandler</STRONG> (Thumb, 0 bytes, Stack size 0 bytes, startup_s32k142.o(.text))
<BR>[Address Reference Count : 1]<UL><LI> startup_s32k142.o(RESET)
</UL>
<P><STRONG><a name="[2a]"></a>DMA13_IRQHandler</STRONG> (Thumb, 0 bytes, Stack size 0 bytes, startup_s32k142.o(.text))
<BR>[Address Reference Count : 1]<UL><LI> startup_s32k142.o(RESET)
</UL>
<P><STRONG><a name="[2b]"></a>DMA14_IRQHandler</STRONG> (Thumb, 0 bytes, Stack size 0 bytes, startup_s32k142.o(.text))
<BR>[Address Reference Count : 1]<UL><LI> startup_s32k142.o(RESET)
</UL>
<P><STRONG><a name="[2c]"></a>DMA15_IRQHandler</STRONG> (Thumb, 0 bytes, Stack size 0 bytes, startup_s32k142.o(.text))
<BR>[Address Reference Count : 1]<UL><LI> startup_s32k142.o(RESET)
</UL>
<P><STRONG><a name="[1e]"></a>DMA1_IRQHandler</STRONG> (Thumb, 0 bytes, Stack size 0 bytes, startup_s32k142.o(.text))
<BR>[Address Reference Count : 1]<UL><LI> startup_s32k142.o(RESET)
</UL>
<P><STRONG><a name="[1f]"></a>DMA2_IRQHandler</STRONG> (Thumb, 0 bytes, Stack size 0 bytes, startup_s32k142.o(.text))
<BR>[Address Reference Count : 1]<UL><LI> startup_s32k142.o(RESET)
</UL>
<P><STRONG><a name="[20]"></a>DMA3_IRQHandler</STRONG> (Thumb, 0 bytes, Stack size 0 bytes, startup_s32k142.o(.text))
<BR>[Address Reference Count : 1]<UL><LI> startup_s32k142.o(RESET)
</UL>
<P><STRONG><a name="[21]"></a>DMA4_IRQHandler</STRONG> (Thumb, 0 bytes, Stack size 0 bytes, startup_s32k142.o(.text))
<BR>[Address Reference Count : 1]<UL><LI> startup_s32k142.o(RESET)
</UL>
<P><STRONG><a name="[22]"></a>DMA5_IRQHandler</STRONG> (Thumb, 0 bytes, Stack size 0 bytes, startup_s32k142.o(.text))
<BR>[Address Reference Count : 1]<UL><LI> startup_s32k142.o(RESET)
</UL>
<P><STRONG><a name="[23]"></a>DMA6_IRQHandler</STRONG> (Thumb, 0 bytes, Stack size 0 bytes, startup_s32k142.o(.text))
<BR>[Address Reference Count : 1]<UL><LI> startup_s32k142.o(RESET)
</UL>
<P><STRONG><a name="[24]"></a>DMA7_IRQHandler</STRONG> (Thumb, 0 bytes, Stack size 0 bytes, startup_s32k142.o(.text))
<BR>[Address Reference Count : 1]<UL><LI> startup_s32k142.o(RESET)
</UL>
<P><STRONG><a name="[25]"></a>DMA8_IRQHandler</STRONG> (Thumb, 0 bytes, Stack size 0 bytes, startup_s32k142.o(.text))
<BR>[Address Reference Count : 1]<UL><LI> startup_s32k142.o(RESET)
</UL>
<P><STRONG><a name="[26]"></a>DMA9_IRQHandler</STRONG> (Thumb, 0 bytes, Stack size 0 bytes, startup_s32k142.o(.text))
<BR>[Address Reference Count : 1]<UL><LI> startup_s32k142.o(RESET)
</UL>
<P><STRONG><a name="[2d]"></a>DMA_Error_IRQHandler</STRONG> (Thumb, 0 bytes, Stack size 0 bytes, startup_s32k142.o(.text))
<BR>[Address Reference Count : 1]<UL><LI> startup_s32k142.o(RESET)
</UL>
<P><STRONG><a name="[98]"></a>DefaultISR</STRONG> (Thumb, 0 bytes, Stack size 0 bytes, startup_s32k142.o(.text))
<BR><BR>[Called By]<UL><LI><a href="#[44]">&gt;&gt;</a>&nbsp;&nbsp;&nbsp;ADC0_IRQHandler
</UL>
<BR>[Address Reference Count : 1]<UL><LI> startup_s32k142.o(RESET)
</UL>
<P><STRONG><a name="[4a]"></a>ERM_double_fault_IRQHandler</STRONG> (Thumb, 0 bytes, Stack size 0 bytes, startup_s32k142.o(.text))
<BR>[Address Reference Count : 1]<UL><LI> startup_s32k142.o(RESET)
</UL>
<P><STRONG><a name="[49]"></a>ERM_single_fault_IRQHandler</STRONG> (Thumb, 0 bytes, Stack size 0 bytes, startup_s32k142.o(.text))
<BR>[Address Reference Count : 1]<UL><LI> startup_s32k142.o(RESET)
</UL>
<P><STRONG><a name="[62]"></a>FLEXIO_IRQHandler</STRONG> (Thumb, 0 bytes, Stack size 0 bytes, startup_s32k142.o(.text))
<BR>[Address Reference Count : 1]<UL><LI> startup_s32k142.o(RESET)
</UL>
<P><STRONG><a name="[32]"></a>FTFC_Fault_IRQHandler</STRONG> (Thumb, 0 bytes, Stack size 0 bytes, startup_s32k142.o(.text))
<BR>[Address Reference Count : 1]<UL><LI> startup_s32k142.o(RESET)
</UL>
<P><STRONG><a name="[2f]"></a>FTFC_IRQHandler</STRONG> (Thumb, 0 bytes, Stack size 0 bytes, startup_s32k142.o(.text))
<BR>[Address Reference Count : 1]<UL><LI> startup_s32k142.o(RESET)
</UL>
<P><STRONG><a name="[80]"></a>FTM0_Ch0_Ch1_IRQHandler</STRONG> (Thumb, 0 bytes, Stack size 0 bytes, startup_s32k142.o(.text))
<BR>[Address Reference Count : 1]<UL><LI> startup_s32k142.o(RESET)
</UL>
<P><STRONG><a name="[81]"></a>FTM0_Ch2_Ch3_IRQHandler</STRONG> (Thumb, 0 bytes, Stack size 0 bytes, startup_s32k142.o(.text))
<BR>[Address Reference Count : 1]<UL><LI> startup_s32k142.o(RESET)
</UL>
<P><STRONG><a name="[82]"></a>FTM0_Ch4_Ch5_IRQHandler</STRONG> (Thumb, 0 bytes, Stack size 0 bytes, startup_s32k142.o(.text))
<BR>[Address Reference Count : 1]<UL><LI> startup_s32k142.o(RESET)
</UL>
<P><STRONG><a name="[83]"></a>FTM0_Ch6_Ch7_IRQHandler</STRONG> (Thumb, 0 bytes, Stack size 0 bytes, startup_s32k142.o(.text))
<BR>[Address Reference Count : 1]<UL><LI> startup_s32k142.o(RESET)
</UL>
<P><STRONG><a name="[84]"></a>FTM0_Fault_IRQHandler</STRONG> (Thumb, 0 bytes, Stack size 0 bytes, startup_s32k142.o(.text))
<BR>[Address Reference Count : 1]<UL><LI> startup_s32k142.o(RESET)
</UL>
<P><STRONG><a name="[85]"></a>FTM0_Ovf_Reload_IRQHandler</STRONG> (Thumb, 0 bytes, Stack size 0 bytes, startup_s32k142.o(.text))
<BR>[Address Reference Count : 1]<UL><LI> startup_s32k142.o(RESET)
</UL>
<P><STRONG><a name="[86]"></a>FTM1_Ch0_Ch1_IRQHandler</STRONG> (Thumb, 0 bytes, Stack size 0 bytes, startup_s32k142.o(.text))
<BR>[Address Reference Count : 1]<UL><LI> startup_s32k142.o(RESET)
</UL>
<P><STRONG><a name="[87]"></a>FTM1_Ch2_Ch3_IRQHandler</STRONG> (Thumb, 0 bytes, Stack size 0 bytes, startup_s32k142.o(.text))
<BR>[Address Reference Count : 1]<UL><LI> startup_s32k142.o(RESET)
</UL>
<P><STRONG><a name="[88]"></a>FTM1_Ch4_Ch5_IRQHandler</STRONG> (Thumb, 0 bytes, Stack size 0 bytes, startup_s32k142.o(.text))
<BR>[Address Reference Count : 1]<UL><LI> startup_s32k142.o(RESET)
</UL>
<P><STRONG><a name="[89]"></a>FTM1_Ch6_Ch7_IRQHandler</STRONG> (Thumb, 0 bytes, Stack size 0 bytes, startup_s32k142.o(.text))
<BR>[Address Reference Count : 1]<UL><LI> startup_s32k142.o(RESET)
</UL>
<P><STRONG><a name="[8a]"></a>FTM1_Fault_IRQHandler</STRONG> (Thumb, 0 bytes, Stack size 0 bytes, startup_s32k142.o(.text))
<BR>[Address Reference Count : 1]<UL><LI> startup_s32k142.o(RESET)
</UL>
<P><STRONG><a name="[8b]"></a>FTM1_Ovf_Reload_IRQHandler</STRONG> (Thumb, 0 bytes, Stack size 0 bytes, startup_s32k142.o(.text))
<BR>[Address Reference Count : 1]<UL><LI> startup_s32k142.o(RESET)
</UL>
<P><STRONG><a name="[8c]"></a>FTM2_Ch0_Ch1_IRQHandler</STRONG> (Thumb, 0 bytes, Stack size 0 bytes, startup_s32k142.o(.text))
<BR>[Address Reference Count : 1]<UL><LI> startup_s32k142.o(RESET)
</UL>
<P><STRONG><a name="[8d]"></a>FTM2_Ch2_Ch3_IRQHandler</STRONG> (Thumb, 0 bytes, Stack size 0 bytes, startup_s32k142.o(.text))
<BR>[Address Reference Count : 1]<UL><LI> startup_s32k142.o(RESET)
</UL>
<P><STRONG><a name="[8e]"></a>FTM2_Ch4_Ch5_IRQHandler</STRONG> (Thumb, 0 bytes, Stack size 0 bytes, startup_s32k142.o(.text))
<BR>[Address Reference Count : 1]<UL><LI> startup_s32k142.o(RESET)
</UL>
<P><STRONG><a name="[8f]"></a>FTM2_Ch6_Ch7_IRQHandler</STRONG> (Thumb, 0 bytes, Stack size 0 bytes, startup_s32k142.o(.text))
<BR>[Address Reference Count : 1]<UL><LI> startup_s32k142.o(RESET)
</UL>
<P><STRONG><a name="[90]"></a>FTM2_Fault_IRQHandler</STRONG> (Thumb, 0 bytes, Stack size 0 bytes, startup_s32k142.o(.text))
<BR>[Address Reference Count : 1]<UL><LI> startup_s32k142.o(RESET)
</UL>
<P><STRONG><a name="[91]"></a>FTM2_Ovf_Reload_IRQHandler</STRONG> (Thumb, 0 bytes, Stack size 0 bytes, startup_s32k142.o(.text))
<BR>[Address Reference Count : 1]<UL><LI> startup_s32k142.o(RESET)
</UL>
<P><STRONG><a name="[92]"></a>FTM3_Ch0_Ch1_IRQHandler</STRONG> (Thumb, 0 bytes, Stack size 0 bytes, startup_s32k142.o(.text))
<BR>[Address Reference Count : 1]<UL><LI> startup_s32k142.o(RESET)
</UL>
<P><STRONG><a name="[93]"></a>FTM3_Ch2_Ch3_IRQHandler</STRONG> (Thumb, 0 bytes, Stack size 0 bytes, startup_s32k142.o(.text))
<BR>[Address Reference Count : 1]<UL><LI> startup_s32k142.o(RESET)
</UL>
<P><STRONG><a name="[94]"></a>FTM3_Ch4_Ch5_IRQHandler</STRONG> (Thumb, 0 bytes, Stack size 0 bytes, startup_s32k142.o(.text))
<BR>[Address Reference Count : 1]<UL><LI> startup_s32k142.o(RESET)
</UL>
<P><STRONG><a name="[95]"></a>FTM3_Ch6_Ch7_IRQHandler</STRONG> (Thumb, 0 bytes, Stack size 0 bytes, startup_s32k142.o(.text))
<BR>[Address Reference Count : 1]<UL><LI> startup_s32k142.o(RESET)
</UL>
<P><STRONG><a name="[96]"></a>FTM3_Fault_IRQHandler</STRONG> (Thumb, 0 bytes, Stack size 0 bytes, startup_s32k142.o(.text))
<BR>[Address Reference Count : 1]<UL><LI> startup_s32k142.o(RESET)
</UL>
<P><STRONG><a name="[97]"></a>FTM3_Ovf_Reload_IRQHandler</STRONG> (Thumb, 0 bytes, Stack size 0 bytes, startup_s32k142.o(.text))
<BR>[Address Reference Count : 1]<UL><LI> startup_s32k142.o(RESET)
</UL>
<P><STRONG><a name="[35]"></a>LPI2C0_Master_IRQHandler</STRONG> (Thumb, 0 bytes, Stack size 0 bytes, startup_s32k142.o(.text))
<BR>[Address Reference Count : 1]<UL><LI> startup_s32k142.o(RESET)
</UL>
<P><STRONG><a name="[36]"></a>LPI2C0_Slave_IRQHandler</STRONG> (Thumb, 0 bytes, Stack size 0 bytes, startup_s32k142.o(.text))
<BR>[Address Reference Count : 1]<UL><LI> startup_s32k142.o(RESET)
</UL>
<P><STRONG><a name="[4e]"></a>LPIT0_Ch1_IRQHandler</STRONG> (Thumb, 0 bytes, Stack size 0 bytes, startup_s32k142.o(.text))
<BR>[Address Reference Count : 1]<UL><LI> startup_s32k142.o(RESET)
</UL>
<P><STRONG><a name="[4f]"></a>LPIT0_Ch2_IRQHandler</STRONG> (Thumb, 0 bytes, Stack size 0 bytes, startup_s32k142.o(.text))
<BR>[Address Reference Count : 1]<UL><LI> startup_s32k142.o(RESET)
</UL>
<P><STRONG><a name="[50]"></a>LPIT0_Ch3_IRQHandler</STRONG> (Thumb, 0 bytes, Stack size 0 bytes, startup_s32k142.o(.text))
<BR>[Address Reference Count : 1]<UL><LI> startup_s32k142.o(RESET)
</UL>
<P><STRONG><a name="[38]"></a>LPSPI1_IRQHandler</STRONG> (Thumb, 0 bytes, Stack size 0 bytes, startup_s32k142.o(.text))
<BR>[Address Reference Count : 1]<UL><LI> startup_s32k142.o(RESET)
</UL>
<P><STRONG><a name="[31]"></a>LVD_LVW_IRQHandler</STRONG> (Thumb, 0 bytes, Stack size 0 bytes, startup_s32k142.o(.text))
<BR>[Address Reference Count : 1]<UL><LI> startup_s32k142.o(RESET)
</UL>
<P><STRONG><a name="[2e]"></a>MCM_IRQHandler</STRONG> (Thumb, 0 bytes, Stack size 0 bytes, startup_s32k142.o(.text))
<BR>[Address Reference Count : 1]<UL><LI> startup_s32k142.o(RESET)
</UL>
<P><STRONG><a name="[51]"></a>PDB0_IRQHandler</STRONG> (Thumb, 0 bytes, Stack size 0 bytes, startup_s32k142.o(.text))
<BR>[Address Reference Count : 1]<UL><LI> startup_s32k142.o(RESET)
</UL>
<P><STRONG><a name="[61]"></a>PDB1_IRQHandler</STRONG> (Thumb, 0 bytes, Stack size 0 bytes, startup_s32k142.o(.text))
<BR>[Address Reference Count : 1]<UL><LI> startup_s32k142.o(RESET)
</UL>
<P><STRONG><a name="[58]"></a>PORTA_IRQHandler</STRONG> (Thumb, 0 bytes, Stack size 0 bytes, startup_s32k142.o(.text))
<BR>[Address Reference Count : 1]<UL><LI> startup_s32k142.o(RESET)
</UL>
<P><STRONG><a name="[5a]"></a>PORTC_IRQHandler</STRONG> (Thumb, 0 bytes, Stack size 0 bytes, startup_s32k142.o(.text))
<BR>[Address Reference Count : 1]<UL><LI> startup_s32k142.o(RESET)
</UL>
<P><STRONG><a name="[5b]"></a>PORTD_IRQHandler</STRONG> (Thumb, 0 bytes, Stack size 0 bytes, startup_s32k142.o(.text))
<BR>[Address Reference Count : 1]<UL><LI> startup_s32k142.o(RESET)
</UL>
<P><STRONG><a name="[5c]"></a>PORTE_IRQHandler</STRONG> (Thumb, 0 bytes, Stack size 0 bytes, startup_s32k142.o(.text))
<BR>[Address Reference Count : 1]<UL><LI> startup_s32k142.o(RESET)
</UL>
<P><STRONG><a name="[34]"></a>RCM_IRQHandler</STRONG> (Thumb, 0 bytes, Stack size 0 bytes, startup_s32k142.o(.text))
<BR>[Address Reference Count : 1]<UL><LI> startup_s32k142.o(RESET)
</UL>
<P><STRONG><a name="[4b]"></a>RTC_IRQHandler</STRONG> (Thumb, 0 bytes, Stack size 0 bytes, startup_s32k142.o(.text))
<BR>[Address Reference Count : 1]<UL><LI> startup_s32k142.o(RESET)
</UL>
<P><STRONG><a name="[4c]"></a>RTC_Seconds_IRQHandler</STRONG> (Thumb, 0 bytes, Stack size 0 bytes, startup_s32k142.o(.text))
<BR>[Address Reference Count : 1]<UL><LI> startup_s32k142.o(RESET)
</UL>
<P><STRONG><a name="[30]"></a>Read_Collision_IRQHandler</STRONG> (Thumb, 0 bytes, Stack size 0 bytes, startup_s32k142.o(.text))
<BR>[Address Reference Count : 1]<UL><LI> startup_s32k142.o(RESET)
</UL>
<P><STRONG><a name="[71]"></a>Reserved100_IRQHandler</STRONG> (Thumb, 0 bytes, Stack size 0 bytes, startup_s32k142.o(.text))
<BR>[Address Reference Count : 1]<UL><LI> startup_s32k142.o(RESET)
</UL>
<P><STRONG><a name="[74]"></a>Reserved103_IRQHandler</STRONG> (Thumb, 0 bytes, Stack size 0 bytes, startup_s32k142.o(.text))
<BR>[Address Reference Count : 1]<UL><LI> startup_s32k142.o(RESET)
</UL>
<P><STRONG><a name="[76]"></a>Reserved105_IRQHandler</STRONG> (Thumb, 0 bytes, Stack size 0 bytes, startup_s32k142.o(.text))
<BR>[Address Reference Count : 1]<UL><LI> startup_s32k142.o(RESET)
</UL>
<P><STRONG><a name="[77]"></a>Reserved106_IRQHandler</STRONG> (Thumb, 0 bytes, Stack size 0 bytes, startup_s32k142.o(.text))
<BR>[Address Reference Count : 1]<UL><LI> startup_s32k142.o(RESET)
</UL>
<P><STRONG><a name="[78]"></a>Reserved107_IRQHandler</STRONG> (Thumb, 0 bytes, Stack size 0 bytes, startup_s32k142.o(.text))
<BR>[Address Reference Count : 1]<UL><LI> startup_s32k142.o(RESET)
</UL>
<P><STRONG><a name="[79]"></a>Reserved108_IRQHandler</STRONG> (Thumb, 0 bytes, Stack size 0 bytes, startup_s32k142.o(.text))
<BR>[Address Reference Count : 1]<UL><LI> startup_s32k142.o(RESET)
</UL>
<P><STRONG><a name="[7a]"></a>Reserved109_IRQHandler</STRONG> (Thumb, 0 bytes, Stack size 0 bytes, startup_s32k142.o(.text))
<BR>[Address Reference Count : 1]<UL><LI> startup_s32k142.o(RESET)
</UL>
<P><STRONG><a name="[7b]"></a>Reserved110_IRQHandler</STRONG> (Thumb, 0 bytes, Stack size 0 bytes, startup_s32k142.o(.text))
<BR>[Address Reference Count : 1]<UL><LI> startup_s32k142.o(RESET)
</UL>
<P><STRONG><a name="[7c]"></a>Reserved111_IRQHandler</STRONG> (Thumb, 0 bytes, Stack size 0 bytes, startup_s32k142.o(.text))
<BR>[Address Reference Count : 1]<UL><LI> startup_s32k142.o(RESET)
</UL>
<P><STRONG><a name="[7d]"></a>Reserved112_IRQHandler</STRONG> (Thumb, 0 bytes, Stack size 0 bytes, startup_s32k142.o(.text))
<BR>[Address Reference Count : 1]<UL><LI> startup_s32k142.o(RESET)
</UL>
<P><STRONG><a name="[7e]"></a>Reserved113_IRQHandler</STRONG> (Thumb, 0 bytes, Stack size 0 bytes, startup_s32k142.o(.text))
<BR>[Address Reference Count : 1]<UL><LI> startup_s32k142.o(RESET)
</UL>
<P><STRONG><a name="[7f]"></a>Reserved114_IRQHandler</STRONG> (Thumb, 0 bytes, Stack size 0 bytes, startup_s32k142.o(.text))
<BR>[Address Reference Count : 1]<UL><LI> startup_s32k142.o(RESET)
</UL>
<P><STRONG><a name="[39]"></a>Reserved44_IRQHandler</STRONG> (Thumb, 0 bytes, Stack size 0 bytes, startup_s32k142.o(.text))
<BR>[Address Reference Count : 1]<UL><LI> startup_s32k142.o(RESET)
</UL>
<P><STRONG><a name="[3a]"></a>Reserved45_IRQHandler</STRONG> (Thumb, 0 bytes, Stack size 0 bytes, startup_s32k142.o(.text))
<BR>[Address Reference Count : 1]<UL><LI> startup_s32k142.o(RESET)
</UL>
<P><STRONG><a name="[3b]"></a>Reserved46_IRQHandler</STRONG> (Thumb, 0 bytes, Stack size 0 bytes, startup_s32k142.o(.text))
<BR>[Address Reference Count : 1]<UL><LI> startup_s32k142.o(RESET)
</UL>
<P><STRONG><a name="[3d]"></a>Reserved48_IRQHandler</STRONG> (Thumb, 0 bytes, Stack size 0 bytes, startup_s32k142.o(.text))
<BR>[Address Reference Count : 1]<UL><LI> startup_s32k142.o(RESET)
</UL>
<P><STRONG><a name="[3f]"></a>Reserved50_IRQHandler</STRONG> (Thumb, 0 bytes, Stack size 0 bytes, startup_s32k142.o(.text))
<BR>[Address Reference Count : 1]<UL><LI> startup_s32k142.o(RESET)
</UL>
<P><STRONG><a name="[40]"></a>Reserved51_IRQHandler</STRONG> (Thumb, 0 bytes, Stack size 0 bytes, startup_s32k142.o(.text))
<BR>[Address Reference Count : 1]<UL><LI> startup_s32k142.o(RESET)
</UL>
<P><STRONG><a name="[41]"></a>Reserved52_IRQHandler</STRONG> (Thumb, 0 bytes, Stack size 0 bytes, startup_s32k142.o(.text))
<BR>[Address Reference Count : 1]<UL><LI> startup_s32k142.o(RESET)
</UL>
<P><STRONG><a name="[42]"></a>Reserved53_IRQHandler</STRONG> (Thumb, 0 bytes, Stack size 0 bytes, startup_s32k142.o(.text))
<BR>[Address Reference Count : 1]<UL><LI> startup_s32k142.o(RESET)
</UL>
<P><STRONG><a name="[43]"></a>Reserved54_IRQHandler</STRONG> (Thumb, 0 bytes, Stack size 0 bytes, startup_s32k142.o(.text))
<BR>[Address Reference Count : 1]<UL><LI> startup_s32k142.o(RESET)
</UL>
<P><STRONG><a name="[47]"></a>Reserved58_IRQHandler</STRONG> (Thumb, 0 bytes, Stack size 0 bytes, startup_s32k142.o(.text))
<BR>[Address Reference Count : 1]<UL><LI> startup_s32k142.o(RESET)
</UL>
<P><STRONG><a name="[48]"></a>Reserved59_IRQHandler</STRONG> (Thumb, 0 bytes, Stack size 0 bytes, startup_s32k142.o(.text))
<BR>[Address Reference Count : 1]<UL><LI> startup_s32k142.o(RESET)
</UL>
<P><STRONG><a name="[52]"></a>Reserved69_IRQHandler</STRONG> (Thumb, 0 bytes, Stack size 0 bytes, startup_s32k142.o(.text))
<BR>[Address Reference Count : 1]<UL><LI> startup_s32k142.o(RESET)
</UL>
<P><STRONG><a name="[53]"></a>Reserved70_IRQHandler</STRONG> (Thumb, 0 bytes, Stack size 0 bytes, startup_s32k142.o(.text))
<BR>[Address Reference Count : 1]<UL><LI> startup_s32k142.o(RESET)
</UL>
<P><STRONG><a name="[54]"></a>Reserved71_IRQHandler</STRONG> (Thumb, 0 bytes, Stack size 0 bytes, startup_s32k142.o(.text))
<BR>[Address Reference Count : 1]<UL><LI> startup_s32k142.o(RESET)
</UL>
<P><STRONG><a name="[55]"></a>Reserved72_IRQHandler</STRONG> (Thumb, 0 bytes, Stack size 0 bytes, startup_s32k142.o(.text))
<BR>[Address Reference Count : 1]<UL><LI> startup_s32k142.o(RESET)
</UL>
<P><STRONG><a name="[5e]"></a>Reserved81_IRQHandler</STRONG> (Thumb, 0 bytes, Stack size 0 bytes, startup_s32k142.o(.text))
<BR>[Address Reference Count : 1]<UL><LI> startup_s32k142.o(RESET)
</UL>
<P><STRONG><a name="[5f]"></a>Reserved82_IRQHandler</STRONG> (Thumb, 0 bytes, Stack size 0 bytes, startup_s32k142.o(.text))
<BR>[Address Reference Count : 1]<UL><LI> startup_s32k142.o(RESET)
</UL>
<P><STRONG><a name="[60]"></a>Reserved83_IRQHandler</STRONG> (Thumb, 0 bytes, Stack size 0 bytes, startup_s32k142.o(.text))
<BR>[Address Reference Count : 1]<UL><LI> startup_s32k142.o(RESET)
</UL>
<P><STRONG><a name="[63]"></a>Reserved86_IRQHandler</STRONG> (Thumb, 0 bytes, Stack size 0 bytes, startup_s32k142.o(.text))
<BR>[Address Reference Count : 1]<UL><LI> startup_s32k142.o(RESET)
</UL>
<P><STRONG><a name="[64]"></a>Reserved87_IRQHandler</STRONG> (Thumb, 0 bytes, Stack size 0 bytes, startup_s32k142.o(.text))
<BR>[Address Reference Count : 1]<UL><LI> startup_s32k142.o(RESET)
</UL>
<P><STRONG><a name="[65]"></a>Reserved88_IRQHandler</STRONG> (Thumb, 0 bytes, Stack size 0 bytes, startup_s32k142.o(.text))
<BR>[Address Reference Count : 1]<UL><LI> startup_s32k142.o(RESET)
</UL>
<P><STRONG><a name="[66]"></a>Reserved89_IRQHandler</STRONG> (Thumb, 0 bytes, Stack size 0 bytes, startup_s32k142.o(.text))
<BR>[Address Reference Count : 1]<UL><LI> startup_s32k142.o(RESET)
</UL>
<P><STRONG><a name="[67]"></a>Reserved90_IRQHandler</STRONG> (Thumb, 0 bytes, Stack size 0 bytes, startup_s32k142.o(.text))
<BR>[Address Reference Count : 1]<UL><LI> startup_s32k142.o(RESET)
</UL>
<P><STRONG><a name="[68]"></a>Reserved91_IRQHandler</STRONG> (Thumb, 0 bytes, Stack size 0 bytes, startup_s32k142.o(.text))
<BR>[Address Reference Count : 1]<UL><LI> startup_s32k142.o(RESET)
</UL>
<P><STRONG><a name="[69]"></a>Reserved92_IRQHandler</STRONG> (Thumb, 0 bytes, Stack size 0 bytes, startup_s32k142.o(.text))
<BR>[Address Reference Count : 1]<UL><LI> startup_s32k142.o(RESET)
</UL>
<P><STRONG><a name="[6a]"></a>Reserved93_IRQHandler</STRONG> (Thumb, 0 bytes, Stack size 0 bytes, startup_s32k142.o(.text))
<BR>[Address Reference Count : 1]<UL><LI> startup_s32k142.o(RESET)
</UL>
<P><STRONG><a name="[70]"></a>Reserved99_IRQHandler</STRONG> (Thumb, 0 bytes, Stack size 0 bytes, startup_s32k142.o(.text))
<BR>[Address Reference Count : 1]<UL><LI> startup_s32k142.o(RESET)
</UL>
<P><STRONG><a name="[56]"></a>SCG_IRQHandler</STRONG> (Thumb, 0 bytes, Stack size 0 bytes, startup_s32k142.o(.text))
<BR>[Address Reference Count : 1]<UL><LI> startup_s32k142.o(RESET)
</UL>
<P><STRONG><a name="[5d]"></a>SWI_IRQHandler</STRONG> (Thumb, 0 bytes, Stack size 0 bytes, startup_s32k142.o(.text))
<BR>[Address Reference Count : 1]<UL><LI> startup_s32k142.o(RESET)
</UL>
<P><STRONG><a name="[33]"></a>WDOG_EWM_IRQHandler</STRONG> (Thumb, 0 bytes, Stack size 0 bytes, startup_s32k142.o(.text))
<BR>[Address Reference Count : 1]<UL><LI> startup_s32k142.o(RESET)
</UL>
<P><STRONG><a name="[b0]"></a>malloc</STRONG> (Thumb, 94 bytes, Stack size 16 bytes, h1_alloc.o(.text))
<BR><BR>[Stack]<UL><LI>Max Depth = 48<LI>Call Chain = malloc &rArr; __Heap_Full &rArr; __Heap_ProvideMemory &rArr; free
</UL>
<BR>[Calls]<UL><LI><a href="#[b2]">&gt;&gt;</a>&nbsp;&nbsp;&nbsp;__Heap_Full
<LI><a href="#[b1]">&gt;&gt;</a>&nbsp;&nbsp;&nbsp;__rt_heap_descriptor
</UL>
<BR>[Called By]<UL><LI><a href="#[104]">&gt;&gt;</a>&nbsp;&nbsp;&nbsp;initQueue
</UL>

<P><STRONG><a name="[b3]"></a>free</STRONG> (Thumb, 78 bytes, Stack size 16 bytes, h1_free.o(.text))
<BR><BR>[Stack]<UL><LI>Max Depth = 16<LI>Call Chain = free
</UL>
<BR>[Calls]<UL><LI><a href="#[b1]">&gt;&gt;</a>&nbsp;&nbsp;&nbsp;__rt_heap_descriptor
</UL>
<BR>[Called By]<UL><LI><a href="#[c3]">&gt;&gt;</a>&nbsp;&nbsp;&nbsp;__Heap_ProvideMemory
</UL>

<P><STRONG><a name="[b4]"></a>__2sprintf</STRONG> (Thumb, 38 bytes, Stack size 32 bytes, __2sprintf.o(.text))
<BR><BR>[Stack]<UL><LI>Max Depth = 136 + Unknown Stack Size
<LI>Call Chain = __2sprintf &rArr; _printf_char_common &rArr; __printf
</UL>
<BR>[Calls]<UL><LI><a href="#[d]">&gt;&gt;</a>&nbsp;&nbsp;&nbsp;_sputc
<LI><a href="#[b5]">&gt;&gt;</a>&nbsp;&nbsp;&nbsp;_printf_char_common
</UL>
<BR>[Called By]<UL><LI><a href="#[11c]">&gt;&gt;</a>&nbsp;&nbsp;&nbsp;inet_ntop4
</UL>

<P><STRONG><a name="[9f]"></a>_printf_int_dec</STRONG> (Thumb, 104 bytes, Stack size 24 bytes, _printf_dec.o(.text))
<BR><BR>[Stack]<UL><LI>Max Depth = 56<LI>Call Chain = _printf_int_dec &rArr; _printf_int_common
</UL>
<BR>[Calls]<UL><LI><a href="#[b6]">&gt;&gt;</a>&nbsp;&nbsp;&nbsp;_printf_int_common
</UL>
<BR>[Called By]<UL><LI><a href="#[9e]">&gt;&gt;</a>&nbsp;&nbsp;&nbsp;_printf_d
</UL>

<P><STRONG><a name="[b7]"></a>__printf</STRONG> (Thumb, 388 bytes, Stack size 40 bytes, __printf_flags_ss_wp.o(.text))
<BR><BR>[Stack]<UL><LI>Max Depth = 40 + Unknown Stack Size
<LI>Call Chain = __printf
</UL>
<BR>[Calls]<UL><LI><a href="#[b9]">&gt;&gt;</a>&nbsp;&nbsp;&nbsp;_printf_percent
<LI><a href="#[b8]">&gt;&gt;</a>&nbsp;&nbsp;&nbsp;_is_digit
</UL>
<BR>[Called By]<UL><LI><a href="#[b5]">&gt;&gt;</a>&nbsp;&nbsp;&nbsp;_printf_char_common
</UL>

<P><STRONG><a name="[ba]"></a>atoi</STRONG> (Thumb, 26 bytes, Stack size 16 bytes, atoi.o(.text))
<BR><BR>[Stack]<UL><LI>Max Depth = 88<LI>Call Chain = atoi &rArr; strtol &rArr; _strtoul
</UL>
<BR>[Calls]<UL><LI><a href="#[bc]">&gt;&gt;</a>&nbsp;&nbsp;&nbsp;strtol
<LI><a href="#[bb]">&gt;&gt;</a>&nbsp;&nbsp;&nbsp;__aeabi_errno_addr
</UL>
<BR>[Called By]<UL><LI><a href="#[110]">&gt;&gt;</a>&nbsp;&nbsp;&nbsp;get_AP_Parameter
</UL>

<P><STRONG><a name="[111]"></a>strstr</STRONG> (Thumb, 36 bytes, Stack size 12 bytes, strstr.o(.text))
<BR><BR>[Stack]<UL><LI>Max Depth = 12<LI>Call Chain = strstr
</UL>
<BR>[Called By]<UL><LI><a href="#[110]">&gt;&gt;</a>&nbsp;&nbsp;&nbsp;get_AP_Parameter
</UL>

<P><STRONG><a name="[d5]"></a>strcpy</STRONG> (Thumb, 72 bytes, Stack size 12 bytes, strcpy.o(.text))
<BR><BR>[Stack]<UL><LI>Max Depth = 12<LI>Call Chain = strcpy
</UL>
<BR>[Called By]<UL><LI><a href="#[cf]">&gt;&gt;</a>&nbsp;&nbsp;&nbsp;ApplicationTask
</UL>

<P><STRONG><a name="[e8]"></a>strlen</STRONG> (Thumb, 62 bytes, Stack size 8 bytes, strlen.o(.text))
<BR><BR>[Stack]<UL><LI>Max Depth = 8<LI>Call Chain = strlen
</UL>
<BR>[Called By]<UL><LI><a href="#[11]">&gt;&gt;</a>&nbsp;&nbsp;&nbsp;socket_cb
<LI><a href="#[11e]">&gt;&gt;</a>&nbsp;&nbsp;&nbsp;isValidApParameters
<LI><a href="#[e6]">&gt;&gt;</a>&nbsp;&nbsp;&nbsp;isConnectionParamsValid
<LI><a href="#[e5]">&gt;&gt;</a>&nbsp;&nbsp;&nbsp;ConnectInternal
<LI><a href="#[141]">&gt;&gt;</a>&nbsp;&nbsp;&nbsp;printk
</UL>

<P><STRONG><a name="[112]"></a>strncmp</STRONG> (Thumb, 150 bytes, Stack size 16 bytes, strncmp.o(.text))
<BR><BR>[Stack]<UL><LI>Max Depth = 16<LI>Call Chain = strncmp
</UL>
<BR>[Called By]<UL><LI><a href="#[110]">&gt;&gt;</a>&nbsp;&nbsp;&nbsp;get_AP_Parameter
</UL>

<P><STRONG><a name="[e7]"></a>__aeabi_memcpy</STRONG> (Thumb, 0 bytes, Stack size 0 bytes, rt_memcpy_v6.o(.text))
<BR><BR>[Called By]<UL><LI><a href="#[108]">&gt;&gt;</a>&nbsp;&nbsp;&nbsp;SpiRecv
<LI><a href="#[e5]">&gt;&gt;</a>&nbsp;&nbsp;&nbsp;ConnectInternal
</UL>

<P><STRONG><a name="[bd]"></a>__rt_memcpy</STRONG> (Thumb, 138 bytes, Stack size 0 bytes, rt_memcpy_v6.o(.text), UNUSED)
<BR><BR>[Calls]<UL><LI><a href="#[be]">&gt;&gt;</a>&nbsp;&nbsp;&nbsp;__aeabi_memcpy4
</UL>

<P><STRONG><a name="[17b]"></a>_memcpy_lastbytes</STRONG> (Thumb, 0 bytes, Stack size unknown bytes, rt_memcpy_v6.o(.text), UNUSED)

<P><STRONG><a name="[be]"></a>__aeabi_memcpy4</STRONG> (Thumb, 0 bytes, Stack size 8 bytes, rt_memcpy_w.o(.text))
<BR><BR>[Stack]<UL><LI>Max Depth = 8<LI>Call Chain = __aeabi_memcpy4
</UL>
<BR>[Called By]<UL><LI><a href="#[100]">&gt;&gt;</a>&nbsp;&nbsp;&nbsp;ReadSocketData
<LI><a href="#[12e]">&gt;&gt;</a>&nbsp;&nbsp;&nbsp;uartInit
<LI><a href="#[bd]">&gt;&gt;</a>&nbsp;&nbsp;&nbsp;__rt_memcpy
</UL>

<P><STRONG><a name="[17c]"></a>__aeabi_memcpy8</STRONG> (Thumb, 0 bytes, Stack size 8 bytes, rt_memcpy_w.o(.text), UNUSED)

<P><STRONG><a name="[17d]"></a>__rt_memcpy_w</STRONG> (Thumb, 100 bytes, Stack size 8 bytes, rt_memcpy_w.o(.text), UNUSED)

<P><STRONG><a name="[17e]"></a>_memcpy_lastbytes_aligned</STRONG> (Thumb, 0 bytes, Stack size unknown bytes, rt_memcpy_w.o(.text), UNUSED)

<P><STRONG><a name="[c2]"></a>__aeabi_memclr</STRONG> (Thumb, 0 bytes, Stack size 0 bytes, rt_memclr.o(.text))
<BR><BR>[Called By]<UL><LI><a href="#[110]">&gt;&gt;</a>&nbsp;&nbsp;&nbsp;get_AP_Parameter
<LI><a href="#[c1]">&gt;&gt;</a>&nbsp;&nbsp;&nbsp;strncpy
</UL>

<P><STRONG><a name="[bf]"></a>__rt_memclr</STRONG> (Thumb, 68 bytes, Stack size 0 bytes, rt_memclr.o(.text), UNUSED)
<BR><BR>[Calls]<UL><LI><a href="#[c0]">&gt;&gt;</a>&nbsp;&nbsp;&nbsp;_memset_w
</UL>

<P><STRONG><a name="[17f]"></a>_memset</STRONG> (Thumb, 0 bytes, Stack size unknown bytes, rt_memclr.o(.text), UNUSED)

<P><STRONG><a name="[d4]"></a>__aeabi_memclr4</STRONG> (Thumb, 0 bytes, Stack size 4 bytes, rt_memclr_w.o(.text))
<BR><BR>[Stack]<UL><LI>Max Depth = 4<LI>Call Chain = __aeabi_memclr4
</UL>
<BR>[Called By]<UL><LI><a href="#[f4]">&gt;&gt;</a>&nbsp;&nbsp;&nbsp;SocketInit
<LI><a href="#[133]">&gt;&gt;</a>&nbsp;&nbsp;&nbsp;nm_get_firmware_full_info
<LI><a href="#[109]">&gt;&gt;</a>&nbsp;&nbsp;&nbsp;SpiSend
<LI><a href="#[108]">&gt;&gt;</a>&nbsp;&nbsp;&nbsp;SpiRecv
<LI><a href="#[cf]">&gt;&gt;</a>&nbsp;&nbsp;&nbsp;ApplicationTask
<LI><a href="#[11]">&gt;&gt;</a>&nbsp;&nbsp;&nbsp;socket_cb
<LI><a href="#[110]">&gt;&gt;</a>&nbsp;&nbsp;&nbsp;get_AP_Parameter
</UL>

<P><STRONG><a name="[180]"></a>__aeabi_memclr8</STRONG> (Thumb, 0 bytes, Stack size 4 bytes, rt_memclr_w.o(.text), UNUSED)

<P><STRONG><a name="[181]"></a>__rt_memclr_w</STRONG> (Thumb, 78 bytes, Stack size 4 bytes, rt_memclr_w.o(.text), UNUSED)

<P><STRONG><a name="[c0]"></a>_memset_w</STRONG> (Thumb, 0 bytes, Stack size unknown bytes, rt_memclr_w.o(.text), UNUSED)
<BR><BR>[Called By]<UL><LI><a href="#[bf]">&gt;&gt;</a>&nbsp;&nbsp;&nbsp;__rt_memclr
</UL>

<P><STRONG><a name="[c1]"></a>strncpy</STRONG> (Thumb, 86 bytes, Stack size 8 bytes, strncpy.o(.text))
<BR><BR>[Stack]<UL><LI>Max Depth = 8<LI>Call Chain = strncpy
</UL>
<BR>[Calls]<UL><LI><a href="#[c2]">&gt;&gt;</a>&nbsp;&nbsp;&nbsp;__aeabi_memclr
</UL>
<BR>[Called By]<UL><LI><a href="#[110]">&gt;&gt;</a>&nbsp;&nbsp;&nbsp;get_AP_Parameter
</UL>

<P><STRONG><a name="[b1]"></a>__rt_heap_descriptor</STRONG> (Thumb, 8 bytes, Stack size 0 bytes, rt_heap_descriptor_intlibspace.o(.text))
<BR><BR>[Called By]<UL><LI><a href="#[a3]">&gt;&gt;</a>&nbsp;&nbsp;&nbsp;_init_alloc
<LI><a href="#[b3]">&gt;&gt;</a>&nbsp;&nbsp;&nbsp;free
<LI><a href="#[b0]">&gt;&gt;</a>&nbsp;&nbsp;&nbsp;malloc
</UL>

<P><STRONG><a name="[bb]"></a>__aeabi_errno_addr</STRONG> (Thumb, 8 bytes, Stack size 0 bytes, rt_errno_addr_intlibspace.o(.text))
<BR><BR>[Called By]<UL><LI><a href="#[bc]">&gt;&gt;</a>&nbsp;&nbsp;&nbsp;strtol
<LI><a href="#[ba]">&gt;&gt;</a>&nbsp;&nbsp;&nbsp;atoi
<LI><a href="#[c8]">&gt;&gt;</a>&nbsp;&nbsp;&nbsp;_strtoul
</UL>

<P><STRONG><a name="[182]"></a>__errno$intlibspace</STRONG> (Thumb, 0 bytes, Stack size 0 bytes, rt_errno_addr_intlibspace.o(.text), UNUSED)

<P><STRONG><a name="[183]"></a>__rt_errno_addr$intlibspace</STRONG> (Thumb, 0 bytes, Stack size 0 bytes, rt_errno_addr_intlibspace.o(.text), UNUSED)

<P><STRONG><a name="[184]"></a>__use_no_heap</STRONG> (Thumb, 2 bytes, Stack size 0 bytes, hguard.o(.text), UNUSED)

<P><STRONG><a name="[185]"></a>__heap$guard</STRONG> (Thumb, 2 bytes, Stack size 0 bytes, hguard.o(.text), UNUSED)

<P><STRONG><a name="[8]"></a>_terminate_user_alloc</STRONG> (Thumb, 2 bytes, Stack size 0 bytes, init_alloc.o(.text), UNUSED)

<P><STRONG><a name="[3]"></a>_init_user_alloc</STRONG> (Thumb, 2 bytes, Stack size 0 bytes, init_alloc.o(.text), UNUSED)

<P><STRONG><a name="[b2]"></a>__Heap_Full</STRONG> (Thumb, 34 bytes, Stack size 16 bytes, init_alloc.o(.text))
<BR><BR>[Stack]<UL><LI>Max Depth = 32<LI>Call Chain = __Heap_Full &rArr; __Heap_ProvideMemory &rArr; free
</UL>
<BR>[Calls]<UL><LI><a href="#[c3]">&gt;&gt;</a>&nbsp;&nbsp;&nbsp;__Heap_ProvideMemory
</UL>
<BR>[Called By]<UL><LI><a href="#[b0]">&gt;&gt;</a>&nbsp;&nbsp;&nbsp;malloc
</UL>

<P><STRONG><a name="[c4]"></a>__Heap_Broken</STRONG> (Thumb, 6 bytes, Stack size 0 bytes, init_alloc.o(.text), UNUSED)
<BR><BR>[Calls]<UL><LI><a href="#[c5]">&gt;&gt;</a>&nbsp;&nbsp;&nbsp;__rt_SIGRTMEM
</UL>

<P><STRONG><a name="[a3]"></a>_init_alloc</STRONG> (Thumb, 94 bytes, Stack size 24 bytes, init_alloc.o(.text))
<BR><BR>[Stack]<UL><LI>Max Depth = 64<LI>Call Chain = _init_alloc &rArr; __rt_SIGRTMEM &rArr; __rt_SIGRTMEM_inner &rArr; __default_signal_display &rArr; _ttywrch
</UL>
<BR>[Calls]<UL><LI><a href="#[c6]">&gt;&gt;</a>&nbsp;&nbsp;&nbsp;__Heap_Initialize
<LI><a href="#[b1]">&gt;&gt;</a>&nbsp;&nbsp;&nbsp;__rt_heap_descriptor
<LI><a href="#[c5]">&gt;&gt;</a>&nbsp;&nbsp;&nbsp;__rt_SIGRTMEM
<LI><a href="#[c3]">&gt;&gt;</a>&nbsp;&nbsp;&nbsp;__Heap_ProvideMemory
</UL>
<BR>[Called By]<UL><LI><a href="#[a2]">&gt;&gt;</a>&nbsp;&nbsp;&nbsp;__rt_lib_init_heap_2
</UL>

<P><STRONG><a name="[c6]"></a>__Heap_Initialize</STRONG> (Thumb, 10 bytes, Stack size 0 bytes, h1_init.o(.text))
<BR><BR>[Called By]<UL><LI><a href="#[a3]">&gt;&gt;</a>&nbsp;&nbsp;&nbsp;_init_alloc
</UL>

<P><STRONG><a name="[2]"></a>__Heap_DescSize</STRONG> (Thumb, 4 bytes, Stack size 0 bytes, h1_init.o(.text), UNUSED)

<P><STRONG><a name="[b6]"></a>_printf_int_common</STRONG> (Thumb, 178 bytes, Stack size 32 bytes, _printf_intcommon.o(.text))
<BR><BR>[Stack]<UL><LI>Max Depth = 32<LI>Call Chain = _printf_int_common
</UL>
<BR>[Called By]<UL><LI><a href="#[9f]">&gt;&gt;</a>&nbsp;&nbsp;&nbsp;_printf_int_dec
</UL>

<P><STRONG><a name="[b5]"></a>_printf_char_common</STRONG> (Thumb, 32 bytes, Stack size 64 bytes, _printf_char_common.o(.text))
<BR><BR>[Stack]<UL><LI>Max Depth = 104 + Unknown Stack Size
<LI>Call Chain = _printf_char_common &rArr; __printf
</UL>
<BR>[Calls]<UL><LI><a href="#[b7]">&gt;&gt;</a>&nbsp;&nbsp;&nbsp;__printf
</UL>
<BR>[Called By]<UL><LI><a href="#[b4]">&gt;&gt;</a>&nbsp;&nbsp;&nbsp;__2sprintf
</UL>

<P><STRONG><a name="[d]"></a>_sputc</STRONG> (Thumb, 10 bytes, Stack size 0 bytes, _sputc.o(.text))
<BR><BR>[Called By]<UL><LI><a href="#[b4]">&gt;&gt;</a>&nbsp;&nbsp;&nbsp;__2sprintf
</UL>
<BR>[Address Reference Count : 1]<UL><LI> __2sprintf.o(.text)
</UL>
<P><STRONG><a name="[bc]"></a>strtol</STRONG> (Thumb, 112 bytes, Stack size 32 bytes, strtol.o(.text))
<BR><BR>[Stack]<UL><LI>Max Depth = 72<LI>Call Chain = strtol &rArr; _strtoul
</UL>
<BR>[Calls]<UL><LI><a href="#[bb]">&gt;&gt;</a>&nbsp;&nbsp;&nbsp;__aeabi_errno_addr
<LI><a href="#[c8]">&gt;&gt;</a>&nbsp;&nbsp;&nbsp;_strtoul
<LI><a href="#[c7]">&gt;&gt;</a>&nbsp;&nbsp;&nbsp;__rt_ctype_table
</UL>
<BR>[Called By]<UL><LI><a href="#[ba]">&gt;&gt;</a>&nbsp;&nbsp;&nbsp;atoi
</UL>

<P><STRONG><a name="[c7]"></a>__rt_ctype_table</STRONG> (Thumb, 16 bytes, Stack size 8 bytes, rt_ctype_table.o(.text))
<BR><BR>[Stack]<UL><LI>Max Depth = 8<LI>Call Chain = __rt_ctype_table
</UL>
<BR>[Calls]<UL><LI><a href="#[a5]">&gt;&gt;</a>&nbsp;&nbsp;&nbsp;__rt_locale
</UL>
<BR>[Called By]<UL><LI><a href="#[bc]">&gt;&gt;</a>&nbsp;&nbsp;&nbsp;strtol
</UL>

<P><STRONG><a name="[c3]"></a>__Heap_ProvideMemory</STRONG> (Thumb, 52 bytes, Stack size 0 bytes, h1_extend.o(.text))
<BR><BR>[Stack]<UL><LI>Max Depth = 16<LI>Call Chain = __Heap_ProvideMemory &rArr; free
</UL>
<BR>[Calls]<UL><LI><a href="#[b3]">&gt;&gt;</a>&nbsp;&nbsp;&nbsp;free
</UL>
<BR>[Called By]<UL><LI><a href="#[a3]">&gt;&gt;</a>&nbsp;&nbsp;&nbsp;_init_alloc
<LI><a href="#[b2]">&gt;&gt;</a>&nbsp;&nbsp;&nbsp;__Heap_Full
</UL>

<P><STRONG><a name="[c8]"></a>_strtoul</STRONG> (Thumb, 158 bytes, Stack size 40 bytes, _strtoul.o(.text))
<BR><BR>[Stack]<UL><LI>Max Depth = 40<LI>Call Chain = _strtoul
</UL>
<BR>[Calls]<UL><LI><a href="#[bb]">&gt;&gt;</a>&nbsp;&nbsp;&nbsp;__aeabi_errno_addr
<LI><a href="#[c9]">&gt;&gt;</a>&nbsp;&nbsp;&nbsp;_chval
</UL>
<BR>[Called By]<UL><LI><a href="#[bc]">&gt;&gt;</a>&nbsp;&nbsp;&nbsp;strtol
</UL>

<P><STRONG><a name="[c5]"></a>__rt_SIGRTMEM</STRONG> (Thumb, 14 bytes, Stack size 8 bytes, defsig_rtmem_outer.o(.text))
<BR><BR>[Stack]<UL><LI>Max Depth = 40<LI>Call Chain = __rt_SIGRTMEM &rArr; __rt_SIGRTMEM_inner &rArr; __default_signal_display &rArr; _ttywrch
</UL>
<BR>[Calls]<UL><LI><a href="#[ca]">&gt;&gt;</a>&nbsp;&nbsp;&nbsp;__rt_SIGRTMEM_inner
<LI><a href="#[cb]">&gt;&gt;</a>&nbsp;&nbsp;&nbsp;__sig_exit
</UL>
<BR>[Called By]<UL><LI><a href="#[a3]">&gt;&gt;</a>&nbsp;&nbsp;&nbsp;_init_alloc
<LI><a href="#[c4]">&gt;&gt;</a>&nbsp;&nbsp;&nbsp;__Heap_Broken
</UL>

<P><STRONG><a name="[186]"></a>__I$use$semihosting</STRONG> (Thumb, 0 bytes, Stack size 0 bytes, use_no_semi.o(.text), UNUSED)

<P><STRONG><a name="[187]"></a>__use_no_semihosting_swi</STRONG> (Thumb, 2 bytes, Stack size 0 bytes, use_no_semi.o(.text), UNUSED)

<P><STRONG><a name="[188]"></a>__semihosting_library_function</STRONG> (Thumb, 0 bytes, Stack size unknown bytes, indicate_semi.o(.text), UNUSED)

<P><STRONG><a name="[a5]"></a>__rt_locale</STRONG> (Thumb, 8 bytes, Stack size 0 bytes, rt_locale_intlibspace.o(.text))
<BR><BR>[Called By]<UL><LI><a href="#[a4]">&gt;&gt;</a>&nbsp;&nbsp;&nbsp;__rt_lib_init_lc_common
<LI><a href="#[c7]">&gt;&gt;</a>&nbsp;&nbsp;&nbsp;__rt_ctype_table
</UL>

<P><STRONG><a name="[c9]"></a>_chval</STRONG> (Thumb, 28 bytes, Stack size 0 bytes, _chval.o(.text))
<BR><BR>[Called By]<UL><LI><a href="#[c8]">&gt;&gt;</a>&nbsp;&nbsp;&nbsp;_strtoul
</UL>

<P><STRONG><a name="[ab]"></a>exit</STRONG> (Thumb, 18 bytes, Stack size 8 bytes, exit.o(.text))
<BR><BR>[Stack]<UL><LI>Max Depth = 8 + Unknown Stack Size
<LI>Call Chain = exit
</UL>
<BR>[Calls]<UL><LI><a href="#[cc]">&gt;&gt;</a>&nbsp;&nbsp;&nbsp;__rt_exit
</UL>
<BR>[Called By]<UL><LI><a href="#[a9]">&gt;&gt;</a>&nbsp;&nbsp;&nbsp;__rt_entry_main
</UL>

<P><STRONG><a name="[cb]"></a>__sig_exit</STRONG> (Thumb, 10 bytes, Stack size 0 bytes, defsig_exit.o(.text))
<BR><BR>[Calls]<UL><LI><a href="#[af]">&gt;&gt;</a>&nbsp;&nbsp;&nbsp;_sys_exit
</UL>
<BR>[Called By]<UL><LI><a href="#[c5]">&gt;&gt;</a>&nbsp;&nbsp;&nbsp;__rt_SIGRTMEM
</UL>

<P><STRONG><a name="[ca]"></a>__rt_SIGRTMEM_inner</STRONG> (Thumb, 22 bytes, Stack size 8 bytes, defsig_rtmem_inner.o(.text))
<BR><BR>[Stack]<UL><LI>Max Depth = 32<LI>Call Chain = __rt_SIGRTMEM_inner &rArr; __default_signal_display &rArr; _ttywrch
</UL>
<BR>[Calls]<UL><LI><a href="#[cd]">&gt;&gt;</a>&nbsp;&nbsp;&nbsp;__default_signal_display
</UL>
<BR>[Called By]<UL><LI><a href="#[c5]">&gt;&gt;</a>&nbsp;&nbsp;&nbsp;__rt_SIGRTMEM
</UL>

<P><STRONG><a name="[af]"></a>_sys_exit</STRONG> (Thumb, 8 bytes, Stack size 0 bytes, sys_exit.o(.text))
<BR><BR>[Called By]<UL><LI><a href="#[ae]">&gt;&gt;</a>&nbsp;&nbsp;&nbsp;__rt_exit_exit
<LI><a href="#[cb]">&gt;&gt;</a>&nbsp;&nbsp;&nbsp;__sig_exit
</UL>

<P><STRONG><a name="[cd]"></a>__default_signal_display</STRONG> (Thumb, 50 bytes, Stack size 16 bytes, defsig_general.o(.text))
<BR><BR>[Stack]<UL><LI>Max Depth = 24<LI>Call Chain = __default_signal_display &rArr; _ttywrch
</UL>
<BR>[Calls]<UL><LI><a href="#[ce]">&gt;&gt;</a>&nbsp;&nbsp;&nbsp;_ttywrch
</UL>
<BR>[Called By]<UL><LI><a href="#[ca]">&gt;&gt;</a>&nbsp;&nbsp;&nbsp;__rt_SIGRTMEM_inner
</UL>

<P><STRONG><a name="[14d]"></a>strcmp</STRONG> (Thumb, 128 bytes, Stack size 0 bytes, strcmpv7m.o(.text))
<BR><BR>[Called By]<UL><LI><a href="#[f]">&gt;&gt;</a>&nbsp;&nbsp;&nbsp;_get_lc_ctype
</UL>

<P><STRONG><a name="[ce]"></a>_ttywrch</STRONG> (Thumb, 14 bytes, Stack size 8 bytes, sys_wrch.o(.text))
<BR><BR>[Stack]<UL><LI>Max Depth = 8<LI>Call Chain = _ttywrch
</UL>
<BR>[Called By]<UL><LI><a href="#[cd]">&gt;&gt;</a>&nbsp;&nbsp;&nbsp;__default_signal_display
</UL>

<P><STRONG><a name="[cf]"></a>ApplicationTask</STRONG> (Thumb, 262 bytes, Stack size 8 bytes, winc1500_provision_ap.o(i.ApplicationTask))
<BR><BR>[Stack]<UL><LI>Max Depth = 428<LI>Call Chain = ApplicationTask &rArr; socket &rArr; hif_send &rArr; nm_write_block &rArr; spi_write_block &rArr; nm_spi_write &rArr; nm_spi_reset &rArr; spi_cmd &rArr; nmi_spi_write &rArr; m2mStub_SpiTxRx &rArr; SpiSend &rArr; __aeabi_memclr4
</UL>
<BR>[Calls]<UL><LI><a href="#[d7]">&gt;&gt;</a>&nbsp;&nbsp;&nbsp;socket
<LI><a href="#[d8]">&gt;&gt;</a>&nbsp;&nbsp;&nbsp;bind
<LI><a href="#[d1]">&gt;&gt;</a>&nbsp;&nbsp;&nbsp;nxpPrintf
<LI><a href="#[d2]">&gt;&gt;</a>&nbsp;&nbsp;&nbsp;registerWifiCallback
<LI><a href="#[d3]">&gt;&gt;</a>&nbsp;&nbsp;&nbsp;registerSocketCallback
<LI><a href="#[d0]">&gt;&gt;</a>&nbsp;&nbsp;&nbsp;isDriverInitComplete
<LI><a href="#[d6]">&gt;&gt;</a>&nbsp;&nbsp;&nbsp;m2m_wifi_enable_ap
<LI><a href="#[d4]">&gt;&gt;</a>&nbsp;&nbsp;&nbsp;__aeabi_memclr4
<LI><a href="#[d5]">&gt;&gt;</a>&nbsp;&nbsp;&nbsp;strcpy
</UL>
<BR>[Called By]<UL><LI><a href="#[aa]">&gt;&gt;</a>&nbsp;&nbsp;&nbsp;main
</UL>

<P><STRONG><a name="[e0]"></a>ChipApplyConfig</STRONG> (Thumb, 52 bytes, Stack size 16 bytes, wf_asic.o(i.ChipApplyConfig))
<BR><BR>[Stack]<UL><LI>Max Depth = 316<LI>Call Chain = ChipApplyConfig &rArr; nm_read_reg &rArr; spi_read_reg &rArr; nm_spi_reset &rArr; spi_cmd &rArr; nmi_spi_write &rArr; m2mStub_SpiTxRx &rArr; SpiSend &rArr; __aeabi_memclr4
</UL>
<BR>[Calls]<UL><LI><a href="#[de]">&gt;&gt;</a>&nbsp;&nbsp;&nbsp;nm_write_reg
<LI><a href="#[da]">&gt;&gt;</a>&nbsp;&nbsp;&nbsp;nm_read_reg
</UL>
<BR>[Called By]<UL><LI><a href="#[d9]">&gt;&gt;</a>&nbsp;&nbsp;&nbsp;BootRomStateMachine
</UL>

<P><STRONG><a name="[e1]"></a>ChipSleep</STRONG> (Thumb, 78 bytes, Stack size 8 bytes, wf_asic.o(i.ChipSleep))
<BR><BR>[Stack]<UL><LI>Max Depth = 308<LI>Call Chain = ChipSleep &rArr; nm_read_reg &rArr; spi_read_reg &rArr; nm_spi_reset &rArr; spi_cmd &rArr; nmi_spi_write &rArr; m2mStub_SpiTxRx &rArr; SpiSend &rArr; __aeabi_memclr4
</UL>
<BR>[Calls]<UL><LI><a href="#[de]">&gt;&gt;</a>&nbsp;&nbsp;&nbsp;nm_write_reg
<LI><a href="#[da]">&gt;&gt;</a>&nbsp;&nbsp;&nbsp;nm_read_reg
</UL>
<BR>[Called By]<UL><LI><a href="#[e9]">&gt;&gt;</a>&nbsp;&nbsp;&nbsp;hif_send
<LI><a href="#[113]">&gt;&gt;</a>&nbsp;&nbsp;&nbsp;hif_chip_sleep
</UL>

<P><STRONG><a name="[e2]"></a>ChipWake</STRONG> (Thumb, 130 bytes, Stack size 16 bytes, wf_asic.o(i.ChipWake))
<BR><BR>[Stack]<UL><LI>Max Depth = 316<LI>Call Chain = ChipWake &rArr; nm_read_reg &rArr; spi_read_reg &rArr; nm_spi_reset &rArr; spi_cmd &rArr; nmi_spi_write &rArr; m2mStub_SpiTxRx &rArr; SpiSend &rArr; __aeabi_memclr4
</UL>
<BR>[Calls]<UL><LI><a href="#[d1]">&gt;&gt;</a>&nbsp;&nbsp;&nbsp;nxpPrintf
<LI><a href="#[de]">&gt;&gt;</a>&nbsp;&nbsp;&nbsp;nm_write_reg
<LI><a href="#[e4]">&gt;&gt;</a>&nbsp;&nbsp;&nbsp;nm_spi_reset
<LI><a href="#[dd]">&gt;&gt;</a>&nbsp;&nbsp;&nbsp;GenerateErrorEvent
<LI><a href="#[e3]">&gt;&gt;</a>&nbsp;&nbsp;&nbsp;DelayMs
<LI><a href="#[da]">&gt;&gt;</a>&nbsp;&nbsp;&nbsp;nm_read_reg
</UL>
<BR>[Called By]<UL><LI><a href="#[e9]">&gt;&gt;</a>&nbsp;&nbsp;&nbsp;hif_send
<LI><a href="#[114]">&gt;&gt;</a>&nbsp;&nbsp;&nbsp;hif_chip_wake
</UL>

<P><STRONG><a name="[e3]"></a>DelayMs</STRONG> (Thumb, 24 bytes, Stack size 16 bytes, wf_utils.o(i.DelayMs))
<BR><BR>[Stack]<UL><LI>Max Depth = 24<LI>Call Chain = DelayMs &rArr; m2mStub_GetOneMsTimer
</UL>
<BR>[Calls]<UL><LI><a href="#[db]">&gt;&gt;</a>&nbsp;&nbsp;&nbsp;m2mStub_GetOneMsTimer
</UL>
<BR>[Called By]<UL><LI><a href="#[e2]">&gt;&gt;</a>&nbsp;&nbsp;&nbsp;ChipWake
<LI><a href="#[107]">&gt;&gt;</a>&nbsp;&nbsp;&nbsp;spi_write_reg
<LI><a href="#[135]">&gt;&gt;</a>&nbsp;&nbsp;&nbsp;spi_read_reg
<LI><a href="#[13a]">&gt;&gt;</a>&nbsp;&nbsp;&nbsp;nm_spi_write
<LI><a href="#[136]">&gt;&gt;</a>&nbsp;&nbsp;&nbsp;nm_spi_read
</UL>

<P><STRONG><a name="[ed]"></a>EnableInterrupts</STRONG> (Thumb, 52 bytes, Stack size 8 bytes, wf_asic.o(i.EnableInterrupts))
<BR><BR>[Stack]<UL><LI>Max Depth = 308<LI>Call Chain = EnableInterrupts &rArr; nm_read_reg &rArr; spi_read_reg &rArr; nm_spi_reset &rArr; spi_cmd &rArr; nmi_spi_write &rArr; m2mStub_SpiTxRx &rArr; SpiSend &rArr; __aeabi_memclr4
</UL>
<BR>[Calls]<UL><LI><a href="#[de]">&gt;&gt;</a>&nbsp;&nbsp;&nbsp;nm_write_reg
<LI><a href="#[da]">&gt;&gt;</a>&nbsp;&nbsp;&nbsp;nm_read_reg
</UL>
<BR>[Called By]<UL><LI><a href="#[f1]">&gt;&gt;</a>&nbsp;&nbsp;&nbsp;InitStateMachine
</UL>

<P><STRONG><a name="[dd]"></a>GenerateErrorEvent</STRONG> (Thumb, 12 bytes, Stack size 8 bytes, wf_wifi.o(i.GenerateErrorEvent))
<BR><BR>[Stack]<UL><LI>Max Depth = 208<LI>Call Chain = GenerateErrorEvent &rArr; m2m_error_handle_events &rArr; nxpPrintf &rArr; printk &rArr; printk_pad_zero &rArr; printk_putc
</UL>
<BR>[Calls]<UL><LI><a href="#[ef]">&gt;&gt;</a>&nbsp;&nbsp;&nbsp;m2m_error_handle_events
</UL>
<BR>[Called By]<UL><LI><a href="#[133]">&gt;&gt;</a>&nbsp;&nbsp;&nbsp;nm_get_firmware_full_info
<LI><a href="#[10a]">&gt;&gt;</a>&nbsp;&nbsp;&nbsp;WifiInternalEventHandler
<LI><a href="#[102]">&gt;&gt;</a>&nbsp;&nbsp;&nbsp;SocketInternalEventHandler
<LI><a href="#[fa]">&gt;&gt;</a>&nbsp;&nbsp;&nbsp;OtaInternalEventHandler
<LI><a href="#[fb]">&gt;&gt;</a>&nbsp;&nbsp;&nbsp;hif_receive
<LI><a href="#[116]">&gt;&gt;</a>&nbsp;&nbsp;&nbsp;hif_isr
<LI><a href="#[e2]">&gt;&gt;</a>&nbsp;&nbsp;&nbsp;ChipWake
<LI><a href="#[d6]">&gt;&gt;</a>&nbsp;&nbsp;&nbsp;m2m_wifi_enable_ap
<LI><a href="#[ee]">&gt;&gt;</a>&nbsp;&nbsp;&nbsp;FirmwareStartStateMachine
<LI><a href="#[e5]">&gt;&gt;</a>&nbsp;&nbsp;&nbsp;ConnectInternal
<LI><a href="#[d9]">&gt;&gt;</a>&nbsp;&nbsp;&nbsp;BootRomStateMachine
<LI><a href="#[f2]">&gt;&gt;</a>&nbsp;&nbsp;&nbsp;nm_spi_init
</UL>

<P><STRONG><a name="[df]"></a>GetChipId</STRONG> (Thumb, 144 bytes, Stack size 8 bytes, wf_asic.o(i.GetChipId))
<BR><BR>[Stack]<UL><LI>Max Depth = 308<LI>Call Chain = GetChipId &rArr; nm_read_reg &rArr; spi_read_reg &rArr; nm_spi_reset &rArr; spi_cmd &rArr; nmi_spi_write &rArr; m2mStub_SpiTxRx &rArr; SpiSend &rArr; __aeabi_memclr4
</UL>
<BR>[Calls]<UL><LI><a href="#[da]">&gt;&gt;</a>&nbsp;&nbsp;&nbsp;nm_read_reg
</UL>
<BR>[Called By]<UL><LI><a href="#[d9]">&gt;&gt;</a>&nbsp;&nbsp;&nbsp;BootRomStateMachine
</UL>

<P><STRONG><a name="[12d]"></a>GpioInit</STRONG> (Thumb, 72 bytes, Stack size 0 bytes, gpio.o(i.GpioInit))
<BR><BR>[Called By]<UL><LI><a href="#[aa]">&gt;&gt;</a>&nbsp;&nbsp;&nbsp;main
</UL>

<P><STRONG><a name="[122]"></a>GpioSetDirection</STRONG> (Thumb, 284 bytes, Stack size 12 bytes, gpio.o(i.GpioSetDirection))
<BR><BR>[Stack]<UL><LI>Max Depth = 12<LI>Call Chain = GpioSetDirection
</UL>
<BR>[Called By]<UL><LI><a href="#[121]">&gt;&gt;</a>&nbsp;&nbsp;&nbsp;m2mStub_Pin_init
[...]
<BR><BR>[Stack]<UL><LI>Max Depth = 476<LI>Call Chain = hif_isr &rArr; SocketInternalEventHandler &rArr; ReadSocketData &rArr; hif_receive &rArr; nm_read_block &rArr; spi_read_block &rArr; nm_spi_read &rArr; nm_spi_reset &rArr; spi_cmd &rArr; nmi_spi_write &rArr; m2mStub_SpiTxRx &rArr; SpiSend &rArr; __aeabi_memclr4
</UL>
<BR>[Calls]<UL><LI><a href="#[10a]">&gt;&gt;</a>&nbsp;&nbsp;&nbsp;WifiInternalEventHandler
<LI><a href="#[102]">&gt;&gt;</a>&nbsp;&nbsp;&nbsp;SocketInternalEventHandler
<LI><a href="#[fa]">&gt;&gt;</a>&nbsp;&nbsp;&nbsp;OtaInternalEventHandler
<LI><a href="#[114]">&gt;&gt;</a>&nbsp;&nbsp;&nbsp;hif_chip_wake
<LI><a href="#[118]">&gt;&gt;</a>&nbsp;&nbsp;&nbsp;hif_chip_sleep_sc
<LI><a href="#[113]">&gt;&gt;</a>&nbsp;&nbsp;&nbsp;hif_chip_sleep
<LI><a href="#[119]">&gt;&gt;</a>&nbsp;&nbsp;&nbsp;hif_set_rx_done
<LI><a href="#[d1]">&gt;&gt;</a>&nbsp;&nbsp;&nbsp;nxpPrintf
<LI><a href="#[de]">&gt;&gt;</a>&nbsp;&nbsp;&nbsp;nm_write_reg
<LI><a href="#[117]">&gt;&gt;</a>&nbsp;&nbsp;&nbsp;nm_read_block
<LI><a href="#[dd]">&gt;&gt;</a>&nbsp;&nbsp;&nbsp;GenerateErrorEvent
<LI><a href="#[ec]">&gt;&gt;</a>&nbsp;&nbsp;&nbsp;m2mStub_EintEnable
<LI><a href="#[eb]">&gt;&gt;</a>&nbsp;&nbsp;&nbsp;m2mStub_EintDisable
<LI><a href="#[da]">&gt;&gt;</a>&nbsp;&nbsp;&nbsp;nm_read_reg
</UL>
<BR>[Called By]<UL><LI><a href="#[115]">&gt;&gt;</a>&nbsp;&nbsp;&nbsp;hif_handle_isr
</UL>

<P><STRONG><a name="[119]"></a>hif_set_rx_done</STRONG> (Thumb, 42 bytes, Stack size 8 bytes, wf_hif.o(i.hif_set_rx_done))
<BR><BR>[Stack]<UL><LI>Max Depth = 308<LI>Call Chain = hif_set_rx_done &rArr; nm_read_reg &rArr; spi_read_reg &rArr; nm_spi_reset &rArr; spi_cmd &rArr; nmi_spi_write &rArr; m2mStub_SpiTxRx &rArr; SpiSend &rArr; __aeabi_memclr4
</UL>
<BR>[Calls]<UL><LI><a href="#[de]">&gt;&gt;</a>&nbsp;&nbsp;&nbsp;nm_write_reg
<LI><a href="#[ec]">&gt;&gt;</a>&nbsp;&nbsp;&nbsp;m2mStub_EintEnable
<LI><a href="#[da]">&gt;&gt;</a>&nbsp;&nbsp;&nbsp;nm_read_reg
</UL>
<BR>[Called By]<UL><LI><a href="#[fb]">&gt;&gt;</a>&nbsp;&nbsp;&nbsp;hif_receive
<LI><a href="#[116]">&gt;&gt;</a>&nbsp;&nbsp;&nbsp;hif_isr
</UL>

<P><STRONG><a name="[105]"></a>SpiInitPktSize</STRONG> (Thumb, 110 bytes, Stack size 8 bytes, wf_spi.o(i.SpiInitPktSize))
<BR><BR>[Stack]<UL><LI>Max Depth = 308<LI>Call Chain = SpiInitPktSize &rArr; nm_spi_read_reg &rArr; spi_read_reg &rArr; nm_spi_reset &rArr; spi_cmd &rArr; nmi_spi_write &rArr; m2mStub_SpiTxRx &rArr; SpiSend &rArr; __aeabi_memclr4
</UL>
<BR>[Calls]<UL><LI><a href="#[107]">&gt;&gt;</a>&nbsp;&nbsp;&nbsp;spi_write_reg
<LI><a href="#[106]">&gt;&gt;</a>&nbsp;&nbsp;&nbsp;nm_spi_read_reg
</UL>
<BR>[Called By]<UL><LI><a href="#[f2]">&gt;&gt;</a>&nbsp;&nbsp;&nbsp;nm_spi_init
</UL>

<P><STRONG><a name="[10c]"></a>crc7</STRONG> (Thumb, 34 bytes, Stack size 16 bytes, wf_spi.o(i.crc7))
<BR><BR>[Stack]<UL><LI>Max Depth = 16<LI>Call Chain = crc7
</UL>
<BR>[Calls]<UL><LI><a href="#[10d]">&gt;&gt;</a>&nbsp;&nbsp;&nbsp;crc7_byte
</UL>
<BR>[Called By]<UL><LI><a href="#[137]">&gt;&gt;</a>&nbsp;&nbsp;&nbsp;spi_cmd
</UL>

<P><STRONG><a name="[10d]"></a>crc7_byte</STRONG> (Thumb, 12 bytes, Stack size 0 bytes, wf_spi.o(i.crc7_byte))
<BR><BR>[Called By]<UL><LI><a href="#[10c]">&gt;&gt;</a>&nbsp;&nbsp;&nbsp;crc7
</UL>

<P><STRONG><a name="[136]"></a>nm_spi_read</STRONG> (Thumb, 210 bytes, Stack size 40 bytes, wf_spi.o(i.nm_spi_read))
<BR><BR>[Stack]<UL><LI>Max Depth = 284<LI>Call Chain = nm_spi_read &rArr; nm_spi_reset &rArr; spi_cmd &rArr; nmi_spi_write &rArr; m2mStub_SpiTxRx &rArr; SpiSend &rArr; __aeabi_memclr4
</UL>
<BR>[Calls]<UL><LI><a href="#[d1]">&gt;&gt;</a>&nbsp;&nbsp;&nbsp;nxpPrintf
<LI><a href="#[e4]">&gt;&gt;</a>&nbsp;&nbsp;&nbsp;nm_spi_reset
<LI><a href="#[e3]">&gt;&gt;</a>&nbsp;&nbsp;&nbsp;DelayMs
<LI><a href="#[139]">&gt;&gt;</a>&nbsp;&nbsp;&nbsp;spi_data_read
<LI><a href="#[138]">&gt;&gt;</a>&nbsp;&nbsp;&nbsp;spi_cmd_rsp
<LI><a href="#[137]">&gt;&gt;</a>&nbsp;&nbsp;&nbsp;spi_cmd
</UL>
<BR>[Called By]<UL><LI><a href="#[134]">&gt;&gt;</a>&nbsp;&nbsp;&nbsp;spi_read_block
</UL>

<P><STRONG><a name="[13a]"></a>nm_spi_write</STRONG> (Thumb, 162 bytes, Stack size 32 bytes, wf_spi.o(i.nm_spi_write))
<BR><BR>[Stack]<UL><LI>Max Depth = 276<LI>Call Chain = nm_spi_write &rArr; nm_spi_reset &rArr; spi_cmd &rArr; nmi_spi_write &rArr; m2mStub_SpiTxRx &rArr; SpiSend &rArr; __aeabi_memclr4
</UL>
<BR>[Calls]<UL><LI><a href="#[d1]">&gt;&gt;</a>&nbsp;&nbsp;&nbsp;nxpPrintf
<LI><a href="#[e4]">&gt;&gt;</a>&nbsp;&nbsp;&nbsp;nm_spi_reset
<LI><a href="#[e3]">&gt;&gt;</a>&nbsp;&nbsp;&nbsp;DelayMs
<LI><a href="#[13b]">&gt;&gt;</a>&nbsp;&nbsp;&nbsp;spi_data_write
<LI><a href="#[13c]">&gt;&gt;</a>&nbsp;&nbsp;&nbsp;spi_data_rsp
<LI><a href="#[138]">&gt;&gt;</a>&nbsp;&nbsp;&nbsp;spi_cmd_rsp
<LI><a href="#[137]">&gt;&gt;</a>&nbsp;&nbsp;&nbsp;spi_cmd
</UL>
<BR>[Called By]<UL><LI><a href="#[13d]">&gt;&gt;</a>&nbsp;&nbsp;&nbsp;spi_write_block
</UL>

<P><STRONG><a name="[13e]"></a>nmi_spi_read</STRONG> (Thumb, 32 bytes, Stack size 16 bytes, wf_spi.o(i.nmi_spi_read))
<BR><BR>[Stack]<UL><LI>Max Depth = 188<LI>Call Chain = nmi_spi_read &rArr; m2mStub_SpiTxRx &rArr; SpiSend &rArr; __aeabi_memclr4
</UL>
<BR>[Calls]<UL><LI><a href="#[123]">&gt;&gt;</a>&nbsp;&nbsp;&nbsp;m2mStub_SpiTxRx
<LI><a href="#[13f]">&gt;&gt;</a>&nbsp;&nbsp;&nbsp;m2mStub_PinSet_SPI_SS
</UL>
<BR>[Called By]<UL><LI><a href="#[13c]">&gt;&gt;</a>&nbsp;&nbsp;&nbsp;spi_data_rsp
<LI><a href="#[139]">&gt;&gt;</a>&nbsp;&nbsp;&nbsp;spi_data_read
<LI><a href="#[138]">&gt;&gt;</a>&nbsp;&nbsp;&nbsp;spi_cmd_rsp
</UL>

<P><STRONG><a name="[140]"></a>nmi_spi_write</STRONG> (Thumb, 32 bytes, Stack size 16 bytes, wf_spi.o(i.nmi_spi_write))
<BR><BR>[Stack]<UL><LI>Max Depth = 188<LI>Call Chain = nmi_spi_write &rArr; m2mStub_SpiTxRx &rArr; SpiSend &rArr; __aeabi_memclr4
</UL>
<BR>[Calls]<UL><LI><a href="#[123]">&gt;&gt;</a>&nbsp;&nbsp;&nbsp;m2mStub_SpiTxRx
<LI><a href="#[13f]">&gt;&gt;</a>&nbsp;&nbsp;&nbsp;m2mStub_PinSet_SPI_SS
</UL>
<BR>[Called By]<UL><LI><a href="#[13b]">&gt;&gt;</a>&nbsp;&nbsp;&nbsp;spi_data_write
<LI><a href="#[137]">&gt;&gt;</a>&nbsp;&nbsp;&nbsp;spi_cmd
</UL>

<P><STRONG><a name="[137]"></a>spi_cmd</STRONG> (Thumb, 416 bytes, Stack size 48 bytes, wf_spi.o(i.spi_cmd))
<BR><BR>[Stack]<UL><LI>Max Depth = 236<LI>Call Chain = spi_cmd &rArr; nmi_spi_write &rArr; m2mStub_SpiTxRx &rArr; SpiSend &rArr; __aeabi_memclr4
</UL>
<BR>[Calls]<UL><LI><a href="#[140]">&gt;&gt;</a>&nbsp;&nbsp;&nbsp;nmi_spi_write
<LI><a href="#[10c]">&gt;&gt;</a>&nbsp;&nbsp;&nbsp;crc7
</UL>
<BR>[Called By]<UL><LI><a href="#[e4]">&gt;&gt;</a>&nbsp;&nbsp;&nbsp;nm_spi_reset
<LI><a href="#[107]">&gt;&gt;</a>&nbsp;&nbsp;&nbsp;spi_write_reg
<LI><a href="#[135]">&gt;&gt;</a>&nbsp;&nbsp;&nbsp;spi_read_reg
<LI><a href="#[13a]">&gt;&gt;</a>&nbsp;&nbsp;&nbsp;nm_spi_write
<LI><a href="#[136]">&gt;&gt;</a>&nbsp;&nbsp;&nbsp;nm_spi_read
</UL>

<P><STRONG><a name="[138]"></a>spi_cmd_rsp</STRONG> (Thumb, 112 bytes, Stack size 24 bytes, wf_spi.o(i.spi_cmd_rsp))
<BR><BR>[Stack]<UL><LI>Max Depth = 212<LI>Call Chain = spi_cmd_rsp &rArr; nmi_spi_read &rArr; m2mStub_SpiTxRx &rArr; SpiSend &rArr; __aeabi_memclr4
</UL>
<BR>[Calls]<UL><LI><a href="#[13e]">&gt;&gt;</a>&nbsp;&nbsp;&nbsp;nmi_spi_read
</UL>
<BR>[Called By]<UL><LI><a href="#[e4]">&gt;&gt;</a>&nbsp;&nbsp;&nbsp;nm_spi_reset
<LI><a href="#[107]">&gt;&gt;</a>&nbsp;&nbsp;&nbsp;spi_write_reg
<LI><a href="#[135]">&gt;&gt;</a>&nbsp;&nbsp;&nbsp;spi_read_reg
<LI><a href="#[13a]">&gt;&gt;</a>&nbsp;&nbsp;&nbsp;nm_spi_write
<LI><a href="#[136]">&gt;&gt;</a>&nbsp;&nbsp;&nbsp;nm_spi_read
</UL>

<P><STRONG><a name="[139]"></a>spi_data_read</STRONG> (Thumb, 150 bytes, Stack size 40 bytes, wf_spi.o(i.spi_data_read))
<BR><BR>[Stack]<UL><LI>Max Depth = 232<LI>Call Chain = spi_data_read &rArr; nxpPrintf &rArr; printk &rArr; printk_pad_zero &rArr; printk_putc
</UL>
<BR>[Calls]<UL><LI><a href="#[d1]">&gt;&gt;</a>&nbsp;&nbsp;&nbsp;nxpPrintf
<LI><a href="#[13e]">&gt;&gt;</a>&nbsp;&nbsp;&nbsp;nmi_spi_read
</UL>
<BR>[Called By]<UL><LI><a href="#[135]">&gt;&gt;</a>&nbsp;&nbsp;&nbsp;spi_read_reg
<LI><a href="#[136]">&gt;&gt;</a>&nbsp;&nbsp;&nbsp;nm_spi_read
</UL>

<P><STRONG><a name="[13c]"></a>spi_data_rsp</STRONG> (Thumb, 70 bytes, Stack size 16 bytes, wf_spi.o(i.spi_data_rsp))
<BR><BR>[Stack]<UL><LI>Max Depth = 208<LI>Call Chain = spi_data_rsp &rArr; nxpPrintf &rArr; printk &rArr; printk_pad_zero &rArr; printk_putc
</UL>
<BR>[Calls]<UL><LI><a href="#[d1]">&gt;&gt;</a>&nbsp;&nbsp;&nbsp;nxpPrintf
<LI><a href="#[13e]">&gt;&gt;</a>&nbsp;&nbsp;&nbsp;nmi_spi_read
</UL>
<BR>[Called By]<UL><LI><a href="#[13a]">&gt;&gt;</a>&nbsp;&nbsp;&nbsp;nm_spi_write
</UL>

<P><STRONG><a name="[13b]"></a>spi_data_write</STRONG> (Thumb, 132 bytes, Stack size 40 bytes, wf_spi.o(i.spi_data_write))
<BR><BR>[Stack]<UL><LI>Max Depth = 228<LI>Call Chain = spi_data_write &rArr; nmi_spi_write &rArr; m2mStub_SpiTxRx &rArr; SpiSend &rArr; __aeabi_memclr4
</UL>
<BR>[Calls]<UL><LI><a href="#[140]">&gt;&gt;</a>&nbsp;&nbsp;&nbsp;nmi_spi_write
</UL>
<BR>[Called By]<UL><LI><a href="#[13a]">&gt;&gt;</a>&nbsp;&nbsp;&nbsp;nm_spi_write
</UL>

<P><STRONG><a name="[d9]"></a>BootRomStateMachine</STRONG> (Thumb, 208 bytes, Stack size 16 bytes, wf_wifi.o(i.BootRomStateMachine))
<BR><BR>[Stack]<UL><LI>Max Depth = 332<LI>Call Chain = BootRomStateMachine &rArr; ChipApplyConfig &rArr; nm_read_reg &rArr; spi_read_reg &rArr; nm_spi_reset &rArr; spi_cmd &rArr; nmi_spi_write &rArr; m2mStub_SpiTxRx &rArr; SpiSend &rArr; __aeabi_memclr4
</UL>
<BR>[Calls]<UL><LI><a href="#[d1]">&gt;&gt;</a>&nbsp;&nbsp;&nbsp;nxpPrintf
<LI><a href="#[de]">&gt;&gt;</a>&nbsp;&nbsp;&nbsp;nm_write_reg
<LI><a href="#[dd]">&gt;&gt;</a>&nbsp;&nbsp;&nbsp;GenerateErrorEvent
<LI><a href="#[df]">&gt;&gt;</a>&nbsp;&nbsp;&nbsp;GetChipId
<LI><a href="#[e0]">&gt;&gt;</a>&nbsp;&nbsp;&nbsp;ChipApplyConfig
<LI><a href="#[db]">&gt;&gt;</a>&nbsp;&nbsp;&nbsp;m2mStub_GetOneMsTimer
<LI><a href="#[da]">&gt;&gt;</a>&nbsp;&nbsp;&nbsp;nm_read_reg
<LI><a href="#[dc]">&gt;&gt;</a>&nbsp;&nbsp;&nbsp;m2m_get_elapsed_time
</UL>
<BR>[Called By]<UL><LI><a href="#[f1]">&gt;&gt;</a>&nbsp;&nbsp;&nbsp;InitStateMachine
</UL>

<P><STRONG><a name="[e5]"></a>ConnectInternal</STRONG> (Thumb, 200 bytes, Stack size 160 bytes, wf_wifi.o(i.ConnectInternal))
<BR><BR>[Stack]<UL><LI>Max Depth = 532<LI>Call Chain = ConnectInternal &rArr; hif_send &rArr; nm_write_block &rArr; spi_write_block &rArr; nm_spi_write &rArr; nm_spi_reset &rArr; spi_cmd &rArr; nmi_spi_write &rArr; m2mStub_SpiTxRx &rArr; SpiSend &rArr; __aeabi_memclr4
</UL>
<BR>[Calls]<UL><LI><a href="#[e9]">&gt;&gt;</a>&nbsp;&nbsp;&nbsp;hif_send
<LI><a href="#[dd]">&gt;&gt;</a>&nbsp;&nbsp;&nbsp;GenerateErrorEvent
<LI><a href="#[e6]">&gt;&gt;</a>&nbsp;&nbsp;&nbsp;isConnectionParamsValid
<LI><a href="#[e7]">&gt;&gt;</a>&nbsp;&nbsp;&nbsp;__aeabi_memcpy
<LI><a href="#[e8]">&gt;&gt;</a>&nbsp;&nbsp;&nbsp;strlen
</UL>
<BR>[Called By]<UL><LI><a href="#[127]">&gt;&gt;</a>&nbsp;&nbsp;&nbsp;m2m_wifi_connect
</UL>

<P><STRONG><a name="[ee]"></a>FirmwareStartStateMachine</STRONG> (Thumb, 106 bytes, Stack size 16 bytes, wf_wifi.o(i.FirmwareStartStateMachine))
<BR><BR>[Stack]<UL><LI>Max Depth = 316<LI>Call Chain = FirmwareStartStateMachine &rArr; nm_read_reg &rArr; spi_read_reg &rArr; nm_spi_reset &rArr; spi_cmd &rArr; nmi_spi_write &rArr; m2mStub_SpiTxRx &rArr; SpiSend &rArr; __aeabi_memclr4
</UL>
<BR>[Calls]<UL><LI><a href="#[d1]">&gt;&gt;</a>&nbsp;&nbsp;&nbsp;nxpPrintf
<LI><a href="#[de]">&gt;&gt;</a>&nbsp;&nbsp;&nbsp;nm_write_reg
<LI><a href="#[dd]">&gt;&gt;</a>&nbsp;&nbsp;&nbsp;GenerateErrorEvent
<LI><a href="#[db]">&gt;&gt;</a>&nbsp;&nbsp;&nbsp;m2mStub_GetOneMsTimer
<LI><a href="#[da]">&gt;&gt;</a>&nbsp;&nbsp;&nbsp;nm_read_reg
<LI><a href="#[dc]">&gt;&gt;</a>&nbsp;&nbsp;&nbsp;m2m_get_elapsed_time
</UL>
<BR>[Called By]<UL><LI><a href="#[f1]">&gt;&gt;</a>&nbsp;&nbsp;&nbsp;InitStateMachine
</UL>

<P><STRONG><a name="[f1]"></a>InitStateMachine</STRONG> (Thumb, 228 bytes, Stack size 48 bytes, wf_wifi.o(i.InitStateMachine))
<BR><BR>[Stack]<UL><LI>Max Depth = 420<LI>Call Chain = InitStateMachine &rArr; nm_get_firmware_info &rArr; nm_get_firmware_full_info &rArr; nm_read_block &rArr; spi_read_block &rArr; nm_spi_read &rArr; nm_spi_reset &rArr; spi_cmd &rArr; nmi_spi_write &rArr; m2mStub_SpiTxRx &rArr; SpiSend &rArr; __aeabi_memclr4
</UL>
<BR>[Calls]<UL><LI><a href="#[f4]">&gt;&gt;</a>&nbsp;&nbsp;&nbsp;SocketInit
<LI><a href="#[f3]">&gt;&gt;</a>&nbsp;&nbsp;&nbsp;hif_init
<LI><a href="#[d1]">&gt;&gt;</a>&nbsp;&nbsp;&nbsp;nxpPrintf
<LI><a href="#[ed]">&gt;&gt;</a>&nbsp;&nbsp;&nbsp;EnableInterrupts
<LI><a href="#[ec]">&gt;&gt;</a>&nbsp;&nbsp;&nbsp;m2mStub_EintEnable
<LI><a href="#[f5]">&gt;&gt;</a>&nbsp;&nbsp;&nbsp;m2m_wifi_handle_events
<LI><a href="#[f6]">&gt;&gt;</a>&nbsp;&nbsp;&nbsp;nm_get_firmware_info
<LI><a href="#[ee]">&gt;&gt;</a>&nbsp;&nbsp;&nbsp;FirmwareStartStateMachine
<LI><a href="#[d9]">&gt;&gt;</a>&nbsp;&nbsp;&nbsp;BootRomStateMachine
<LI><a href="#[f2]">&gt;&gt;</a>&nbsp;&nbsp;&nbsp;nm_spi_init
</UL>
<BR>[Called By]<UL><LI><a href="#[129]">&gt;&gt;</a>&nbsp;&nbsp;&nbsp;m2m_wifi_task
</UL>

<P><STRONG><a name="[11d]"></a>isChannelValid</STRONG> (Thumb, 22 bytes, Stack size 0 bytes, wf_wifi.o(i.isChannelValid))
<BR><BR>[Called By]<UL><LI><a href="#[e6]">&gt;&gt;</a>&nbsp;&nbsp;&nbsp;isConnectionParamsValid
</UL>

<P><STRONG><a name="[e6]"></a>isConnectionParamsValid</STRONG> (Thumb, 176 bytes, Stack size 32 bytes, wf_wifi.o(i.isConnectionParamsValid))
<BR><BR>[Stack]<UL><LI>Max Depth = 224<LI>Call Chain = isConnectionParamsValid &rArr; nxpPrintf &rArr; printk &rArr; printk_pad_zero &rArr; printk_putc
</UL>
<BR>[Calls]<UL><LI><a href="#[d1]">&gt;&gt;</a>&nbsp;&nbsp;&nbsp;nxpPrintf
<LI><a href="#[11d]">&gt;&gt;</a>&nbsp;&nbsp;&nbsp;isChannelValid
<LI><a href="#[e8]">&gt;&gt;</a>&nbsp;&nbsp;&nbsp;strlen
</UL>
<BR>[Called By]<UL><LI><a href="#[e5]">&gt;&gt;</a>&nbsp;&nbsp;&nbsp;ConnectInternal
</UL>

<P><STRONG><a name="[11e]"></a>isValidApParameters</STRONG> (Thumb, 252 bytes, Stack size 8 bytes, wf_wifi.o(i.isValidApParameters))
<BR><BR>[Stack]<UL><LI>Max Depth = 200<LI>Call Chain = isValidApParameters &rArr; nxpPrintf &rArr; printk &rArr; printk_pad_zero &rArr; printk_putc
</UL>
<BR>[Calls]<UL><LI><a href="#[d1]">&gt;&gt;</a>&nbsp;&nbsp;&nbsp;nxpPrintf
<LI><a href="#[e8]">&gt;&gt;</a>&nbsp;&nbsp;&nbsp;strlen
</UL>
<BR>[Called By]<UL><LI><a href="#[d6]">&gt;&gt;</a>&nbsp;&nbsp;&nbsp;m2m_wifi_enable_ap
</UL>

<P><STRONG><a name="[fd]"></a>OtaUpdateCb</STRONG> (Thumb, 58 bytes, Stack size 16 bytes, winc1500_support_stub.o(i.OtaUpdateCb))
<BR><BR>[Stack]<UL><LI>Max Depth = 404<LI>Call Chain = OtaUpdateCb &rArr; m2m_ota_switch_firmware &rArr; hif_send &rArr; nm_write_block &rArr; spi_write_block &rArr; nm_spi_write &rArr; nm_spi_reset &rArr; spi_cmd &rArr; nmi_spi_write &rArr; m2mStub_SpiTxRx &rArr; SpiSend &rArr; __aeabi_memclr4
</UL>
<BR>[Calls]<UL><LI><a href="#[fe]">&gt;&gt;</a>&nbsp;&nbsp;&nbsp;m2m_ota_switch_firmware
<LI><a href="#[d1]">&gt;&gt;</a>&nbsp;&nbsp;&nbsp;nxpPrintf
</UL>
<BR>[Called By]<UL><LI><a href="#[fc]">&gt;&gt;</a>&nbsp;&nbsp;&nbsp;m2m_ota_handle_events
</UL>

<P><STRONG><a name="[110]"></a>get_AP_Parameter</STRONG> (Thumb, 222 bytes, Stack size 32 bytes, winc1500_provision_ap.o(i.get_AP_Parameter))
<BR><BR>[Stack]<UL><LI>Max Depth = 224<LI>Call Chain = get_AP_Parameter &rArr; nxpPrintf &rArr; printk &rArr; printk_pad_zero &rArr; printk_putc
</UL>
<BR>[Calls]<UL><LI><a href="#[d1]">&gt;&gt;</a>&nbsp;&nbsp;&nbsp;nxpPrintf
<LI><a href="#[c1]">&gt;&gt;</a>&nbsp;&nbsp;&nbsp;strncpy
<LI><a href="#[d4]">&gt;&gt;</a>&nbsp;&nbsp;&nbsp;__aeabi_memclr4
<LI><a href="#[c2]">&gt;&gt;</a>&nbsp;&nbsp;&nbsp;__aeabi_memclr
<LI><a href="#[112]">&gt;&gt;</a>&nbsp;&nbsp;&nbsp;strncmp
<LI><a href="#[111]">&gt;&gt;</a>&nbsp;&nbsp;&nbsp;strstr
<LI><a href="#[ba]">&gt;&gt;</a>&nbsp;&nbsp;&nbsp;atoi
</UL>
<BR>[Called By]<UL><LI><a href="#[11]">&gt;&gt;</a>&nbsp;&nbsp;&nbsp;socket_cb
</UL>

<P><STRONG><a name="[11]"></a>socket_cb</STRONG> (Thumb, 348 bytes, Stack size 32 bytes, winc1500_provision_ap.o(i.socket_cb))
<BR><BR>[Stack]<UL><LI>Max Depth = 596<LI>Call Chain = socket_cb &rArr; m2m_wifi_connect &rArr; ConnectInternal &rArr; hif_send &rArr; nm_write_block &rArr; spi_write_block &rArr; nm_spi_write &rArr; nm_spi_reset &rArr; spi_cmd &rArr; nmi_spi_write &rArr; m2mStub_SpiTxRx &rArr; SpiSend &rArr; __aeabi_memclr4
</UL>
<BR>[Calls]<UL><LI><a href="#[146]">&gt;&gt;</a>&nbsp;&nbsp;&nbsp;recv
<LI><a href="#[126]">&gt;&gt;</a>&nbsp;&nbsp;&nbsp;m2m_wifi_get_socket_event_data
<LI><a href="#[11f]">&gt;&gt;</a>&nbsp;&nbsp;&nbsp;listen
<LI><a href="#[10b]">&gt;&gt;</a>&nbsp;&nbsp;&nbsp;close
<LI><a href="#[147]">&gt;&gt;</a>&nbsp;&nbsp;&nbsp;accept
<LI><a href="#[d1]">&gt;&gt;</a>&nbsp;&nbsp;&nbsp;nxpPrintf
<LI><a href="#[db]">&gt;&gt;</a>&nbsp;&nbsp;&nbsp;m2mStub_GetOneMsTimer
<LI><a href="#[110]">&gt;&gt;</a>&nbsp;&nbsp;&nbsp;get_AP_Parameter
<LI><a href="#[128]">&gt;&gt;</a>&nbsp;&nbsp;&nbsp;m2m_wifi_disable_ap
<LI><a href="#[127]">&gt;&gt;</a>&nbsp;&nbsp;&nbsp;m2m_wifi_connect
<LI><a href="#[dc]">&gt;&gt;</a>&nbsp;&nbsp;&nbsp;m2m_get_elapsed_time
<LI><a href="#[d4]">&gt;&gt;</a>&nbsp;&nbsp;&nbsp;__aeabi_memclr4
<LI><a href="#[e8]">&gt;&gt;</a>&nbsp;&nbsp;&nbsp;strlen
</UL>
<BR>[Address Reference Count : 1]<UL><LI> winc1500_provision_ap.o(i.ApplicationTask)
</UL>
<P><STRONG><a name="[10]"></a>wifi_cb</STRONG> (Thumb, 72 bytes, Stack size 32 bytes, winc1500_provision_ap.o(i.wifi_cb))
<BR><BR>[Stack]<UL><LI>Max Depth = 224 + Unknown Stack Size
<LI>Call Chain = wifi_cb &rArr; nxpPrintf &rArr; printk &rArr; printk_pad_zero &rArr; printk_putc
</UL>
<BR>[Calls]<UL><LI><a href="#[d1]">&gt;&gt;</a>&nbsp;&nbsp;&nbsp;nxpPrintf
<LI><a href="#[11c]">&gt;&gt;</a>&nbsp;&nbsp;&nbsp;inet_ntop4
</UL>
<BR>[Address Reference Count : 1]<UL><LI> winc1500_provision_ap.o(i.ApplicationTask)
</UL>
<P><STRONG><a name="[143]"></a>printk_mknumstr</STRONG> (Thumb, 140 bytes, Stack size 36 bytes, printf.o(i.printk_mknumstr))
<BR><BR>[Stack]<UL><LI>Max Depth = 36<LI>Call Chain = printk_mknumstr
</UL>
<BR>[Called By]<UL><LI><a href="#[141]">&gt;&gt;</a>&nbsp;&nbsp;&nbsp;printk
</UL>

<P><STRONG><a name="[145]"></a>printk_pad_space</STRONG> (Thumb, 38 bytes, Stack size 24 bytes, printf.o(i.printk_pad_space))
<BR><BR>[Stack]<UL><LI>Max Depth = 40<LI>Call Chain = printk_pad_space &rArr; printk_putc
</UL>
<BR>[Calls]<UL><LI><a href="#[142]">&gt;&gt;</a>&nbsp;&nbsp;&nbsp;printk_putc
</UL>
<BR>[Called By]<UL><LI><a href="#[141]">&gt;&gt;</a>&nbsp;&nbsp;&nbsp;printk
</UL>

<P><STRONG><a name="[144]"></a>printk_pad_zero</STRONG> (Thumb, 38 bytes, Stack size 24 bytes, printf.o(i.printk_pad_zero))
<BR><BR>[Stack]<UL><LI>Max Depth = 40<LI>Call Chain = printk_pad_zero &rArr; printk_putc
</UL>
<BR>[Calls]<UL><LI><a href="#[142]">&gt;&gt;</a>&nbsp;&nbsp;&nbsp;printk_putc
</UL>
<BR>[Called By]<UL><LI><a href="#[141]">&gt;&gt;</a>&nbsp;&nbsp;&nbsp;printk
</UL>

<P><STRONG><a name="[142]"></a>printk_putc</STRONG> (Thumb, 52 bytes, Stack size 16 bytes, printf.o(i.printk_putc))
<BR><BR>[Stack]<UL><LI>Max Depth = 16<LI>Call Chain = printk_putc
</UL>
<BR>[Called By]<UL><LI><a href="#[141]">&gt;&gt;</a>&nbsp;&nbsp;&nbsp;printk
<LI><a href="#[144]">&gt;&gt;</a>&nbsp;&nbsp;&nbsp;printk_pad_zero
<LI><a href="#[145]">&gt;&gt;</a>&nbsp;&nbsp;&nbsp;printk_pad_space
</UL>

<P><STRONG><a name="[155]"></a>_dadd1</STRONG> (Thumb, 0 bytes, Stack size unknown bytes, daddsub_clz.o(x$fpl$dadd), UNUSED)
<BR><BR>[Called By]<UL><LI><a href="#[154]">&gt;&gt;</a>&nbsp;&nbsp;&nbsp;_dsub
</UL>

<P><STRONG><a name="[14f]"></a>_dsub1</STRONG> (Thumb, 0 bytes, Stack size unknown bytes, daddsub_clz.o(x$fpl$dsub), UNUSED)
<BR><BR>[Called By]<UL><LI><a href="#[14e]">&gt;&gt;</a>&nbsp;&nbsp;&nbsp;_dadd
</UL>

<P><STRONG><a name="[e]"></a>_printf_input_char</STRONG> (Thumb, 10 bytes, Stack size 0 bytes, _printf_char_common.o(.text))
<BR>[Address Reference Count : 1]<UL><LI> _printf_char_common.o(.text)
</UL><P>
<H3>
Undefined Global Symbols
</H3><HR></body></html>
