Component: ARM Compiler 5.06 update 6 (build 750) Tool: armlink [4d35ed]

==============================================================================

Section Cross References

    main.o(i.main) refers to main.o(i.WDOG_disable) for WDOG_disable
    main.o(i.main) refers to clocks_and_modes.o(i.SOSC_init_8MHz) for SOSC_init_8MHz
    main.o(i.main) refers to clocks_and_modes.o(i.SPLL_init_160MHz) for SPLL_init_160MHz
    main.o(i.main) refers to clocks_and_modes.o(i.NormalRUNmode_80MHz) for NormalRUNmode_80MHz
    main.o(i.main) refers to uart.o(i.uartInit) for uartInit
    main.o(i.main) refers to uart.o(i.uartIrqInit) for uartIrqInit
    main.o(i.main) refers to canbus.o(i.Canbus0Init) for Canbus0Init
    main.o(i.main) refers to canbus.o(i.Canbus0IrqInit) for Canbus0IrqInit
    main.o(i.main) refers to rt_memclr_w.o(.text) for __aeabi_memclr4
    main.o(i.main) refers to uart.o(i.uartReadIrq) for uartReadIrq
    main.o(i.main) refers to main.o(i.decode) for decode
    main.o(i.main) refers to canbus.o(i.Canbus0Send) for Canbus0Send
    main.o(i.main) refers to main.o(i.delay) for delay
    main.o(i.main) refers to main.o(.constdata) for .constdata
    main.o(i.main) refers to main.o(.data) for k1
    main.o(i.main) refers to aeabi_memset.o(.text) for __aeabi_memset
    uart.o(i.LPUART0_RxTx_IRQHandler) refers to nxpqueue.o(i.getQueueLen) for getQueueLen
    uart.o(i.LPUART0_RxTx_IRQHandler) refers to nxpqueue.o(i.deQueue) for deQueue
    uart.o(i.LPUART0_RxTx_IRQHandler) refers to nxpqueue.o(i.enQueue) for enQueue
    uart.o(i.LPUART0_RxTx_IRQHandler) refers to uart.o(.bss) for str_sendQueue0
    uart.o(i.LPUART0_RxTx_IRQHandler) refers to uart.o(.data) for uart0_sendNum
    uart.o(i.LPUART1_RxTx_IRQHandler) refers to nxpqueue.o(i.getQueueLen) for getQueueLen
    uart.o(i.LPUART1_RxTx_IRQHandler) refers to nxpqueue.o(i.deQueue) for deQueue
    uart.o(i.LPUART1_RxTx_IRQHandler) refers to nxpqueue.o(i.enQueue) for enQueue
    uart.o(i.LPUART1_RxTx_IRQHandler) refers to uart.o(.bss) for str_sendQueue1
    uart.o(i.LPUART1_RxTx_IRQHandler) refers to uart.o(.data) for uart1_sendNum
    uart.o(i.uartInit) refers to rt_memcpy_w.o(.text) for __aeabi_memcpy4
    uart.o(i.uartInit) refers to nxpqueue.o(i.initQueue) for initQueue
    uart.o(i.uartInit) refers to dflt_clz.o(x$fpl$dflt) for __aeabi_i2d
    uart.o(i.uartInit) refers to dflt_clz.o(x$fpl$dfltu) for __aeabi_ui2d
    uart.o(i.uartInit) refers to ddiv.o(x$fpl$ddiv) for __aeabi_ddiv
    uart.o(i.uartInit) refers to daddsub_clz.o(x$fpl$dadd) for __aeabi_dadd
    uart.o(i.uartInit) refers to dfix.o(x$fpl$dfix) for __aeabi_d2iz
    uart.o(i.uartInit) refers to uart.o(.constdata) for .constdata
    uart.o(i.uartInit) refers to uart.o(.data) for queueMaxSize
    uart.o(i.uartInit) refers to uart.o(.bss) for str_recvQueue0
    uart.o(i.uartIrqInit) refers to uart.o(.data) for uartIrq
    uart.o(i.uartReadIrq) refers to rt_memcpy_v6.o(.text) for __aeabi_memcpy
    uart.o(i.uartReadIrq) refers to uart.o(.data) for queueMaxSize
    uart.o(i.uartReadIrq) refers to uart.o(.bss) for uart0_recv
    uart.o(i.uartReadIrqReset) refers to rt_memclr_w.o(.text) for __aeabi_memclr4
    uart.o(i.uartReadIrqReset) refers to uart.o(.data) for uart0_needReadNum
    uart.o(i.uartReadIrqReset) refers to uart.o(.bss) for uart0_recv
    uart.o(i.uartSendIrq) refers to nxpqueue.o(i.enQueue) for enQueue
    uart.o(i.uartSendIrq) refers to uart.o(.data) for queueMaxSize
    uart.o(i.uartSendIrq) refers to uart.o(.bss) for str_sendQueue0
    uart.o(i.uartSendStatusGet) refers to uart.o(.data) for uart0_sendStatus
    nxpqueue.o(i.deQueue) refers to nxpqueue.o(i.isEmpityQueue) for isEmpityQueue
    nxpqueue.o(i.deQueueCan) refers to nxpqueue.o(i.isEmpityQueueCan) for isEmpityQueueCan
    nxpqueue.o(i.destroyQueue) refers to h1_free.o(.text) for free
    nxpqueue.o(i.destroyQueueCan) refers to h1_free.o(.text) for free
    nxpqueue.o(i.enQueue) refers to nxpqueue.o(i.isFullQueue) for isFullQueue
    nxpqueue.o(i.enQueue) refers to nxpqueue.o(i.deQueue) for deQueue
    nxpqueue.o(i.enQueueCan) refers to nxpqueue.o(i.isFullQueueCan) for isFullQueueCan
    nxpqueue.o(i.enQueueCan) refers to nxpqueue.o(i.deQueueCan) for deQueueCan
    nxpqueue.o(i.initQueue) refers to h1_alloc.o(.text) for malloc
    nxpqueue.o(i.initQueueCan) refers to h1_alloc.o(.text) for malloc
    nxpqueue.o(i.queueTraverse) refers to noretval__2printf.o(.text) for __2printf
    nxpqueue.o(i.queueTraverseCan) refers to noretval__2printf.o(.text) for __2printf
    timer.o(i.LPIT0_Ch0_IRQHandler) refers to timer.o(.data) for heartbeatLpit
    timer.o(i.LPIT0_Ch0_IRQHandler) refers to timer.o(.bss) for timerLpit
    timer.o(i.LPIT0_init) refers to timer.o(.data) for timeInitFlag
    timer.o(i.LPTMR0_IRQHandler) refers to timer.o(.data) for modeTemp
    timer.o(i.LPTMR0_IRQHandler) refers to timer.o(.bss) for timer
    timer.o(i.LPTMR_Reset) refers to timer.o(.data) for timeInitFlag
[...]
    ../clib/angel/rt.s                       0x00000000   Number         0  rt_heap_descriptor_intlibspace.o ABSOLUTE
    ../clib/angel/rt.s                       0x00000000   Number         0  rt_ctype_table.o ABSOLUTE
    ../clib/angel/scatter.s                  0x00000000   Number         0  __scatter.o ABSOLUTE
    ../clib/angel/startup.s                  0x00000000   Number         0  __main.o ABSOLUTE
    ../clib/angel/sys.s                      0x00000000   Number         0  libspace.o ABSOLUTE
    ../clib/angel/sys.s                      0x00000000   Number         0  sys_stackheap.o ABSOLUTE
    ../clib/angel/sys.s                      0x00000000   Number         0  use_no_semi.o ABSOLUTE
    ../clib/angel/sys.s                      0x00000000   Number         0  indicate_semi.o ABSOLUTE
    ../clib/angel/sys.s                      0x00000000   Number         0  sys_stackheap_outer.o ABSOLUTE
    ../clib/angel/sys.s                      0x00000000   Number         0  mutex_dummy.o ABSOLUTE
    ../clib/angel/sysapp.c                   0x00000000   Number         0  sys_command.o ABSOLUTE
    ../clib/angel/sysapp.c                   0x00000000   Number         0  sys_io.o ABSOLUTE
    ../clib/angel/sysapp.c                   0x00000000   Number         0  sys_wrch.o ABSOLUTE
    ../clib/angel/sysapp.c                   0x00000000   Number         0  sys_exit.o ABSOLUTE
    ../clib/armsys.c                         0x00000000   Number         0  _get_argv.o ABSOLUTE
    ../clib/armsys.c                         0x00000000   Number         0  argv_veneer.o ABSOLUTE
    ../clib/armsys.c                         0x00000000   Number         0  no_argv.o ABSOLUTE
    ../clib/armsys.c                         0x00000000   Number         0  _get_argv_nomalloc.o ABSOLUTE
    ../clib/armsys.c                         0x00000000   Number         0  argv_veneer.o ABSOLUTE
    ../clib/assert.c                         0x00000000   Number         0  assert_stdio.o ABSOLUTE
    ../clib/heap1.c                          0x00000000   Number         0  h1_extend_mt.o ABSOLUTE
    ../clib/heap1.c                          0x00000000   Number         0  h1_free_mt.o ABSOLUTE
    ../clib/heap1.c                          0x00000000   Number         0  h1_final_mt.o ABSOLUTE
    ../clib/heap1.c                          0x00000000   Number         0  h1_extend.o ABSOLUTE
    ../clib/heap1.c                          0x00000000   Number         0  h1_alloc_mt.o ABSOLUTE
    ../clib/heap1.c                          0x00000000   Number         0  h1_free.o ABSOLUTE
    ../clib/heap1.c                          0x00000000   Number         0  h1_init.o ABSOLUTE
    ../clib/heap1.c                          0x00000000   Number         0  h1_alloc.o ABSOLUTE
    ../clib/heap1.c                          0x00000000   Number         0  h1_final.o ABSOLUTE
    ../clib/heap1.c                          0x00000000   Number         0  h1_init_mt.o ABSOLUTE
    ../clib/heap2.c                          0x00000000   Number         0  heap2mt.o ABSOLUTE
    ../clib/heap2.c                          0x00000000   Number         0  heap2.o ABSOLUTE
    ../clib/heap2.c                          0x00000000   Number         0  fdtree.o ABSOLUTE
    ../clib/heapalloc.c                      0x00000000   Number         0  maybetermalloc2.o ABSOLUTE
    ../clib/heapalloc.c                      0x00000000   Number         0  maybetermalloc1.o ABSOLUTE
    ../clib/heapalloc.c                      0x00000000   Number         0  term_alloc.o ABSOLUTE
    ../clib/heapalloc.c                      0x00000000   Number         0  init_alloc.o ABSOLUTE
    ../clib/heapalloc.c                      0x00000000   Number         0  hguard.o ABSOLUTE
    ../clib/heapalloc.c                      0x00000000   Number         0  hrguard.o ABSOLUTE
    ../clib/heapalloc.c                      0x00000000   Number         0  malloc.o ABSOLUTE
    ../clib/heapalloc.c                      0x00000000   Number         0  free.o ABSOLUTE
    ../clib/heapalloc.c                      0x00000000   Number         0  maybetermalloc2.o ABSOLUTE
    ../clib/heapalloc.c                      0x00000000   Number         0  maybetermalloc1.o ABSOLUTE
    ../clib/heapalloc.c                      0x00000000   Number         0  heapstubs.o ABSOLUTE
    ../clib/heapaux.c                        0x00000000   Number         0  heapauxa.o ABSOLUTE
    ../clib/heapaux.c                        0x00000000   Number         0  heapauxi.o ABSOLUTE
    ../clib/libinit.s                        0x00000000   Number         0  libshutdown2.o ABSOLUTE
    ../clib/libinit.s                        0x00000000   Number         0  libinit.o ABSOLUTE
    ../clib/libinit.s                        0x00000000   Number         0  libinit2.o ABSOLUTE
    ../clib/libinit.s                        0x00000000   Number         0  libinit5.o ABSOLUTE
    ../clib/libinit.s                        0x00000000   Number         0  libshutdown.o ABSOLUTE
    ../clib/locale.c                         0x00000000   Number         0  _wcrtomb.o ABSOLUTE
    ../clib/locale.c                         0x00000000   Number         0  locale_r.o ABSOLUTE
    ../clib/locale.c                         0x00000000   Number         0  locale.o ABSOLUTE
    ../clib/locale.c                         0x00000000   Number         0  wcstombs.o ABSOLUTE
    ../clib/locale.s                         0x00000000   Number         0  lc_ctype_c.o ABSOLUTE
    ../clib/locale.s                         0x00000000   Number         0  null_locale.o ABSOLUTE
    ../clib/memcpset.s                       0x00000000   Number         0  rt_memclr_w.o ABSOLUTE
    ../clib/memcpset.s                       0x00000000   Number         0  strcmpv7m.o ABSOLUTE
    ../clib/memcpset.s                       0x00000000   Number         0  rt_memclr.o ABSOLUTE
    ../clib/memcpset.s                       0x00000000   Number         0  strncpy.o ABSOLUTE
    ../clib/memcpset.s                       0x00000000   Number         0  rt_memcpy_v6.o ABSOLUTE
    ../clib/memcpset.s                       0x00000000   Number         0  rt_memcpy_w.o ABSOLUTE
    ../clib/memcpset.s                       0x00000000   Number         0  aeabi_memset.o ABSOLUTE
    ../clib/misc.s                           0x00000000   Number         0  printf_stubs.o ABSOLUTE
    ../clib/printf.c                         0x00000000   Number         0  _printf_char_common.o ABSOLUTE
    ../clib/printf.c                         0x00000000   Number         0  __printf_flags_ss_wp.o ABSOLUTE
    ../clib/printf.c                         0x00000000   Number         0  __printf_flags_wp.o ABSOLUTE
    ../clib/printf.c                         0x00000000   Number         0  __printf.o ABSOLUTE
    ../clib/printf.c                         0x00000000   Number         0  __printf_nopercent.o ABSOLUTE
    ../clib/printf.c                         0x00000000   Number         0  noretval__2sprintf.o ABSOLUTE
    ../clib/printf.c                         0x00000000   Number         0  noretval__2printf.o ABSOLUTE
    ../clib/printf.c                         0x00000000   Number         0  _printf_hex_ll.o ABSOLUTE
    ../clib/printf.c                         0x00000000   Number         0  _printf_hex_int.o ABSOLUTE
    ../clib/printf.c                         0x00000000   Number         0  _printf_hex_int_ll.o ABSOLUTE
    ../clib/printf.c                         0x00000000   Number         0  __printf_ss_wp.o ABSOLUTE
    ../clib/printf.c                         0x00000000   Number         0  _printf_char_file.o ABSOLUTE
    ../clib/printf.c                         0x00000000   Number         0  _sputc.o ABSOLUTE
    ../clib/printf.c                         0x00000000   Number         0  _printf_intcommon.o ABSOLUTE
    ../clib/printf.c                         0x00000000   Number         0  _printf_hex_ptr.o ABSOLUTE
    ../clib/printf.c                         0x00000000   Number         0  _printf_hex_int_ptr.o ABSOLUTE
    ../clib/printf.c                         0x00000000   Number         0  _printf_hex_ll_ptr.o ABSOLUTE
    ../clib/printf.c                         0x00000000   Number         0  _printf_hex_int_ll_ptr.o ABSOLUTE
    ../clib/printf.c                         0x00000000   Number         0  __2sprintf.o ABSOLUTE
    ../clib/printf.c                         0x00000000   Number         0  __printf_flags.o ABSOLUTE
    ../clib/printf.c                         0x00000000   Number         0  __printf_ss.o ABSOLUTE
    ../clib/printf.c                         0x00000000   Number         0  _printf_pad.o ABSOLUTE
    ../clib/printf.c                         0x00000000   Number         0  _printf_char_file_locked.o ABSOLUTE
    ../clib/printf.c                         0x00000000   Number         0  __printf_flags_ss.o ABSOLUTE
    ../clib/printf.c                         0x00000000   Number         0  __2printf.o ABSOLUTE
    ../clib/printf.c                         0x00000000   Number         0  __printf_wp.o ABSOLUTE
    ../clib/printf_percent.s                 0x00000000   Number         0  _printf_x.o ABSOLUTE
    ../clib/printf_percent.s                 0x00000000   Number         0  _printf_percent_end.o ABSOLUTE
    ../clib/printf_percent.s                 0x00000000   Number         0  _printf_percent.o ABSOLUTE
    ../clib/signal.c                         0x00000000   Number         0  defsig_fpe_inner.o ABSOLUTE
    ../clib/signal.c                         0x00000000   Number         0  defsig_abrt_inner.o ABSOLUTE
    ../clib/signal.c                         0x00000000   Number         0  defsig_rtred_inner.o ABSOLUTE
    ../clib/signal.c                         0x00000000   Number         0  defsig_general.o ABSOLUTE
    ../clib/signal.c                         0x00000000   Number         0  defsig_rtmem_inner.o ABSOLUTE
    ../clib/signal.c                         0x00000000   Number         0  defsig_rtred_formal.o ABSOLUTE
    ../clib/signal.c                         0x00000000   Number         0  defsig_stak_inner.o ABSOLUTE
    ../clib/signal.c                         0x00000000   Number         0  defsig_pvfn_inner.o ABSOLUTE
    ../clib/signal.c                         0x00000000   Number         0  defsig_cppl_inner.o ABSOLUTE
    ../clib/signal.c                         0x00000000   Number         0  defsig_segv_inner.o ABSOLUTE
    ../clib/signal.c                         0x00000000   Number         0  defsig_other.o ABSOLUTE
    ../clib/signal.c                         0x00000000   Number         0  defsig_rtred_outer.o ABSOLUTE
    ../clib/signal.c                         0x00000000   Number         0  defsig_exit.o ABSOLUTE
    ../clib/signal.c                         0x00000000   Number         0  defsig_rtmem_formal.o ABSOLUTE
    ../clib/signal.c                         0x00000000   Number         0  defsig_rtmem_outer.o ABSOLUTE
    ../clib/signal.c                         0x00000000   Number         0  __raise.o ABSOLUTE
    ../clib/signal.s                         0x00000000   Number         0  defsig.o ABSOLUTE
    ../clib/stdio.c                          0x00000000   Number         0  fopen.o ABSOLUTE
    ../clib/stdio.c                          0x00000000   Number         0  fputc_locked.o ABSOLUTE
    ../clib/stdio.c                          0x00000000   Number         0  fflush_locked.o ABSOLUTE
    ../clib/stdio.c                          0x00000000   Number         0  flsbuf.o ABSOLUTE
    ../clib/stdio.c                          0x00000000   Number         0  setvbuf.o ABSOLUTE
    ../clib/stdio.c                          0x00000000   Number         0  streamlock.o ABSOLUTE
    ../clib/stdio.c                          0x00000000   Number         0  ferror.o ABSOLUTE
    ../clib/stdio.c                          0x00000000   Number         0  fputs.o ABSOLUTE
    ../clib/stdio.c                          0x00000000   Number         0  stdio.o ABSOLUTE
    ../clib/stdio.c                          0x00000000   Number         0  fclose.o ABSOLUTE
    ../clib/stdio.c                          0x00000000   Number         0  setvbuf_locked.o ABSOLUTE
    ../clib/stdio.c                          0x00000000   Number         0  fopen_locked.o ABSOLUTE
    ../clib/stdio.c                          0x00000000   Number         0  initio.o ABSOLUTE
    ../clib/stdio.c                          0x00000000   Number         0  ftell.o ABSOLUTE
    ../clib/stdio.c                          0x00000000   Number         0  fputs_locked.o ABSOLUTE
    ../clib/stdio.c                          0x00000000   Number         0  fseek.o ABSOLUTE
    ../clib/stdio.c                          0x00000000   Number         0  fputc.o ABSOLUTE
    ../clib/stdio.c                          0x00000000   Number         0  fwritefast.o ABSOLUTE
    ../clib/stdio.c                          0x00000000   Number         0  fwritefast_locked.o ABSOLUTE
    ../clib/stdio.c                          0x00000000   Number         0  fflush.o ABSOLUTE
    ../clib/stdio.c                          0x00000000   Number         0  stdio_streams.o ABSOLUTE
    ../clib/stdio.c                          0x00000000   Number         0  initio_locked.o ABSOLUTE
    ../clib/stdio.c                          0x00000000   Number         0  ferror_locked.o ABSOLUTE
    ../clib/stdlib.c                         0x00000000   Number         0  exit.o ABSOLUTE
    ../clib/string.c                         0x00000000   Number         0  strcat.o ABSOLUTE
    ../clib/string.c                         0x00000000   Number         0  strlen.o ABSOLUTE
    ../clib/string.c                         0x00000000   Number         0  strncmp.o ABSOLUTE
    ../clib/wchar.c                          0x00000000   Number         0  flsbuf_fwide.o ABSOLUTE
    ../fplib/daddsub.s                       0x00000000   Number         0  daddsub_clz.o ABSOLUTE
    ../fplib/ddiv.s                          0x00000000   Number         0  ddiv.o ABSOLUTE
    ../fplib/dfix.s                          0x00000000   Number         0  dfix.o ABSOLUTE
    ../fplib/dflt.s                          0x00000000   Number         0  dflt_clz.o ABSOLUTE
    ../fplib/dnaninf.s                       0x00000000   Number         0  dnaninf.o ABSOLUTE
    ../fplib/dretinf.s                       0x00000000   Number         0  dretinf.o ABSOLUTE
    ../fplib/fpinit.s                        0x00000000   Number         0  fpinit.o ABSOLUTE
    ../fplib/usenofp.s                       0x00000000   Number         0  usenofp.o ABSOLUTE
    C:\Users\Administrator\AppData\Local\Arm\Packs\Keil\S32_SDK_DFP\1.2.0\platform\devices\startup.c 0x00000000   Number         0  startup.o ABSOLUTE
    C:\\Users\\Administrator\\AppData\\Local\\Arm\\Packs\\Keil\\S32_SDK_DFP\\1.2.0\\platform\\devices\\startup.c 0x00000000   Number         0  startup.o ABSOLUTE
    Generated_Code\\clock.c                  0x00000000   Number         0  clock.o ABSOLUTE
    Generated_Code\\lowPower.c               0x00000000   Number         0  lowpower.o ABSOLUTE
    Generated_Code\clock.c                   0x00000000   Number         0  clock.o ABSOLUTE
    Generated_Code\lowPower.c                0x00000000   Number         0  lowpower.o ABSOLUTE
    RTE\Device\S32K142HAxxxLHx\startup_S32K142.s 0x00000000   Number         0  startup_s32k142.o ABSOLUTE
    RTE\Device\S32K142HAxxxLHx\system_S32K142.c 0x00000000   Number         0  system_s32k142.o ABSOLUTE
    RTE\\Device\\S32K142HAxxxLHx\\system_S32K142.c 0x00000000   Number         0  system_s32k142.o ABSOLUTE
    dc.s                                     0x00000000   Number         0  dc.o ABSOLUTE
    equipLib\mem909s.c                       0x00000000   Number         0  mem909s.o ABSOLUTE
    equipLib\wdgTps.c                        0x00000000   Number         0  wdgtps.o ABSOLUTE
    nxpLib\\canbus.c                         0x00000000   Number         0  canbus.o ABSOLUTE
    nxpLib\\clocks_and_modes.c               0x00000000   Number         0  clocks_and_modes.o ABSOLUTE
    nxpLib\\gpio.c                           0x00000000   Number         0  gpio.o ABSOLUTE
    nxpLib\\powerMan.c                       0x00000000   Number         0  powerman.o ABSOLUTE
    nxpLib\\powerManger.c                    0x00000000   Number         0  powermanger.o ABSOLUTE
    nxpLib\\printf.c                         0x00000000   Number         0  printf.o ABSOLUTE
    nxpLib\\timer.c                          0x00000000   Number         0  timer.o ABSOLUTE
    nxpLib\\uart.c                           0x00000000   Number         0  uart.o ABSOLUTE
    nxpLib\\watchdog.c                       0x00000000   Number         0  watchdog.o ABSOLUTE
    nxpLib\canbus.c                          0x00000000   Number         0  canbus.o ABSOLUTE
    nxpLib\clocks_and_modes.c                0x00000000   Number         0  clocks_and_modes.o ABSOLUTE
    nxpLib\gpio.c                            0x00000000   Number         0  gpio.o ABSOLUTE
    nxpLib\nxpQueue.c                        0x00000000   Number         0  nxpqueue.o ABSOLUTE
    nxpLib\powerMan.c                        0x00000000   Number         0  powerman.o ABSOLUTE
    nxpLib\powerManger.c                     0x00000000   Number         0  powermanger.o ABSOLUTE
    nxpLib\printf.c                          0x00000000   Number         0  printf.o ABSOLUTE
    nxpLib\timer.c                           0x00000000   Number         0  timer.o ABSOLUTE
    nxpLib\uart.c                            0x00000000   Number         0  uart.o ABSOLUTE
    nxpLib\watchdog.c                        0x00000000   Number         0  watchdog.o ABSOLUTE
    src\\main.c                              0x00000000   Number         0  main.o ABSOLUTE
    src\main.c                               0x00000000   Number         0  main.o ABSOLUTE
    FlashConfig                              0x00000400   Section       16  startup_s32k142.o(FlashConfig)
    !!!main                                  0x00000410   Section        8  __main.o(!!!main)
    !!!scatter                               0x00000418   Section       52  __scatter.o(!!!scatter)
    !!handler_copy                           0x0000044c   Section       26  __scatter_copy.o(!!handler_copy)
    !!handler_zi                             0x00000468   Section       28  __scatter_zi.o(!!handler_zi)
    .ARM.Collect$$libinit$$00000000          0x00000484   Section        2  libinit.o(.ARM.Collect$$libinit$$00000000)
    .ARM.Collect$$libinit$$00000001          0x00000486   Section        4  libinit2.o(.ARM.Collect$$libinit$$00000001)
    .ARM.Collect$$libinit$$00000004          0x0000048a   Section        0  libinit2.o(.ARM.Collect$$libinit$$00000004)
    .ARM.Collect$$libinit$$00000008          0x0000048a   Section        8  libinit5.o(.ARM.Collect$$libinit$$00000008)
    .ARM.Collect$$libinit$$0000000A          0x00000492   Section        0  libinit2.o(.ARM.Collect$$libinit$$0000000A)
    .ARM.Collect$$libinit$$0000000C          0x00000492   Section        0  libinit2.o(.ARM.Collect$$libinit$$0000000C)
    .ARM.Collect$$libinit$$0000000E          0x00000492   Section        0  libinit2.o(.ARM.Collect$$libinit$$0000000E)
    .ARM.Collect$$libinit$$00000011          0x00000492   Section        0  libinit2.o(.ARM.Collect$$libinit$$00000011)
    .ARM.Collect$$libinit$$00000013          0x00000492   Section        0  libinit2.o(.ARM.Collect$$libinit$$00000013)
    .ARM.Collect$$libinit$$00000015          0x00000492   Section        0  libinit2.o(.ARM.Collect$$libinit$$00000015)
    .ARM.Collect$$libinit$$00000017          0x00000492   Section        0  libinit2.o(.ARM.Collect$$libinit$$00000017)
    .ARM.Collect$$libinit$$00000019          0x00000492   Section        0  libinit2.o(.ARM.Collect$$libinit$$00000019)
    .ARM.Collect$$libinit$$0000001B          0x00000492   Section        0  libinit2.o(.ARM.Collect$$libinit$$0000001B)
    .ARM.Collect$$libinit$$0000001D          0x00000492   Section        0  libinit2.o(.ARM.Collect$$libinit$$0000001D)
    .ARM.Collect$$libinit$$0000001F          0x00000492   Section        0  libinit2.o(.ARM.Collect$$libinit$$0000001F)
    .ARM.Collect$$libinit$$00000021          0x00000492   Section        0  libinit2.o(.ARM.Collect$$libinit$$00000021)
    .ARM.Collect$$libinit$$00000023          0x00000492   Section        0  libinit2.o(.ARM.Collect$$libinit$$00000023)
    .ARM.Collect$$libinit$$00000025          0x00000492   Section        0  libinit2.o(.ARM.Collect$$libinit$$00000025)
    .ARM.Collect$$libinit$$0000002C          0x00000492   Section        0  libinit2.o(.ARM.Collect$$libinit$$0000002C)
    .ARM.Collect$$libinit$$0000002E          0x00000492   Section        0  libinit2.o(.ARM.Collect$$libinit$$0000002E)
    .ARM.Collect$$libinit$$00000030          0x00000492   Section        0  libinit2.o(.ARM.Collect$$libinit$$00000030)
    .ARM.Collect$$libinit$$00000032          0x00000492   Section        0  libinit2.o(.ARM.Collect$$libinit$$00000032)
    .ARM.Collect$$libinit$$00000033          0x00000492   Section        2  libinit2.o(.ARM.Collect$$libinit$$00000033)
    .ARM.Collect$$libinit$$00002719          0x00000494   Section        8  libinit5.o(.ARM.Collect$$libinit$$00002719)
    __lit__00000000                          0x00000494   Data           4  libinit5.o(.ARM.Collect$$libinit$$00002719)
    __lit__00000001                          0x00000498   Data           4  libinit5.o(.ARM.Collect$$libinit$$00002719)
    .ARM.Collect$$libshutdown$$00000000      0x0000049c   Section        2  libshutdown.o(.ARM.Collect$$libshutdown$$00000000)
    .ARM.Collect$$libshutdown$$00000002      0x0000049e   Section        0  libshutdown2.o(.ARM.Collect$$libshutdown$$00000002)
    .ARM.Collect$$libshutdown$$00000004      0x0000049e   Section        0  libshutdown2.o(.ARM.Collect$$libshutdown$$00000004)
    .ARM.Collect$$libshutdown$$00000007      0x0000049e   Section        0  libshutdown2.o(.ARM.Collect$$libshutdown$$00000007)
    .ARM.Collect$$libshutdown$$0000000A      0x0000049e   Section        0  libshutdown2.o(.ARM.Collect$$libshutdown$$0000000A)
    .ARM.Collect$$libshutdown$$0000000C      0x0000049e   Section        0  libshutdown2.o(.ARM.Collect$$libshutdown$$0000000C)
    .ARM.Collect$$libshutdown$$0000000F      0x0000049e   Section        0  libshutdown2.o(.ARM.Collect$$libshutdown$$0000000F)
    .ARM.Collect$$libshutdown$$00000010      0x0000049e   Section        2  libshutdown2.o(.ARM.Collect$$libshutdown$$00000010)
    .ARM.Collect$$rtentry$$00000000          0x000004a0   Section        0  __rtentry.o(.ARM.Collect$$rtentry$$00000000)
    .ARM.Collect$$rtentry$$00000002          0x000004a0   Section        0  __rtentry2.o(.ARM.Collect$$rtentry$$00000002)
    .ARM.Collect$$rtentry$$00000007          0x000004a0   Section        4  __rtentry7.o(.ARM.Collect$$rtentry$$00000007)
    .ARM.Collect$$rtentry$$00000009          0x000004a4   Section        0  __rtentry2.o(.ARM.Collect$$rtentry$$00000009)
    .ARM.Collect$$rtentry$$0000000A          0x000004a4   Section        4  __rtentry2.o(.ARM.Collect$$rtentry$$0000000A)
    .ARM.Collect$$rtentry$$0000000C          0x000004a8   Section        0  __rtentry2.o(.ARM.Collect$$rtentry$$0000000C)
    .ARM.Collect$$rtentry$$0000000D          0x000004a8   Section        8  __rtentry2.o(.ARM.Collect$$rtentry$$0000000D)
    .ARM.Collect$$rtentry$$00002718          0x000004b0   Section        4  __rtentry7.o(.ARM.Collect$$rtentry$$00002718)
    __lit__00000000                          0x000004b0   Data           4  __rtentry7.o(.ARM.Collect$$rtentry$$00002718)
    .ARM.Collect$$rtexit$$00000000           0x000004b4   Section        2  rtexit.o(.ARM.Collect$$rtexit$$00000000)
    .ARM.Collect$$rtexit$$00000002           0x000004b6   Section        0  rtexit2.o(.ARM.Collect$$rtexit$$00000002)
    .ARM.Collect$$rtexit$$00000003           0x000004b6   Section        4  rtexit2.o(.ARM.Collect$$rtexit$$00000003)
    .ARM.Collect$$rtexit$$00000004           0x000004ba   Section        6  rtexit2.o(.ARM.Collect$$rtexit$$00000004)
    .emb_text                                0x000004c0   Section        0  maybetermalloc1.o(.emb_text)
    .text                                    0x000004c0   Section       56  startup_s32k142.o(.text)
    $v0                                      0x000004c0   Number         0  startup_s32k142.o(.text)
    .text                                    0x000004f8   Section        0  h1_alloc.o(.text)
    .text                                    0x00000556   Section        0  h1_free.o(.text)
    .text                                    0x000005a4   Section      138  rt_memcpy_v6.o(.text)
    .text                                    0x0000062e   Section      100  rt_memcpy_w.o(.text)
    .text                                    0x00000692   Section       16  aeabi_memset.o(.text)
    .text                                    0x000006a2   Section       68  rt_memclr.o(.text)
    .text                                    0x000006e6   Section       78  rt_memclr_w.o(.text)
    .text                                    0x00000734   Section        8  rt_heap_descriptor_intlibspace.o(.text)
    .text                                    0x0000073c   Section        0  hguard.o(.text)
    .text                                    0x00000740   Section        0  init_alloc.o(.text)
    .text                                    0x000007ca   Section        0  h1_init.o(.text)
    .text                                    0x000007d8   Section        0  h1_extend.o(.text)
    .text                                    0x0000080c   Section        0  defsig_rtmem_outer.o(.text)
    .text                                    0x0000081a   Section        2  use_no_semi.o(.text)
    .text                                    0x0000081c   Section        0  exit.o(.text)
    .text                                    0x0000081c   Section        0  indicate_semi.o(.text)
    .text                                    0x0000082e   Section        0  defsig_exit.o(.text)
    .text                                    0x00000838   Section        0  defsig_rtmem_inner.o(.text)
    .text                                    0x00000888   Section        0  sys_exit.o(.text)
    .text                                    0x00000894   Section        0  defsig_general.o(.text)
    .text                                    0x000008c6   Section        0  sys_wrch.o(.text)
    i.CAN0_ORed_0_15_MB_IRQHandler           0x000008d4   Section        0  canbus.o(i.CAN0_ORed_0_15_MB_IRQHandler)
    i.CAN0_ORed_16_31_MB_IRQHandler          0x000008e4   Section        0  canbus.o(i.CAN0_ORed_16_31_MB_IRQHandler)
    i.CAN0_Wake_Up_IRQHandler                0x000008f4   Section        0  lowpower.o(i.CAN0_Wake_Up_IRQHandler)
    i.CAN1_ORed_0_15_MB_IRQHandler           0x00000944   Section        0  canbus.o(i.CAN1_ORed_0_15_MB_IRQHandler)
    i.Canbus0Init                            0x00000954   Section        0  canbus.o(i.Canbus0Init)
    i.Canbus0IrqInit                         0x00000acc   Section        0  canbus.o(i.Canbus0IrqInit)
    i.Canbus0Recv                            0x00000af4   Section        0  canbus.o(i.Canbus0Recv)
    i.Canbus0Send                            0x00000c70   Section        0  canbus.o(i.Canbus0Send)
    i.Canbus1Recv                            0x00000d14   Section        0  canbus.o(i.Canbus1Recv)
    i.LPIT0_Ch0_IRQHandler                   0x00000e94   Section        0  timer.o(i.LPIT0_Ch0_IRQHandler)
    i.LPTMR0_IRQHandler                      0x00000f10   Section        0  timer.o(i.LPTMR0_IRQHandler)
    i.LPUART0_RxTx_IRQHandler                0x00000f9c   Section        0  uart.o(i.LPUART0_RxTx_IRQHandler)
    i.LPUART1_RxTx_IRQHandler                0x00001064   Section        0  uart.o(i.LPUART1_RxTx_IRQHandler)
    i.NormalRUNmode_80MHz                    0x0000112c   Section        0  clocks_and_modes.o(i.NormalRUNmode_80MHz)
    i.SOSC_init_8MHz                         0x00001158   Section        0  clocks_and_modes.o(i.SOSC_init_8MHz)
    i.SPLL_init_160MHz                       0x0000119c   Section        0  clocks_and_modes.o(i.SPLL_init_160MHz)
    i.SystemInit                             0x000011fc   Section        0  system_s32k142.o(i.SystemInit)
    i.WDOG_EWM_IRQHandler                    0x0000123c   Section        0  watchdog.o(i.WDOG_EWM_IRQHandler)
    i.WDOG_disable                           0x00001250   Section        0  main.o(i.WDOG_disable)
    i.canbusParaInit                         0x0000126c   Section        0  canbus.o(i.canbusParaInit)
    i.deQueue                                0x000012d4   Section        0  nxpqueue.o(i.deQueue)
    i.deQueueCan                             0x00001304   Section        0  nxpqueue.o(i.deQueueCan)
    i.decode                                 0x0000133e   Section        0  main.o(i.decode)
    i.delay                                  0x000014c4   Section        0  main.o(i.delay)
    i.enQueue                                0x000014d4   Section        0  nxpqueue.o(i.enQueue)
    i.enQueueCan                             0x0000150e   Section        0  nxpqueue.o(i.enQueueCan)
    i.getQueueLen                            0x00001550   Section        0  nxpqueue.o(i.getQueueLen)
    i.initQueue                              0x00001566   Section        0  nxpqueue.o(i.initQueue)
    i.initQueueCan                           0x00001588   Section        0  nxpqueue.o(i.initQueueCan)
    i.init_data_bss                          0x000015b0   Section        0  startup.o(i.init_data_bss)
    i.isEmpityQueue                          0x00001604   Section        0  nxpqueue.o(i.isEmpityQueue)
    i.isEmpityQueueCan                       0x00001616   Section        0  nxpqueue.o(i.isEmpityQueueCan)
    i.isFullQueue                            0x00001628   Section        0  nxpqueue.o(i.isFullQueue)
    i.isFullQueueCan                         0x00001646   Section        0  nxpqueue.o(i.isFullQueueCan)
    i.main                                   0x00001664   Section        0  main.o(i.main)
    i.uartInit                               0x00001c24   Section        0  uart.o(i.uartInit)
    i.uartIrqInit                            0x00001e54   Section        0  uart.o(i.uartIrqInit)
    i.uartReadIrq                            0x00001f00   Section        0  uart.o(i.uartReadIrq)
    x$fpl$dadd                               0x00002034   Section      336  daddsub_clz.o(x$fpl$dadd)
    $v0                                      0x00002034   Number         0  daddsub_clz.o(x$fpl$dadd)
    _dadd1                                   0x00002045   Thumb Code     0  daddsub_clz.o(x$fpl$dadd)
    x$fpl$ddiv                               0x00002184   Section      688  ddiv.o(x$fpl$ddiv)
    $v0                                      0x00002184   Number         0  ddiv.o(x$fpl$ddiv)
    ddiv_entry                               0x0000218b   Thumb Code     0  ddiv.o(x$fpl$ddiv)
    x$fpl$dfix                               0x00002434   Section       94  dfix.o(x$fpl$dfix)
    $v0                                      0x00002434   Number         0  dfix.o(x$fpl$dfix)
    x$fpl$dflt                               0x00002492   Section       46  dflt_clz.o(x$fpl$dflt)
    $v0                                      0x00002492   Number         0  dflt_clz.o(x$fpl$dflt)
    x$fpl$dfltu                              0x000024c0   Section       38  dflt_clz.o(x$fpl$dfltu)
    $v0                                      0x000024c0   Number         0  dflt_clz.o(x$fpl$dfltu)
    x$fpl$dnaninf                            0x000024e6   Section      156  dnaninf.o(x$fpl$dnaninf)
    $v0                                      0x000024e6   Number         0  dnaninf.o(x$fpl$dnaninf)
    x$fpl$dretinf                            0x00002582   Section       12  dretinf.o(x$fpl$dretinf)
    $v0                                      0x00002582   Number         0  dretinf.o(x$fpl$dretinf)
    x$fpl$dsub                               0x00002590   Section      468  daddsub_clz.o(x$fpl$dsub)
    $v0                                      0x00002590   Number         0  daddsub_clz.o(x$fpl$dsub)
    _dsub1                                   0x000025a1   Thumb Code     0  daddsub_clz.o(x$fpl$dsub)
    x$fpl$fpinit                             0x00002764   Section       10  fpinit.o(x$fpl$fpinit)
    $v0                                      0x00002764   Number         0  fpinit.o(x$fpl$fpinit)
    x$fpl$usenofp                            0x0000276e   Section        0  usenofp.o(x$fpl$usenofp)
    .constdata                               0x00002770   Section       10  main.o(.constdata)
    .constdata                               0x0000277c   Section       36  uart.o(.constdata)
    .constdata                               0x000027a0   Section        4  startup.o(.constdata)
    .data                                    0x1fffc000   Section       20  main.o(.data)
    .data                                    0x1fffc014   Section       44  uart.o(.data)
    uartIrq                                  0x1fffc014   Data           1  uart.o(.data)
    uart0_readStatus                         0x1fffc015   Data           1  uart.o(.data)
    uart0_sendStatus                         0x1fffc016   Data           1  uart.o(.data)
    uart0_readNum                            0x1fffc018   Data           4  uart.o(.data)
    uart0_needReadNum                        0x1fffc01c   Data           4  uart.o(.data)
    uart0_sendNum                            0x1fffc020   Data           4  uart.o(.data)
    uart0_needSendNum                        0x1fffc024   Data           4  uart.o(.data)
    uart1_readStatus                         0x1fffc028   Data           1  uart.o(.data)
    uart1_sendStatus                         0x1fffc029   Data           1  uart.o(.data)
    uart1_readNum                            0x1fffc02c   Data           4  uart.o(.data)
    uart1_needReadNum                        0x1fffc030   Data           4  uart.o(.data)
    uart1_sendNum                            0x1fffc034   Data           4  uart.o(.data)
    uart1_needSendNum                        0x1fffc038   Data           4  uart.o(.data)
    queueMaxSize                             0x1fffc03c   Data           4  uart.o(.data)
    .data                                    0x1fffc040   Section       36  timer.o(.data)
    timerNum                                 0x1fffc040   Data           4  timer.o(.data)
    timerMax                                 0x1fffc044   Data           4  timer.o(.data)
    heartbeat                                0x1fffc048   Data           4  timer.o(.data)
    timeInitFlag                             0x1fffc04c   Data           4  timer.o(.data)
    timerLpitNum                             0x1fffc054   Data           4  timer.o(.data)
    timerLpitMax                             0x1fffc058   Data           4  timer.o(.data)
    heartbeatLpit                            0x1fffc05c   Data           4  timer.o(.data)
    timeLpitInitFlag                         0x1fffc060   Data           4  timer.o(.data)
    .data                                    0x1fffc064   Section       72  canbus.o(.data)
    canbusBaudrate                           0x1fffc094   Data          20  canbus.o(.data)
    queueMaxSize                             0x1fffc0a8   Data           4  canbus.o(.data)
    .bss                                     0x1fffc0ac   Section     4160  uart.o(.bss)
    str_recvQueue0                           0x1fffd0ac   Data          16  uart.o(.bss)
    str_recvQueue1                           0x1fffd0bc   Data          16  uart.o(.bss)
    str_sendQueue0                           0x1fffd0cc   Data          16  uart.o(.bss)
    str_sendQueue1                           0x1fffd0dc   Data          16  uart.o(.bss)
    .bss                                     0x1fffd0ec   Section      160  timer.o(.bss)
    timer                                    0x1fffd0ec   Data          40  timer.o(.bss)
    timerFlag                                0x1fffd114   Data          40  timer.o(.bss)
    timerLpit                                0x1fffd13c   Data          40  timer.o(.bss)
    timerLpitFlag                            0x1fffd164   Data          40  timer.o(.bss)
    .bss                                     0x1fffd18c   Section       88  canbus.o(.bss)
    str_elemType0                            0x1fffd1ac   Data          12  canbus.o(.bss)
    str_canbusQueue0                         0x1fffd1b8   Data          16  canbus.o(.bss)
    str_elemType1                            0x1fffd1c8   Data          12  canbus.o(.bss)
    str_canbusQueue1                         0x1fffd1d4   Data          16  canbus.o(.bss)
    .bss                                     0x1fffd1e4   Section       96  libspace.o(.bss)

    Global Symbols

    Symbol Name                              Value     Ov Type        Size  Object(Section)

    BuildAttributes$$THM_ISAv4$E$P$D$K$B$S$7EM$VFPi3$EXTD16$VFPS$VFMA$PE$A:L22UL41UL21$X:L11$S22US41US21$IEEE1$IW$USESV6$~STKCKD$USESV7$~SHL$OTIME$ROPI$EBA8$UX$STANDARDLIB$REQ8$PRES8$EABIv2 0x00000000   Number         0  anon$$obj.o ABSOLUTE
    Image$$VECTOR_RAM$$Base                  0x00000000   Number         0  anon$$obj.o ABSOLUTE
    Image$$VECTOR_ROM$$Base                  0x00000000   Number         0  anon$$obj.o ABSOLUTE
    __ARM_use_no_argv                        0x00000000   Number         0  main.o ABSOLUTE
    __Vectors                                0x00000000   Data           4  startup_s32k142.o(RESET)
    _printf_flags                            0x00000000   Number         0  printf_stubs.o ABSOLUTE
    _printf_return_value                     0x00000000   Number         0  printf_stubs.o ABSOLUTE
    _printf_sizespec                         0x00000000   Number         0  printf_stubs.o ABSOLUTE
    _printf_widthprec                        0x00000000   Number         0  printf_stubs.o ABSOLUTE
    Image$$ZI$$Limit                          - Undefined Weak Reference
    __ARM_exceptions_init                     - Undefined Weak Reference
    __alloca_initialize                       - Undefined Weak Reference
    __arm_preinit_                            - Undefined Weak Reference
    __cpp_initialize__aeabi_                  - Undefined Weak Reference
    __cxa_finalize                            - Undefined Weak Reference
    __sigvec_lookup                           - Undefined Weak Reference
    __user_heap_extent                        - Undefined Weak Reference
    _atexit_init                              - Undefined Weak Reference
    _call_atexit_fns                          - Undefined Weak Reference
    _clock_init                               - Undefined Weak Reference
    _fp_trap_init                             - Undefined Weak Reference
    _fp_trap_shutdown                         - Undefined Weak Reference
    _get_lc_collate                           - Undefined Weak Reference
    _get_lc_monetary                          - Undefined Weak Reference
    _get_lc_numeric                           - Undefined Weak Reference
    _get_lc_time                              - Undefined Weak Reference
    _getenv_init                              - Undefined Weak Reference
    _handle_redirection                       - Undefined Weak Reference
    _mbdata                                   - Undefined Weak Reference
    _mutex_acquire                            - Undefined Weak Reference
    _mutex_free                               - Undefined Weak Reference
    _mutex_release                            - Undefined Weak Reference
    _printf_truncate_unsigned                 - Undefined Weak Reference
    _rand_init                                - Undefined Weak Reference
    _signal_finish                            - Undefined Weak Reference
    _signal_init                              - Undefined Weak Reference
    __Vectors_End                            0x00000400   Data           0  startup_s32k142.o(RESET)
    __Vectors_Size                           0x00000400   Number         0  startup_s32k142.o ABSOLUTE
    __main                                   0x00000411   Thumb Code     8  __main.o(!!!main)
    __scatterload                            0x00000419   Thumb Code     0  __scatter.o(!!!scatter)
    __scatterload_rt2                        0x00000419   Thumb Code    44  __scatter.o(!!!scatter)
    __scatterload_rt2_thumb_only             0x00000419   Thumb Code     0  __scatter.o(!!!scatter)
    __scatterload_null                       0x00000427   Thumb Code     0  __scatter.o(!!!scatter)
    __scatterload_copy                       0x0000044d   Thumb Code    26  __scatter_copy.o(!!handler_copy)
    __scatterload_zeroinit                   0x00000469   Thumb Code    28  __scatter_zi.o(!!handler_zi)
    __rt_lib_init                            0x00000485   Thumb Code     0  libinit.o(.ARM.Collect$$libinit$$00000000)
    __rt_lib_init_fp_1                       0x00000487   Thumb Code     0  libinit2.o(.ARM.Collect$$libinit$$00000001)
    __rt_lib_init_heap_2                     0x0000048b   Thumb Code     0  libinit5.o(.ARM.Collect$$libinit$$00000008)
    __rt_lib_init_preinit_1                  0x0000048b   Thumb Code     0  libinit2.o(.ARM.Collect$$libinit$$00000004)
    __rt_lib_init_alloca_1                   0x00000493   Thumb Code     0  libinit2.o(.ARM.Collect$$libinit$$0000002E)
    __rt_lib_init_argv_1                     0x00000493   Thumb Code     0  libinit2.o(.ARM.Collect$$libinit$$0000002C)
    __rt_lib_init_atexit_1                   0x00000493   Thumb Code     0  libinit2.o(.ARM.Collect$$libinit$$0000001B)
    __rt_lib_init_clock_1                    0x00000493   Thumb Code     0  libinit2.o(.ARM.Collect$$libinit$$00000021)
    __rt_lib_init_cpp_1                      0x00000493   Thumb Code     0  libinit2.o(.ARM.Collect$$libinit$$00000032)
    __rt_lib_init_exceptions_1               0x00000493   Thumb Code     0  libinit2.o(.ARM.Collect$$libinit$$00000030)
    __rt_lib_init_fp_trap_1                  0x00000493   Thumb Code     0  libinit2.o(.ARM.Collect$$libinit$$0000001F)
    __rt_lib_init_getenv_1                   0x00000493   Thumb Code     0  libinit2.o(.ARM.Collect$$libinit$$00000023)
    __rt_lib_init_heap_1                     0x00000493   Thumb Code     0  libinit2.o(.ARM.Collect$$libinit$$0000000A)
    __rt_lib_init_lc_collate_1               0x00000493   Thumb Code     0  libinit2.o(.ARM.Collect$$libinit$$00000011)
    __rt_lib_init_lc_ctype_1                 0x00000493   Thumb Code     0  libinit2.o(.ARM.Collect$$libinit$$00000013)
    __rt_lib_init_lc_monetary_1              0x00000493   Thumb Code     0  libinit2.o(.ARM.Collect$$libinit$$00000015)
    __rt_lib_init_lc_numeric_1               0x00000493   Thumb Code     0  libinit2.o(.ARM.Collect$$libinit$$00000017)
    __rt_lib_init_lc_time_1                  0x00000493   Thumb Code     0  libinit2.o(.ARM.Collect$$libinit$$00000019)
    __rt_lib_init_rand_1                     0x00000493   Thumb Code     0  libinit2.o(.ARM.Collect$$libinit$$0000000E)
    __rt_lib_init_return                     0x00000493   Thumb Code     0  libinit2.o(.ARM.Collect$$libinit$$00000033)
    __rt_lib_init_signal_1                   0x00000493   Thumb Code     0  libinit2.o(.ARM.Collect$$libinit$$0000001D)
    __rt_lib_init_stdio_1                    0x00000493   Thumb Code     0  libinit2.o(.ARM.Collect$$libinit$$00000025)
    __rt_lib_init_user_alloc_1               0x00000493   Thumb Code     0  libinit2.o(.ARM.Collect$$libinit$$0000000C)
    __rt_lib_shutdown                        0x0000049d   Thumb Code     0  libshutdown.o(.ARM.Collect$$libshutdown$$00000000)
    __rt_lib_shutdown_cpp_1                  0x0000049f   Thumb Code     0  libshutdown2.o(.ARM.Collect$$libshutdown$$00000002)
    __rt_lib_shutdown_fp_trap_1              0x0000049f   Thumb Code     0  libshutdown2.o(.ARM.Collect$$libshutdown$$00000007)
    __rt_lib_shutdown_heap_1                 0x0000049f   Thumb Code     0  libshutdown2.o(.ARM.Collect$$libshutdown$$0000000F)
    __rt_lib_shutdown_return                 0x0000049f   Thumb Code     0  libshutdown2.o(.ARM.Collect$$libshutdown$$00000010)
    __rt_lib_shutdown_signal_1               0x0000049f   Thumb Code     0  libshutdown2.o(.ARM.Collect$$libshutdown$$0000000A)
    __rt_lib_shutdown_stdio_1                0x0000049f   Thumb Code     0  libshutdown2.o(.ARM.Collect$$libshutdown$$00000004)
    __rt_lib_shutdown_user_alloc_1           0x0000049f   Thumb Code     0  libshutdown2.o(.ARM.Collect$$libshutdown$$0000000C)
    __rt_entry                               0x000004a1   Thumb Code     0  __rtentry.o(.ARM.Collect$$rtentry$$00000000)
    __rt_entry_presh_1                       0x000004a1   Thumb Code     0  __rtentry2.o(.ARM.Collect$$rtentry$$00000002)
    __rt_entry_sh                            0x000004a1   Thumb Code     0  __rtentry7.o(.ARM.Collect$$rtentry$$00000007)
    __rt_entry_li                            0x000004a5   Thumb Code     0  __rtentry2.o(.ARM.Collect$$rtentry$$0000000A)
    __rt_entry_postsh_1                      0x000004a5   Thumb Code     0  __rtentry2.o(.ARM.Collect$$rtentry$$00000009)
    __rt_entry_main                          0x000004a9   Thumb Code     0  __rtentry2.o(.ARM.Collect$$rtentry$$0000000D)
    __rt_entry_postli_1                      0x000004a9   Thumb Code     0  __rtentry2.o(.ARM.Collect$$rtentry$$0000000C)
    __rt_exit                                0x000004b5   Thumb Code     0  rtexit.o(.ARM.Collect$$rtexit$$00000000)
    __rt_exit_ls                             0x000004b7   Thumb Code     0  rtexit2.o(.ARM.Collect$$rtexit$$00000003)
    __rt_exit_prels_1                        0x000004b7   Thumb Code     0  rtexit2.o(.ARM.Collect$$rtexit$$00000002)
    __rt_exit_exit                           0x000004bb   Thumb Code     0  rtexit2.o(.ARM.Collect$$rtexit$$00000004)
    Reset_Handler                            0x000004c1   Thumb Code    18  startup_s32k142.o(.text)
    _maybe_terminate_alloc                   0x000004c1   Thumb Code     0  maybetermalloc1.o(.emb_text)
    NMI_Handler                              0x000004d3   Thumb Code     2  startup_s32k142.o(.text)
    HardFault_Handler                        0x000004d5   Thumb Code     2  startup_s32k142.o(.text)
    MemManage_Handler                        0x000004d7   Thumb Code     2  startup_s32k142.o(.text)
    BusFault_Handler                         0x000004d9   Thumb Code     2  startup_s32k142.o(.text)
    UsageFault_Handler                       0x000004db   Thumb Code     2  startup_s32k142.o(.text)
    SVC_Handler                              0x000004dd   Thumb Code     2  startup_s32k142.o(.text)
    DebugMon_Handler                         0x000004df   Thumb Code     2  startup_s32k142.o(.text)
    PendSV_Handler                           0x000004e1   Thumb Code     2  startup_s32k142.o(.text)
    SysTick_Handler                          0x000004e3   Thumb Code     2  startup_s32k142.o(.text)
    ADC0_IRQHandler                          0x000004e5   Thumb Code     0  startup_s32k142.o(.text)
    ADC1_IRQHandler                          0x000004e5   Thumb Code     0  startup_s32k142.o(.text)
    CAN0_Error_IRQHandler                    0x000004e5   Thumb Code     0  startup_s32k142.o(.text)
    CAN0_ORed_IRQHandler                     0x000004e5   Thumb Code     0  startup_s32k142.o(.text)
    CAN1_Error_IRQHandler                    0x000004e5   Thumb Code     0  startup_s32k142.o(.text)
    CAN1_ORed_IRQHandler                     0x000004e5   Thumb Code     0  startup_s32k142.o(.text)
    CMP0_IRQHandler                          0x000004e5   Thumb Code     0  startup_s32k142.o(.text)
    DMA0_IRQHandler                          0x000004e5   Thumb Code     0  startup_s32k142.o(.text)
    DMA10_IRQHandler                         0x000004e5   Thumb Code     0  startup_s32k142.o(.text)
    DMA11_IRQHandler                         0x000004e5   Thumb Code     0  startup_s32k142.o(.text)
    DMA12_IRQHandler                         0x000004e5   Thumb Code     0  startup_s32k142.o(.text)
    DMA13_IRQHandler                         0x000004e5   Thumb Code     0  startup_s32k142.o(.text)
    DMA14_IRQHandler                         0x000004e5   Thumb Code     0  startup_s32k142.o(.text)
    DMA15_IRQHandler                         0x000004e5   Thumb Code     0  startup_s32k142.o(.text)
    DMA1_IRQHandler                          0x000004e5   Thumb Code     0  startup_s32k142.o(.text)
    DMA2_IRQHandler                          0x000004e5   Thumb Code     0  startup_s32k142.o(.text)
    DMA3_IRQHandler                          0x000004e5   Thumb Code     0  startup_s32k142.o(.text)
    DMA4_IRQHandler                          0x000004e5   Thumb Code     0  startup_s32k142.o(.text)
    DMA5_IRQHandler                          0x000004e5   Thumb Code     0  startup_s32k142.o(.text)
    DMA6_IRQHandler                          0x000004e5   Thumb Code     0  startup_s32k142.o(.text)
    DMA7_IRQHandler                          0x000004e5   Thumb Code     0  startup_s32k142.o(.text)
    DMA8_IRQHandler                          0x000004e5   Thumb Code     0  startup_s32k142.o(.text)
    DMA9_IRQHandler                          0x000004e5   Thumb Code     0  startup_s32k142.o(.text)
    DMA_Error_IRQHandler                     0x000004e5   Thumb Code     0  startup_s32k142.o(.text)
    DefaultISR                               0x000004e5   Thumb Code     0  startup_s32k142.o(.text)
    ERM_double_fault_IRQHandler              0x000004e5   Thumb Code     0  startup_s32k142.o(.text)
    ERM_single_fault_IRQHandler              0x000004e5   Thumb Code     0  startup_s32k142.o(.text)
    FLEXIO_IRQHandler                        0x000004e5   Thumb Code     0  startup_s32k142.o(.text)
    FTFC_Fault_IRQHandler                    0x000004e5   Thumb Code     0  startup_s32k142.o(.text)
    FTFC_IRQHandler                          0x000004e5   Thumb Code     0  startup_s32k142.o(.text)
    FTM0_Ch0_Ch1_IRQHandler                  0x000004e5   Thumb Code     0  startup_s32k142.o(.text)
    FTM0_Ch2_Ch3_IRQHandler                  0x000004e5   Thumb Code     0  startup_s32k142.o(.text)
    FTM0_Ch4_Ch5_IRQHandler                  0x000004e5   Thumb Code     0  startup_s32k142.o(.text)
    FTM0_Ch6_Ch7_IRQHandler                  0x000004e5   Thumb Code     0  startup_s32k142.o(.text)
    FTM0_Fault_IRQHandler                    0x000004e5   Thumb Code     0  startup_s32k142.o(.text)
    FTM0_Ovf_Reload_IRQHandler               0x000004e5   Thumb Code     0  startup_s32k142.o(.text)
    FTM1_Ch0_Ch1_IRQHandler                  0x000004e5   Thumb Code     0  startup_s32k142.o(.text)
    FTM1_Ch2_Ch3_IRQHandler                  0x000004e5   Thumb Code     0  startup_s32k142.o(.text)
    FTM1_Ch4_Ch5_IRQHandler                  0x000004e5   Thumb Code     0  startup_s32k142.o(.text)
    FTM1_Ch6_Ch7_IRQHandler                  0x000004e5   Thumb Code     0  startup_s32k142.o(.text)
    FTM1_Fault_IRQHandler                    0x000004e5   Thumb Code     0  startup_s32k142.o(.text)
    FTM1_Ovf_Reload_IRQHandler               0x000004e5   Thumb Code     0  startup_s32k142.o(.text)
    FTM2_Ch0_Ch1_IRQHandler                  0x000004e5   Thumb Code     0  startup_s32k142.o(.text)
    FTM2_Ch2_Ch3_IRQHandler                  0x000004e5   Thumb Code     0  startup_s32k142.o(.text)
    FTM2_Ch4_Ch5_IRQHandler                  0x000004e5   Thumb Code     0  startup_s32k142.o(.text)
    FTM2_Ch6_Ch7_IRQHandler                  0x000004e5   Thumb Code     0  startup_s32k142.o(.text)
    FTM2_Fault_IRQHandler                    0x000004e5   Thumb Code     0  startup_s32k142.o(.text)
    FTM2_Ovf_Reload_IRQHandler               0x000004e5   Thumb Code     0  startup_s32k142.o(.text)
    FTM3_Ch0_Ch1_IRQHandler                  0x000004e5   Thumb Code     0  startup_s32k142.o(.text)
    FTM3_Ch2_Ch3_IRQHandler                  0x000004e5   Thumb Code     0  startup_s32k142.o(.text)
    FTM3_Ch4_Ch5_IRQHandler                  0x000004e5   Thumb Code     0  startup_s32k142.o(.text)
    FTM3_Ch6_Ch7_IRQHandler                  0x000004e5   Thumb Code     0  startup_s32k142.o(.text)
    FTM3_Fault_IRQHandler                    0x000004e5   Thumb Code     0  startup_s32k142.o(.text)
    FTM3_Ovf_Reload_IRQHandler               0x000004e5   Thumb Code     0  startup_s32k142.o(.text)
    LPI2C0_Master_IRQHandler                 0x000004e5   Thumb Code     0  startup_s32k142.o(.text)
    LPI2C0_Slave_IRQHandler                  0x000004e5   Thumb Code     0  startup_s32k142.o(.text)
    LPIT0_Ch1_IRQHandler                     0x000004e5   Thumb Code     0  startup_s32k142.o(.text)
    LPIT0_Ch2_IRQHandler                     0x000004e5   Thumb Code     0  startup_s32k142.o(.text)
    LPIT0_Ch3_IRQHandler                     0x000004e5   Thumb Code     0  startup_s32k142.o(.text)
    LPSPI0_IRQHandler                        0x000004e5   Thumb Code     0  startup_s32k142.o(.text)
    LPSPI1_IRQHandler                        0x000004e5   Thumb Code     0  startup_s32k142.o(.text)
    LVD_LVW_IRQHandler                       0x000004e5   Thumb Code     0  startup_s32k142.o(.text)
    MCM_IRQHandler                           0x000004e5   Thumb Code     0  startup_s32k142.o(.text)
    PDB0_IRQHandler                          0x000004e5   Thumb Code     0  startup_s32k142.o(.text)
    PDB1_IRQHandler                          0x000004e5   Thumb Code     0  startup_s32k142.o(.text)
    PORTA_IRQHandler                         0x000004e5   Thumb Code     0  startup_s32k142.o(.text)
    PORTB_IRQHandler                         0x000004e5   Thumb Code     0  startup_s32k142.o(.text)
    PORTC_IRQHandler                         0x000004e5   Thumb Code     0  startup_s32k142.o(.text)
    PORTD_IRQHandler                         0x000004e5   Thumb Code     0  startup_s32k142.o(.text)
    PORTE_IRQHandler                         0x000004e5   Thumb Code     0  startup_s32k142.o(.text)
    RCM_IRQHandler                           0x000004e5   Thumb Code     0  startup_s32k142.o(.text)
    RTC_IRQHandler                           0x000004e5   Thumb Code     0  startup_s32k142.o(.text)
    RTC_Seconds_IRQHandler                   0x000004e5   Thumb Code     0  startup_s32k142.o(.text)
    Read_Collision_IRQHandler                0x000004e5   Thumb Code     0  startup_s32k142.o(.text)
    Reserved100_IRQHandler                   0x000004e5   Thumb Code     0  startup_s32k142.o(.text)
    Reserved103_IRQHandler                   0x000004e5   Thumb Code     0  startup_s32k142.o(.text)
    Reserved105_IRQHandler                   0x000004e5   Thumb Code     0  startup_s32k142.o(.text)
    Reserved106_IRQHandler                   0x000004e5   Thumb Code     0  startup_s32k142.o(.text)
    Reserved107_IRQHandler                   0x000004e5   Thumb Code     0  startup_s32k142.o(.text)
    Reserved108_IRQHandler                   0x000004e5   Thumb Code     0  startup_s32k142.o(.text)
    Reserved109_IRQHandler                   0x000004e5   Thumb Code     0  startup_s32k142.o(.text)
    Reserved110_IRQHandler                   0x000004e5   Thumb Code     0  startup_s32k142.o(.text)
    Reserved111_IRQHandler                   0x000004e5   Thumb Code     0  startup_s32k142.o(.text)
    Reserved112_IRQHandler                   0x000004e5   Thumb Code     0  startup_s32k142.o(.text)
    Reserved113_IRQHandler                   0x000004e5   Thumb Code     0  startup_s32k142.o(.text)
    Reserved114_IRQHandler                   0x000004e5   Thumb Code     0  startup_s32k142.o(.text)
    Reserved44_IRQHandler                    0x000004e5   Thumb Code     0  startup_s32k142.o(.text)
    Reserved45_IRQHandler                    0x000004e5   Thumb Code     0  startup_s32k142.o(.text)
    Reserved46_IRQHandler                    0x000004e5   Thumb Code     0  startup_s32k142.o(.text)
    Reserved48_IRQHandler                    0x000004e5   Thumb Code     0  startup_s32k142.o(.text)
    Reserved50_IRQHandler                    0x000004e5   Thumb Code     0  startup_s32k142.o(.text)
    Reserved51_IRQHandler                    0x000004e5   Thumb Code     0  startup_s32k142.o(.text)
    Reserved52_IRQHandler                    0x000004e5   Thumb Code     0  startup_s32k142.o(.text)
    Reserved53_IRQHandler                    0x000004e5   Thumb Code     0  startup_s32k142.o(.text)
    Reserved54_IRQHandler                    0x000004e5   Thumb Code     0  startup_s32k142.o(.text)
    Reserved58_IRQHandler                    0x000004e5   Thumb Code     0  startup_s32k142.o(.text)
    Reserved59_IRQHandler                    0x000004e5   Thumb Code     0  startup_s32k142.o(.text)
    Reserved69_IRQHandler                    0x000004e5   Thumb Code     0  startup_s32k142.o(.text)
    Reserved70_IRQHandler                    0x000004e5   Thumb Code     0  startup_s32k142.o(.text)
    Reserved71_IRQHandler                    0x000004e5   Thumb Code     0  startup_s32k142.o(.text)
    Reserved72_IRQHandler                    0x000004e5   Thumb Code     0  startup_s32k142.o(.text)
    Reserved81_IRQHandler                    0x000004e5   Thumb Code     0  startup_s32k142.o(.text)
    Reserved82_IRQHandler                    0x000004e5   Thumb Code     0  startup_s32k142.o(.text)
    Reserved83_IRQHandler                    0x000004e5   Thumb Code     0  startup_s32k142.o(.text)
    Reserved86_IRQHandler                    0x000004e5   Thumb Code     0  startup_s32k142.o(.text)
    Reserved87_IRQHandler                    0x000004e5   Thumb Code     0  startup_s32k142.o(.text)
    Reserved88_IRQHandler                    0x000004e5   Thumb Code     0  startup_s32k142.o(.text)
    Reserved89_IRQHandler                    0x000004e5   Thumb Code     0  startup_s32k142.o(.text)
    Reserved90_IRQHandler                    0x000004e5   Thumb Code     0  startup_s32k142.o(.text)
    Reserved91_IRQHandler                    0x000004e5   Thumb Code     0  startup_s32k142.o(.text)
    Reserved92_IRQHandler                    0x000004e5   Thumb Code     0  startup_s32k142.o(.text)
    Reserved93_IRQHandler                    0x000004e5   Thumb Code     0  startup_s32k142.o(.text)
    Reserved99_IRQHandler                    0x000004e5   Thumb Code     0  startup_s32k142.o(.text)
    SCG_IRQHandler                           0x000004e5   Thumb Code     0  startup_s32k142.o(.text)
    SWI_IRQHandler                           0x000004e5   Thumb Code     0  startup_s32k142.o(.text)
    malloc                                   0x000004f9   Thumb Code    94  h1_alloc.o(.text)
    free                                     0x00000557   Thumb Code    78  h1_free.o(.text)
    __aeabi_memcpy                           0x000005a5   Thumb Code     0  rt_memcpy_v6.o(.text)
    __rt_memcpy                              0x000005a5   Thumb Code   138  rt_memcpy_v6.o(.text)
    _memcpy_lastbytes                        0x0000060b   Thumb Code     0  rt_memcpy_v6.o(.text)
    __aeabi_memcpy4                          0x0000062f   Thumb Code     0  rt_memcpy_w.o(.text)
    __aeabi_memcpy8                          0x0000062f   Thumb Code     0  rt_memcpy_w.o(.text)
    __rt_memcpy_w                            0x0000062f   Thumb Code   100  rt_memcpy_w.o(.text)
    _memcpy_lastbytes_aligned                0x00000677   Thumb Code     0  rt_memcpy_w.o(.text)
    __aeabi_memset                           0x00000693   Thumb Code    16  aeabi_memset.o(.text)
    __aeabi_memclr                           0x000006a3   Thumb Code     0  rt_memclr.o(.text)
    __rt_memclr                              0x000006a3   Thumb Code    68  rt_memclr.o(.text)
    _memset                                  0x000006a7   Thumb Code     0  rt_memclr.o(.text)
    __aeabi_memclr4                          0x000006e7   Thumb Code     0  rt_memclr_w.o(.text)
    __aeabi_memclr8                          0x000006e7   Thumb Code     0  rt_memclr_w.o(.text)
    __rt_memclr_w                            0x000006e7   Thumb Code    78  rt_memclr_w.o(.text)
    _memset_w                                0x000006eb   Thumb Code     0  rt_memclr_w.o(.text)
    __rt_heap_descriptor                     0x00000735   Thumb Code     8  rt_heap_descriptor_intlibspace.o(.text)
    __use_no_heap                            0x0000073d   Thumb Code     2  hguard.o(.text)
    __heap$guard                             0x0000073f   Thumb Code     2  hguard.o(.text)
    _terminate_user_alloc                    0x00000741   Thumb Code     2  init_alloc.o(.text)
    _init_user_alloc                         0x00000743   Thumb Code     2  init_alloc.o(.text)
    __Heap_Full                              0x00000745   Thumb Code    34  init_alloc.o(.text)
    __Heap_Broken                            0x00000767   Thumb Code     6  init_alloc.o(.text)
    _init_alloc                              0x0000076d   Thumb Code    94  init_alloc.o(.text)
    __Heap_Initialize                        0x000007cb   Thumb Code    10  h1_init.o(.text)
    __Heap_DescSize                          0x000007d5   Thumb Code     4  h1_init.o(.text)
    __Heap_ProvideMemory                     0x000007d9   Thumb Code    52  h1_extend.o(.text)
    __rt_SIGRTMEM                            0x0000080d   Thumb Code    14  defsig_rtmem_outer.o(.text)
    __I$use$semihosting                      0x0000081b   Thumb Code     0  use_no_semi.o(.text)
    __use_no_semihosting_swi                 0x0000081b   Thumb Code     2  use_no_semi.o(.text)
    __semihosting_library_function           0x0000081d   Thumb Code     0  indicate_semi.o(.text)
    exit                                     0x0000081d   Thumb Code    18  exit.o(.text)
    __sig_exit                               0x0000082f   Thumb Code    10  defsig_exit.o(.text)
    __rt_SIGRTMEM_inner                      0x00000839   Thumb Code    22  defsig_rtmem_inner.o(.text)
    _sys_exit                                0x00000889   Thumb Code     8  sys_exit.o(.text)
    __default_signal_display                 0x00000895   Thumb Code    50  defsig_general.o(.text)
    _ttywrch                                 0x000008c7   Thumb Code    14  sys_wrch.o(.text)
    CAN0_ORed_0_15_MB_IRQHandler             0x000008d5   Thumb Code    16  canbus.o(i.CAN0_ORed_0_15_MB_IRQHandler)
    CAN0_ORed_16_31_MB_IRQHandler            0x000008e5   Thumb Code    16  canbus.o(i.CAN0_ORed_16_31_MB_IRQHandler)
    CAN0_Wake_Up_IRQHandler                  0x000008f5   Thumb Code    72  lowpower.o(i.CAN0_Wake_Up_IRQHandler)
    CAN1_ORed_0_15_MB_IRQHandler             0x00000945   Thumb Code    16  canbus.o(i.CAN1_ORed_0_15_MB_IRQHandler)
    Canbus0Init                              0x00000955   Thumb Code   344  canbus.o(i.Canbus0Init)
    Canbus0IrqInit                           0x00000acd   Thumb Code    32  canbus.o(i.Canbus0IrqInit)
    Canbus0Recv                              0x00000af5   Thumb Code   348  canbus.o(i.Canbus0Recv)
    Canbus0Send                              0x00000c71   Thumb Code   150  canbus.o(i.Canbus0Send)
    Canbus1Recv                              0x00000d15   Thumb Code   350  canbus.o(i.Canbus1Recv)
    LPIT0_Ch0_IRQHandler                     0x00000e95   Thumb Code    98  timer.o(i.LPIT0_Ch0_IRQHandler)
    LPTMR0_IRQHandler                        0x00000f11   Thumb Code   106  timer.o(i.LPTMR0_IRQHandler)
    LPUART0_RxTx_IRQHandler                  0x00000f9d   Thumb Code   170  uart.o(i.LPUART0_RxTx_IRQHandler)
    LPUART1_RxTx_IRQHandler                  0x00001065   Thumb Code   170  uart.o(i.LPUART1_RxTx_IRQHandler)
    NormalRUNmode_80MHz                      0x0000112d   Thumb Code    30  clocks_and_modes.o(i.NormalRUNmode_80MHz)
    SOSC_init_8MHz                           0x00001159   Thumb Code    58  clocks_and_modes.o(i.SOSC_init_8MHz)
    SPLL_init_160MHz                         0x0000119d   Thumb Code    92  clocks_and_modes.o(i.SPLL_init_160MHz)
    SystemInit                               0x000011fd   Thumb Code    48  system_s32k142.o(i.SystemInit)
    WDOG_EWM_IRQHandler                      0x0000123d   Thumb Code    14  watchdog.o(i.WDOG_EWM_IRQHandler)
    WDOG_disable                             0x00001251   Thumb Code    20  main.o(i.WDOG_disable)
    canbusParaInit                           0x0000126d   Thumb Code    88  canbus.o(i.canbusParaInit)
    deQueue                                  0x000012d5   Thumb Code    48  nxpqueue.o(i.deQueue)
    deQueueCan                               0x00001305   Thumb Code    58  nxpqueue.o(i.deQueueCan)
    decode                                   0x0000133f   Thumb Code   390  main.o(i.decode)
    delay                                    0x000014c5   Thumb Code    16  main.o(i.delay)
    enQueue                                  0x000014d5   Thumb Code    58  nxpqueue.o(i.enQueue)
    enQueueCan                               0x0000150f   Thumb Code    66  nxpqueue.o(i.enQueueCan)
    getQueueLen                              0x00001551   Thumb Code    22  nxpqueue.o(i.getQueueLen)
    initQueue                                0x00001567   Thumb Code    34  nxpqueue.o(i.initQueue)
    initQueueCan                             0x00001589   Thumb Code    38  nxpqueue.o(i.initQueueCan)
    init_data_bss                            0x000015b1   Thumb Code    68  startup.o(i.init_data_bss)
    isEmpityQueue                            0x00001605   Thumb Code    18  nxpqueue.o(i.isEmpityQueue)
    isEmpityQueueCan                         0x00001617   Thumb Code    18  nxpqueue.o(i.isEmpityQueueCan)
    isFullQueue                              0x00001629   Thumb Code    30  nxpqueue.o(i.isFullQueue)
    isFullQueueCan                           0x00001647   Thumb Code    30  nxpqueue.o(i.isFullQueueCan)
    main                                     0x00001665   Thumb Code  1470  main.o(i.main)
    uartInit                                 0x00001c25   Thumb Code   474  uart.o(i.uartInit)
    uartIrqInit                              0x00001e55   Thumb Code   150  uart.o(i.uartIrqInit)
    uartReadIrq                              0x00001f01   Thumb Code   264  uart.o(i.uartReadIrq)
    __aeabi_dadd                             0x00002035   Thumb Code     0  daddsub_clz.o(x$fpl$dadd)
    _dadd                                    0x00002035   Thumb Code   332  daddsub_clz.o(x$fpl$dadd)
    __aeabi_ddiv                             0x00002185   Thumb Code     0  ddiv.o(x$fpl$ddiv)
    _ddiv                                    0x00002185   Thumb Code   552  ddiv.o(x$fpl$ddiv)
    __aeabi_d2iz                             0x00002435   Thumb Code     0  dfix.o(x$fpl$dfix)
    _dfix                                    0x00002435   Thumb Code    94  dfix.o(x$fpl$dfix)
    __aeabi_i2d                              0x00002493   Thumb Code     0  dflt_clz.o(x$fpl$dflt)
    _dflt                                    0x00002493   Thumb Code    46  dflt_clz.o(x$fpl$dflt)
    __aeabi_ui2d                             0x000024c1   Thumb Code     0  dflt_clz.o(x$fpl$dfltu)
    _dfltu                                   0x000024c1   Thumb Code    38  dflt_clz.o(x$fpl$dfltu)
    __fpl_dnaninf                            0x000024e7   Thumb Code   156  dnaninf.o(x$fpl$dnaninf)
    __fpl_dretinf                            0x00002583   Thumb Code    12  dretinf.o(x$fpl$dretinf)
    __aeabi_dsub                             0x00002591   Thumb Code     0  daddsub_clz.o(x$fpl$dsub)
    _dsub                                    0x00002591   Thumb Code   464  daddsub_clz.o(x$fpl$dsub)
    _fp_init                                 0x00002765   Thumb Code    10  fpinit.o(x$fpl$fpinit)
    __fplib_config_fpu_vfp                   0x0000276d   Thumb Code     0  fpinit.o(x$fpl$fpinit)
    __fplib_config_pureend_doubles           0x0000276d   Thumb Code     0  fpinit.o(x$fpl$fpinit)
    __I$use$fp                               0x0000276e   Number         0  usenofp.o(x$fpl$usenofp)
    Region$$Table$$Base                      0x000027a4   Number         0  anon$$obj.o(Region$$Table)
    Region$$Table$$Limit                     0x000027c4   Number         0  anon$$obj.o(Region$$Table)
    Image$$RW_m_data$$Base                   0x1fffc000   Number         0  anon$$obj.o ABSOLUTE
    jump2app                                 0x1fffc000   Data           4  main.o(.data)
    k1                                       0x1fffc004   Data           4  main.o(.data)
    b1                                       0x1fffc008   Data           4  main.o(.data)
    k0                                       0x1fffc00c   Data           4  main.o(.data)
    b0                                       0x1fffc010   Data           4  main.o(.data)
    modeTemp                                 0x1fffc050   Data           4  timer.o(.data)
    RxCODE                                   0x1fffc064   Data           4  canbus.o(.data)
    RxID                                     0x1fffc068   Data           4  canbus.o(.data)
    RxLENGTH                                 0x1fffc06c   Data           4  canbus.o(.data)
    RxDATA                                   0x1fffc070   Data           8  canbus.o(.data)
    RxTIMESTAMP                              0x1fffc078   Data           4  canbus.o(.data)
    CAN1_RxCODE                              0x1fffc07c   Data           4  canbus.o(.data)
    CAN1_RxID                                0x1fffc080   Data           4  canbus.o(.data)
    CAN1_RxLENGTH                            0x1fffc084   Data           4  canbus.o(.data)
    CAN1_RxDATA                              0x1fffc088   Data           8  canbus.o(.data)
    CAN1_RxTIMESTAMP                         0x1fffc090   Data           4  canbus.o(.data)
    uart0_buf                                0x1fffc0ac   Data        1024  uart.o(.bss)
    uart0_recv                               0x1fffc4ac   Data        1024  uart.o(.bss)
    uart1_buf                                0x1fffc8ac   Data        1024  uart.o(.bss)
    uart1_recv                               0x1fffccac   Data        1024  uart.o(.bss)
    str_baudParameter                        0x1fffd18c   Data          30  canbus.o(.bss)
    __libspace_start                         0x1fffd1e4   Data          96  libspace.o(.bss)
    Image$$ARM_LIB_HEAP$$ZI$$Base            0x1fffd244   Number         0  anon$$obj.o ABSOLUTE
    __temporary_stack_top$libspace           0x1fffd244   Data           0  libspace.o(.bss)
    Image$$ARM_LIB_HEAP$$ZI$$Limit           0x1fffd644   Number         0  anon$$obj.o ABSOLUTE
    Image$$ARM_LIB_STACK$$ZI$$Limit          0x20003000   Number         0  anon$$obj.o ABSOLUTE



==============================================================================

Memory Map of the image

  Image Entry point : 0x00000411

  Load Region LR_m_text (Base: 0x00000410, Size: 0x00002460, Max: 0x0003fbf0, ABSOLUTE)

    Execution Region ER_m_text (Exec base: 0x00000410, Load base: 0x00000410, Size: 0x000023b4, Max: 0x0003fbf0, ABSOLUTE)

    Exec Addr    Load Addr    Size         Type   Attr      Idx    E Section Name        Object

    0x00000410   0x00000410   0x00000008   Code   RO         1442  * !!!main             c_w.l(__main.o)
    0x00000418   0x00000418   0x00000034   Code   RO         1780    !!!scatter          c_w.l(__scatter.o)
    0x0000044c   0x0000044c   0x0000001a   Code   RO         1782    !!handler_copy      c_w.l(__scatter_copy.o)
    0x00000466   0x00000466   0x00000002   PAD
    0x00000468   0x00000468   0x0000001c   Code   RO         1784    !!handler_zi        c_w.l(__scatter_zi.o)
    0x00000484   0x00000484   0x00000002   Code   RO         1682    .ARM.Collect$$libinit$$00000000  c_w.l(libinit.o)
    0x00000486   0x00000486   0x00000004   Code   RO         1513    .ARM.Collect$$libinit$$00000001  c_w.l(libinit2.o)
    0x0000048a   0x0000048a   0x00000000   Code   RO         1516    .ARM.Collect$$libinit$$00000004  c_w.l(libinit2.o)
    0x0000048a   0x0000048a   0x00000008   Code   RO         1731    .ARM.Collect$$libinit$$00000008  c_w.l(libinit5.o)
    0x00000492   0x00000492   0x00000000   Code   RO         1519    .ARM.Collect$$libinit$$0000000A  c_w.l(libinit2.o)
    0x00000492   0x00000492   0x00000000   Code   RO         1521    .ARM.Collect$$libinit$$0000000C  c_w.l(libinit2.o)
    0x00000492   0x00000492   0x00000000   Code   RO         1523    .ARM.Collect$$libinit$$0000000E  c_w.l(libinit2.o)
    0x00000492   0x00000492   0x00000000   Code   RO         1526    .ARM.Collect$$libinit$$00000011  c_w.l(libinit2.o)
    0x00000492   0x00000492   0x00000000   Code   RO         1528    .ARM.Collect$$libinit$$00000013  c_w.l(libinit2.o)
    0x00000492   0x00000492   0x00000000   Code   RO         1530    .ARM.Collect$$libinit$$00000015  c_w.l(libinit2.o)
    0x00000492   0x00000492   0x00000000   Code   RO         1532    .ARM.Collect$$libinit$$00000017  c_w.l(libinit2.o)
    0x00000492   0x00000492   0x00000000   Code   RO         1534    .ARM.Collect$$libinit$$00000019  c_w.l(libinit2.o)
    0x00000492   0x00000492   0x00000000   Code   RO         1536    .ARM.Collect$$libinit$$0000001B  c_w.l(libinit2.o)
    0x00000492   0x00000492   0x00000000   Code   RO         1538    .ARM.Collect$$libinit$$0000001D  c_w.l(libinit2.o)
    0x00000492   0x00000492   0x00000000   Code   RO         1540    .ARM.Collect$$libinit$$0000001F  c_w.l(libinit2.o)
    0x00000492   0x00000492   0x00000000   Code   RO         1542    .ARM.Collect$$libinit$$00000021  c_w.l(libinit2.o)
    0x00000492   0x00000492   0x00000000   Code   RO         1544    .ARM.Collect$$libinit$$00000023  c_w.l(libinit2.o)
    0x00000492   0x00000492   0x00000000   Code   RO         1546    .ARM.Collect$$libinit$$00000025  c_w.l(libinit2.o)
    0x00000492   0x00000492   0x00000000   Code   RO         1550    .ARM.Collect$$libinit$$0000002C  c_w.l(libinit2.o)
    0x00000492   0x00000492   0x00000000   Code   RO         1552    .ARM.Collect$$libinit$$0000002E  c_w.l(libinit2.o)
    0x00000492   0x00000492   0x00000000   Code   RO         1554    .ARM.Collect$$libinit$$00000030  c_w.l(libinit2.o)
    0x00000492   0x00000492   0x00000000   Code   RO         1556    .ARM.Collect$$libinit$$00000032  c_w.l(libinit2.o)
    0x00000492   0x00000492   0x00000002   Code   RO         1557    .ARM.Collect$$libinit$$00000033  c_w.l(libinit2.o)
    0x00000494   0x00000494   0x00000008   Code   RO         1732    .ARM.Collect$$libinit$$00002719  c_w.l(libinit5.o)
    0x0000049c   0x0000049c   0x00000002   Code   RO         1777    .ARM.Collect$$libshutdown$$00000000  c_w.l(libshutdown.o)
    0x0000049e   0x0000049e   0x00000000   Code   RO         1684    .ARM.Collect$$libshutdown$$00000002  c_w.l(libshutdown2.o)
    0x0000049e   0x0000049e   0x00000000   Code   RO         1686    .ARM.Collect$$libshutdown$$00000004  c_w.l(libshutdown2.o)
    0x0000049e   0x0000049e   0x00000000   Code   RO         1689    .ARM.Collect$$libshutdown$$00000007  c_w.l(libshutdown2.o)
    0x0000049e   0x0000049e   0x00000000   Code   RO         1692    .ARM.Collect$$libshutdown$$0000000A  c_w.l(libshutdown2.o)
    0x0000049e   0x0000049e   0x00000000   Code   RO         1694    .ARM.Collect$$libshutdown$$0000000C  c_w.l(libshutdown2.o)
    0x0000049e   0x0000049e   0x00000000   Code   RO         1697    .ARM.Collect$$libshutdown$$0000000F  c_w.l(libshutdown2.o)
    0x0000049e   0x0000049e   0x00000002   Code   RO         1698    .ARM.Collect$$libshutdown$$00000010  c_w.l(libshutdown2.o)
    0x000004a0   0x000004a0   0x00000000   Code   RO         1466    .ARM.Collect$$rtentry$$00000000  c_w.l(__rtentry.o)
    0x000004a0   0x000004a0   0x00000000   Code   RO         1569    .ARM.Collect$$rtentry$$00000002  c_w.l(__rtentry2.o)
    0x000004a0   0x000004a0   0x00000004   Code   RO         1583    .ARM.Collect$$rtentry$$00000007  c_w.l(__rtentry7.o)
    0x000004a4   0x000004a4   0x00000000   Code   RO         1571    .ARM.Collect$$rtentry$$00000009  c_w.l(__rtentry2.o)
    0x000004a4   0x000004a4   0x00000004   Code   RO         1572    .ARM.Collect$$rtentry$$0000000A  c_w.l(__rtentry2.o)
    0x000004a8   0x000004a8   0x00000000   Code   RO         1574    .ARM.Collect$$rtentry$$0000000C  c_w.l(__rtentry2.o)
    0x000004a8   0x000004a8   0x00000008   Code   RO         1575    .ARM.Collect$$rtentry$$0000000D  c_w.l(__rtentry2.o)
    0x000004b0   0x000004b0   0x00000004   Code   RO         1584    .ARM.Collect$$rtentry$$00002718  c_w.l(__rtentry7.o)
    0x000004b4   0x000004b4   0x00000002   Code   RO         1705    .ARM.Collect$$rtexit$$00000000  c_w.l(rtexit.o)
    0x000004b6   0x000004b6   0x00000000   Code   RO         1738    .ARM.Collect$$rtexit$$00000002  c_w.l(rtexit2.o)
    0x000004b6   0x000004b6   0x00000004   Code   RO         1739    .ARM.Collect$$rtexit$$00000003  c_w.l(rtexit2.o)
    0x000004ba   0x000004ba   0x00000006   Code   RO         1740    .ARM.Collect$$rtexit$$00000004  c_w.l(rtexit2.o)
    0x000004c0   0x000004c0   0x00000000   Code   RO         1597    .emb_text           c_w.l(maybetermalloc1.o)
    0x000004c0   0x000004c0   0x00000038   Code   RO         1253    .text               startup_s32k142.o
    0x000004f8   0x000004f8   0x0000005e   Code   RO         1306    .text               c_w.l(h1_alloc.o)
    0x00000556   0x00000556   0x0000004e   Code   RO         1308    .text               c_w.l(h1_free.o)
    0x000005a4   0x000005a4   0x0000008a   Code   RO         1430    .text               c_w.l(rt_memcpy_v6.o)
    0x0000062e   0x0000062e   0x00000064   Code   RO         1432    .text               c_w.l(rt_memcpy_w.o)
    0x00000692   0x00000692   0x00000010   Code   RO         1434    .text               c_w.l(aeabi_memset.o)
    0x000006a2   0x000006a2   0x00000044   Code   RO         1436    .text               c_w.l(rt_memclr.o)
    0x000006e6   0x000006e6   0x0000004e   Code   RO         1438    .text               c_w.l(rt_memclr_w.o)
    0x00000734   0x00000734   0x00000008   Code   RO         1470    .text               c_w.l(rt_heap_descriptor_intlibspace.o)
    0x0000073c   0x0000073c   0x00000004   Code   RO         1472    .text               c_w.l(hguard.o)
    0x00000740   0x00000740   0x0000008a   Code   RO         1474    .text               c_w.l(init_alloc.o)
    0x000007ca   0x000007ca   0x0000000e   Code   RO         1478    .text               c_w.l(h1_init.o)
    0x000007d8   0x000007d8   0x00000034   Code   RO         1599    .text               c_w.l(h1_extend.o)
    0x0000080c   0x0000080c   0x0000000e   Code   RO         1620    .text               c_w.l(defsig_rtmem_outer.o)
    0x0000081a   0x0000081a   0x00000002   Code   RO         1638    .text               c_w.l(use_no_semi.o)
    0x0000081c   0x0000081c   0x00000000   Code   RO         1640    .text               c_w.l(indicate_semi.o)
    0x0000081c   0x0000081c   0x00000012   Code   RO         1663    .text               c_w.l(exit.o)
    0x0000082e   0x0000082e   0x0000000a   Code   RO         1665    .text               c_w.l(defsig_exit.o)
    0x00000838   0x00000838   0x00000050   Code   RO         1671    .text               c_w.l(defsig_rtmem_inner.o)
    0x00000888   0x00000888   0x0000000c   Code   RO         1701    .text               c_w.l(sys_exit.o)
    0x00000894   0x00000894   0x00000032   Code   RO         1723    .text               c_w.l(defsig_general.o)
    0x000008c6   0x000008c6   0x0000000e   Code   RO         1735    .text               c_w.l(sys_wrch.o)
    0x000008d4   0x000008d4   0x00000010   Code   RO          834    i.CAN0_ORed_0_15_MB_IRQHandler  canbus.o
    0x000008e4   0x000008e4   0x00000010   Code   RO          835    i.CAN0_ORed_16_31_MB_IRQHandler  canbus.o
    0x000008f4   0x000008f4   0x00000050   Code   RO         1153    i.CAN0_Wake_Up_IRQHandler  lowpower.o
    0x00000944   0x00000944   0x00000010   Code   RO          836    i.CAN1_ORed_0_15_MB_IRQHandler  canbus.o
    0x00000954   0x00000954   0x00000178   Code   RO          837    i.Canbus0Init       canbus.o
    0x00000acc   0x00000acc   0x00000028   Code   RO          838    i.Canbus0IrqInit    canbus.o
    0x00000af4   0x00000af4   0x0000017c   Code   RO          839    i.Canbus0Recv       canbus.o
    0x00000c70   0x00000c70   0x000000a4   Code   RO          840    i.Canbus0Send       canbus.o
    0x00000d14   0x00000d14   0x00000180   Code   RO          844    i.Canbus1Recv       canbus.o
    0x00000e94   0x00000e94   0x0000007c   Code   RO          465    i.LPIT0_Ch0_IRQHandler  timer.o
    0x00000f10   0x00000f10   0x0000008c   Code   RO          467    i.LPTMR0_IRQHandler  timer.o
    0x00000f9c   0x00000f9c   0x000000c8   Code   RO          233    i.LPUART0_RxTx_IRQHandler  uart.o
    0x00001064   0x00001064   0x000000c8   Code   RO          234    i.LPUART1_RxTx_IRQHandler  uart.o
    0x0000112c   0x0000112c   0x0000002c   Code   RO          129    i.NormalRUNmode_80MHz  clocks_and_modes.o
    0x00001158   0x00001158   0x00000044   Code   RO          130    i.SOSC_init_8MHz    clocks_and_modes.o
    0x0000119c   0x0000119c   0x00000060   Code   RO          131    i.SPLL_init_160MHz  clocks_and_modes.o
    0x000011fc   0x000011fc   0x00000040   Code   RO         1261    i.SystemInit        system_s32k142.o
    0x0000123c   0x0000123c   0x00000014   Code   RO          562    i.WDOG_EWM_IRQHandler  watchdog.o
    0x00001250   0x00001250   0x0000001c   Code   RO            7    i.WDOG_disable      main.o
    0x0000126c   0x0000126c   0x00000068   Code   RO          849    i.canbusParaInit    canbus.o
    0x000012d4   0x000012d4   0x00000030   Code   RO          340    i.deQueue           nxpqueue.o
    0x00001304   0x00001304   0x0000003a   Code   RO          341    i.deQueueCan        nxpqueue.o
    0x0000133e   0x0000133e   0x00000186   Code   RO            8    i.decode            main.o
    0x000014c4   0x000014c4   0x00000010   Code   RO            9    i.delay             main.o
    0x000014d4   0x000014d4   0x0000003a   Code   RO          344    i.enQueue           nxpqueue.o
    0x0000150e   0x0000150e   0x00000042   Code   RO          345    i.enQueueCan        nxpqueue.o
    0x00001550   0x00001550   0x00000016   Code   RO          346    i.getQueueLen       nxpqueue.o
    0x00001566   0x00001566   0x00000022   Code   RO          348    i.initQueue         nxpqueue.o
    0x00001588   0x00001588   0x00000026   Code   RO          349    i.initQueueCan      nxpqueue.o
    0x000015ae   0x000015ae   0x00000002   PAD
    0x000015b0   0x000015b0   0x00000054   Code   RO         1225    i.init_data_bss     startup.o
    0x00001604   0x00001604   0x00000012   Code   RO          350    i.isEmpityQueue     nxpqueue.o
    0x00001616   0x00001616   0x00000012   Code   RO          351    i.isEmpityQueueCan  nxpqueue.o
    0x00001628   0x00001628   0x0000001e   Code   RO          352    i.isFullQueue       nxpqueue.o
    0x00001646   0x00001646   0x0000001e   Code   RO          353    i.isFullQueueCan    nxpqueue.o
    0x00001664   0x00001664   0x000005be   Code   RO           10    i.main              main.o
    0x00001c22   0x00001c22   0x00000002   PAD
    0x00001c24   0x00001c24   0x00000230   Code   RO          237    i.uartInit          uart.o
    0x00001e54   0x00001e54   0x000000ac   Code   RO          238    i.uartIrqInit       uart.o
    0x00001f00   0x00001f00   0x00000134   Code   RO          240    i.uartReadIrq       uart.o
    0x00002034   0x00002034   0x00000150   Code   RO         1444    x$fpl$dadd          fz_wm.l(daddsub_clz.o)
    0x00002184   0x00002184   0x000002b0   Code   RO         1451    x$fpl$ddiv          fz_wm.l(ddiv.o)
    0x00002434   0x00002434   0x0000005e   Code   RO         1454    x$fpl$dfix          fz_wm.l(dfix.o)
    0x00002492   0x00002492   0x0000002e   Code   RO         1459    x$fpl$dflt          fz_wm.l(dflt_clz.o)
    0x000024c0   0x000024c0   0x00000026   Code   RO         1458    x$fpl$dfltu         fz_wm.l(dflt_clz.o)
    0x000024e6   0x000024e6   0x0000009c   Code   RO         1558    x$fpl$dnaninf       fz_wm.l(dnaninf.o)
    0x00002582   0x00002582   0x0000000c   Code   RO         1560    x$fpl$dretinf       fz_wm.l(dretinf.o)
    0x0000258e   0x0000258e   0x00000002   PAD
    0x00002590   0x00002590   0x000001d4   Code   RO         1446    x$fpl$dsub          fz_wm.l(daddsub_clz.o)
    0x00002764   0x00002764   0x0000000a   Code   RO         1631    x$fpl$fpinit        fz_wm.l(fpinit.o)
    0x0000276e   0x0000276e   0x00000000   Code   RO         1562    x$fpl$usenofp       fz_wm.l(usenofp.o)
    0x0000276e   0x0000276e   0x00000002   PAD
    0x00002770   0x00002770   0x0000000a   Data   RO           11    .constdata          main.o
    0x0000277a   0x0000277a   0x00000002   PAD
    0x0000277c   0x0000277c   0x00000024   Data   RO          246    .constdata          uart.o
    0x000027a0   0x000027a0   0x00000004   Data   RO         1226    .constdata          startup.o
    0x000027a4   0x000027a4   0x00000020   Data   RO         1778    Region$$Table       anon$$obj.o


    Execution Region RW_m_data (Exec base: 0x1fffc000, Load base: 0x000027c4, Size: 0x00001244, Max: 0x00004000, ABSOLUTE)

    Exec Addr    Load Addr    Size         Type   Attr      Idx    E Section Name        Object

    0x1fffc000   0x000027c4   0x00000014   Data   RW           12    .data               main.o
    0x1fffc014   0x000027d8   0x0000002c   Data   RW          247    .data               uart.o
    0x1fffc040   0x00002804   0x00000024   Data   RW          477    .data               timer.o
    0x1fffc064   0x00002828   0x00000048   Data   RW          854    .data               canbus.o
    0x1fffc0ac        -       0x00001040   Zero   RW          245    .bss                uart.o
    0x1fffd0ec        -       0x000000a0   Zero   RW          476    .bss                timer.o
    0x1fffd18c        -       0x00000058   Zero   RW          853    .bss                canbus.o
    0x1fffd1e4        -       0x00000060   Zero   RW         1566    .bss                c_w.l(libspace.o)


    Execution Region ARM_LIB_HEAP (Exec base: 0x1fffd244, Load base: 0x00002870, Size: 0x00000400, Max: 0x00000400, ABSOLUTE)

    Exec Addr    Load Addr    Size         Type   Attr      Idx    E Section Name        Object

    0x1fffd244        -       0x00000400   Zero   RW            1    ARM_LIB_HEAP.bss    anon$$obj.o


    Execution Region RW_m_data_2 (Exec base: 0x20000000, Load base: 0x00002870, Size: 0x00000000, Max: 0x00002800, ABSOLUTE)

    **** No section assigned to this execution region ****


    Execution Region ARM_LIB_STACK (Exec base: 0x20002c00, Load base: 0x00002870, Size: 0x00000400, Max: 0x00000400, ABSOLUTE)

    Exec Addr    Load Addr    Size         Type   Attr      Idx    E Section Name        Object

    0x20002c00        -       0x00000400   Zero   RW            2    ARM_LIB_STACK.bss   anon$$obj.o



  Load Region LR_m_interrupts (Base: 0x00000000, Size: 0x00000400, Max: 0x00000400, ABSOLUTE)

    Execution Region VECTOR_RAM (Exec base: 0x00000000, Load base: 0x00000000, Size: 0x00000000, Max: 0x00000000, ABSOLUTE)

    Exec Addr    Load Addr    Size         Type   Attr      Idx    E Section Name        Object

    0x00000000        -       0x00000000   Zero   RW            3    VECTOR_RAM.bss      anon$$obj.o


    Execution Region VECTOR_ROM (Exec base: 0x00000000, Load base: 0x00000000, Size: 0x00000400, Max: 0x00000400, ABSOLUTE)

    Exec Addr    Load Addr    Size         Type   Attr      Idx    E Section Name        Object

    0x00000000   0x00000000   0x00000400   Data   RO         1251    RESET               startup_s32k142.o



  Load Region LR_m_flash_config (Base: 0x00000400, Size: 0x00000010, Max: 0x00000010, ABSOLUTE)

    Execution Region ER_m_flash_config (Exec base: 0x00000400, Load base: 0x00000400, Size: 0x00000010, Max: 0x00000010, ABSOLUTE)

    Exec Addr    Load Addr    Size         Type   Attr      Idx    E Section Name        Object

    0x00000400   0x00000400   0x00000010   Data   RO         1252    FlashConfig         startup_s32k142.o


==============================================================================

Image component sizes


      Code (inc. data)   RO Data    RW Data    ZI Data      Debug   Object Name

      1496        136          0         72         88       7849   canbus.o
       208         28          0          0          0       1454   clocks_and_modes.o
        80          8          0          0          0       1302   lowpower.o
      1904         36         10         20          0       9206   main.o
       420          0          0          0          0       6825   nxpqueue.o
        84         16          4          0          0       1941   startup.o
        56         18       1040          0          0        844   startup_s32k142.o
        64         16          0          0          0        505   system_s32k142.o
       264         60          0         36        160       2210   timer.o
      1440        220         36         44       4160       5939   uart.o
        20          6          0          0          0        446   watchdog.o

    ----------------------------------------------------------------------
      6040        544       1124        172       6456      38521   Object Totals
         0          0         32          0       2048          0   (incl. Generated)
         4          0          2          0          0          0   (incl. Padding)

    ----------------------------------------------------------------------

      Code (inc. data)   RO Data    RW Data    ZI Data      Debug   Library Member Name

         8          0          0          0          0         68   __main.o
         0          0          0          0          0          0   __rtentry.o
        12          0          0          0          0          0   __rtentry2.o
         8          4          0          0          0          0   __rtentry7.o
        52          8          0          0          0          0   __scatter.o
        26          0          0          0          0          0   __scatter_copy.o
        28          0          0          0          0          0   __scatter_zi.o
        16          0          0          0          0         68   aeabi_memset.o
        10          0          0          0          0         68   defsig_exit.o
        50          0          0          0          0         88   defsig_general.o
        80         58          0          0          0         76   defsig_rtmem_inner.o
        14          0          0          0          0         80   defsig_rtmem_outer.o
        18          0          0          0          0         80   exit.o
        94          0          0          0          0         80   h1_alloc.o
        52          0          0          0          0         68   h1_extend.o
        78          0          0          0          0         80   h1_free.o
        14          0          0          0          0         84   h1_init.o
         4          0          0          0          0        136   hguard.o
         0          0          0          0          0          0   indicate_semi.o
       138          0          0          0          0        168   init_alloc.o
         2          0          0          0          0          0   libinit.o
         6          0          0          0          0          0   libinit2.o
        16          8          0          0          0          0   libinit5.o
         2          0          0          0          0          0   libshutdown.o
         2          0          0          0          0          0   libshutdown2.o
         0          0          0          0         96          0   libspace.o
         0          0          0          0          0          0   maybetermalloc1.o
         8          4          0          0          0         68   rt_heap_descriptor_intlibspace.o
        68          0          0          0          0         68   rt_memclr.o
        78          0          0          0          0         80   rt_memclr_w.o
       138          0          0          0          0         68   rt_memcpy_v6.o
       100          0          0          0          0         80   rt_memcpy_w.o
         2          0          0          0          0          0   rtexit.o
        10          0          0          0          0          0   rtexit2.o
        12          4          0          0          0         68   sys_exit.o
        14          0          0          0          0         76   sys_wrch.o
         2          0          0          0          0         68   use_no_semi.o
       804         16          0          0          0        368   daddsub_clz.o
       688        140          0          0          0        256   ddiv.o
        94          4          0          0          0        140   dfix.o
        84          0          0          0          0        232   dflt_clz.o
       156          4          0          0          0        140   dnaninf.o
        12          0          0          0          0        116   dretinf.o
        10          0          0          0          0        116   fpinit.o
         0          0          0          0          0          0   usenofp.o

    ----------------------------------------------------------------------
      3016        250          0          0         96       3088   Library Totals
         6          0          0          0          0          0   (incl. Padding)

    ----------------------------------------------------------------------

      Code (inc. data)   RO Data    RW Data    ZI Data      Debug   Library Name

      1162         86          0          0         96       1720   c_w.l
      1848        164          0          0          0       1368   fz_wm.l

    ----------------------------------------------------------------------
      3016        250          0          0         96       3088   Library Totals

    ----------------------------------------------------------------------

==============================================================================


      Code (inc. data)   RO Data    RW Data    ZI Data      Debug   

      9056        794       1124        172       6552      36625   Grand Totals
      9056        794       1124        172       6552      36625   ELF Image Totals
      9056        794       1124        172          0          0   ROM Totals

==============================================================================

    Total RO  Size (Code + RO Data)                10180 (   9.94kB)
    Total RW  Size (RW Data + ZI Data)              6724 (   6.57kB)
    Total ROM Size (Code + RO Data + RW Data)      10352 (  10.11kB)

==============================================================================

